Archive member included because of file (symbol)

C:\Users\mosta\AppData\Local\Temp\VMBuilds\BulletCounter\samd21_custom\Debug/core.a(cortex_handlers.c.o)
                              (Reset_Handler)
C:\Users\mosta\AppData\Local\Temp\VMBuilds\BulletCounter\samd21_custom\Debug/core.a(delay.c.o)
                              C:\Users\mosta\AppData\Local\Temp\VMBuilds\BulletCounter\samd21_custom\Debug\BulletCounter.cpp.o (millis)
C:\Users\mosta\AppData\Local\Temp\VMBuilds\BulletCounter\samd21_custom\Debug/core.a(hooks.c.o)
                              C:\Users\mosta\AppData\Local\Temp\VMBuilds\BulletCounter\samd21_custom\Debug/core.a(delay.c.o) (yield)
C:\Users\mosta\AppData\Local\Temp\VMBuilds\BulletCounter\samd21_custom\Debug/core.a(startup.c.o)
                              C:\Users\mosta\AppData\Local\Temp\VMBuilds\BulletCounter\samd21_custom\Debug/core.a(cortex_handlers.c.o) (SystemInit)
C:\Users\mosta\AppData\Local\Temp\VMBuilds\BulletCounter\samd21_custom\Debug/core.a(WInterrupts.c.o)
                              C:\Users\mosta\AppData\Local\Temp\VMBuilds\BulletCounter\samd21_custom\Debug\BulletCounter.cpp.o (attachInterrupt)
C:\Users\mosta\AppData\Local\Temp\VMBuilds\BulletCounter\samd21_custom\Debug/core.a(wiring.c.o)
                              C:\Users\mosta\AppData\Local\Temp\VMBuilds\BulletCounter\samd21_custom\Debug/core.a(startup.c.o) (SystemCoreClock)
C:\Users\mosta\AppData\Local\Temp\VMBuilds\BulletCounter\samd21_custom\Debug/core.a(wiring_analog.c.o)
                              C:\Users\mosta\AppData\Local\Temp\VMBuilds\BulletCounter\samd21_custom\Debug/core.a(wiring.c.o) (analogReference)
C:\Users\mosta\AppData\Local\Temp\VMBuilds\BulletCounter\samd21_custom\Debug/core.a(wiring_digital.c.o)
                              C:\Users\mosta\AppData\Local\Temp\VMBuilds\BulletCounter\samd21_custom\Debug\BulletCounter.cpp.o (pinMode)
C:\Users\mosta\AppData\Local\Temp\VMBuilds\BulletCounter\samd21_custom\Debug/core.a(wiring_private.c.o)
                              C:\Users\mosta\AppData\Local\Temp\VMBuilds\BulletCounter\samd21_custom\Debug\BulletCounter.cpp.o (pinPeripheral)
C:\Users\mosta\AppData\Local\Temp\VMBuilds\BulletCounter\samd21_custom\Debug/core.a(abi.cpp.o)
                              C:\Users\mosta\AppData\Local\Temp\VMBuilds\BulletCounter\samd21_custom\Debug\Wire\Wire.cpp.o (__cxa_pure_virtual)
C:\Users\mosta\AppData\Local\Temp\VMBuilds\BulletCounter\samd21_custom\Debug/core.a(main.cpp.o)
                              c:/users/mosta/appdata/local/arduino15/packages/arduino/tools/arm-none-eabi-gcc/4.8.3-2014q1/bin/../lib/gcc/arm-none-eabi/4.8.3/../../../../arm-none-eabi/lib/armv6-m/crt0.o (main)
C:\Users\mosta\AppData\Local\Temp\VMBuilds\BulletCounter\samd21_custom\Debug/core.a(Print.cpp.o)
                              C:\Users\mosta\AppData\Local\Temp\VMBuilds\BulletCounter\samd21_custom\Debug\Wire\Wire.cpp.o (Print::write(unsigned char const*, unsigned int))
C:\Users\mosta\AppData\Local\Temp\VMBuilds\BulletCounter\samd21_custom\Debug/core.a(Reset.cpp.o)
                              C:\Users\mosta\AppData\Local\Temp\VMBuilds\BulletCounter\samd21_custom\Debug/core.a(delay.c.o) (tickReset)
C:\Users\mosta\AppData\Local\Temp\VMBuilds\BulletCounter\samd21_custom\Debug/core.a(SERCOM.cpp.o)
                              C:\Users\mosta\AppData\Local\Temp\VMBCore\arduino16x\2c9312bc90fd2fda3ff842de83d949cf\variant\variant.cpp.o (SERCOM::SERCOM(Sercom*))
C:\Users\mosta\AppData\Local\Temp\VMBuilds\BulletCounter\samd21_custom\Debug/core.a(Uart.cpp.o)
                              C:\Users\mosta\AppData\Local\Temp\VMBuilds\BulletCounter\samd21_custom\Debug\BulletCounter.cpp.o (Uart::begin(unsigned long))
C:\Users\mosta\AppData\Local\Temp\VMBuilds\BulletCounter\samd21_custom\Debug/core.a(USBCore.cpp.o)
                              C:\Users\mosta\AppData\Local\Temp\VMBuilds\BulletCounter\samd21_custom\Debug/core.a(main.cpp.o) (USBDeviceClass::init())
C:\Users\mosta\AppData\Local\Temp\VMBuilds\BulletCounter\samd21_custom\Debug/core.a(new.cpp.o)
                              C:\Users\mosta\AppData\Local\Temp\VMBuilds\BulletCounter\samd21_custom\Debug/core.a(USBCore.cpp.o) (operator new(unsigned int))
C:\Users\mosta\AppData\Local\Temp\VMBuilds\BulletCounter\samd21_custom\Debug/core.a(CDC.cpp.o)
                              C:\Users\mosta\AppData\Local\Temp\VMBuilds\BulletCounter\samd21_custom\Debug/core.a(USBCore.cpp.o) (CDC_GetInterface(unsigned char*))
C:\Users\mosta\AppData\Local\Temp\VMBuilds\BulletCounter\samd21_custom\Debug/core.a(PluggableUSB.cpp.o)
                              C:\Users\mosta\AppData\Local\Temp\VMBuilds\BulletCounter\samd21_custom\Debug/core.a(USBCore.cpp.o) (PluggableUSB_::getInterface(unsigned char*))
c:/users/mosta/appdata/local/arduino15/packages/arduino/tools/arm-none-eabi-gcc/4.8.3-2014q1/bin/../lib/gcc/arm-none-eabi/4.8.3/../../../../arm-none-eabi/lib/armv6-m\libstdc++_s.a(atexit_arm.o)
[...]
Memory Configuration

Name             Origin             Length             Attributes
FLASH            0x00000000         0x00040000         xr
RAM              0x20000000         0x00008000         xrw
*default*        0x00000000         0xffffffff

Linker script and memory map

LOAD c:/users/mosta/appdata/local/arduino15/packages/arduino/tools/arm-none-eabi-gcc/4.8.3-2014q1/bin/../lib/gcc/arm-none-eabi/4.8.3/armv6-m/crti.o
LOAD c:/users/mosta/appdata/local/arduino15/packages/arduino/tools/arm-none-eabi-gcc/4.8.3-2014q1/bin/../lib/gcc/arm-none-eabi/4.8.3/armv6-m/crtbegin.o
LOAD c:/users/mosta/appdata/local/arduino15/packages/arduino/tools/arm-none-eabi-gcc/4.8.3-2014q1/bin/../lib/gcc/arm-none-eabi/4.8.3/../../../../arm-none-eabi/lib/armv6-m/crt0.o
LOAD C:\Users\mosta\AppData\Local\Temp\VMBuilds\BulletCounter\samd21_custom\Debug\BulletCounter.cpp.o
LOAD C:\Users\mosta\AppData\Local\Temp\VMBuilds\BulletCounter\samd21_custom\Debug\LPF.cpp.o
LOAD C:\Users\mosta\AppData\Local\Temp\VMBuilds\BulletCounter\samd21_custom\Debug\SAMD21Timers.cpp.o
LOAD C:\Users\mosta\AppData\Local\Temp\VMBuilds\BulletCounter\samd21_custom\Debug\Wire\Wire.cpp.o
LOAD C:\Users\mosta\AppData\Local\Temp\VMBuilds\BulletCounter\samd21_custom\Debug\Adafruit_SSD1306-master\Adafruit_SSD1306.cpp.o
LOAD C:\Users\mosta\AppData\Local\Temp\VMBuilds\BulletCounter\samd21_custom\Debug\SPI\SPI.cpp.o
LOAD C:\Users\mosta\AppData\Local\Temp\VMBuilds\BulletCounter\samd21_custom\Debug\Adafruit-GFX-Library-master\glcdfont.c.o
LOAD C:\Users\mosta\AppData\Local\Temp\VMBuilds\BulletCounter\samd21_custom\Debug\Adafruit-GFX-Library-master\Adafruit_GFX.cpp.o
LOAD C:\Users\mosta\AppData\Local\Temp\VMBuilds\BulletCounter\samd21_custom\Debug\Adafruit-GFX-Library-master\Adafruit_SPITFT.cpp.o
LOAD C:\Users\mosta\AppData\Local\Temp\VMBuilds\BulletCounter\samd21_custom\Debug\SparkFun_LSM6DS3_Arduino_Library-master\SparkFunLSM6DS3.cpp.o
LOAD C:\Users\mosta\AppData\Local\Temp\VMBCore\arduino16x\2c9312bc90fd2fda3ff842de83d949cf\variant\variant.cpp.o
START GROUP
LOAD C:\Users\mosta\AppData\Local\arduino15\packages\arduino\tools\CMSIS\4.5.0/CMSIS/Lib/GCC/\libarm_cortexM0l_math.a
LOAD C:\Users\mosta\AppData\Local\Temp\VMBuilds\BulletCounter\samd21_custom\Debug/core.a
END GROUP
LOAD c:/users/mosta/appdata/local/arduino15/packages/arduino/tools/arm-none-eabi-gcc/4.8.3-2014q1/bin/../lib/gcc/arm-none-eabi/4.8.3/../../../../arm-none-eabi/lib/armv6-m\libstdc++_s.a
LOAD c:/users/mosta/appdata/local/arduino15/packages/arduino/tools/arm-none-eabi-gcc/4.8.3-2014q1/bin/../lib/gcc/arm-none-eabi/4.8.3/../../../../arm-none-eabi/lib/armv6-m\libm.a
START GROUP
LOAD c:/users/mosta/appdata/local/arduino15/packages/arduino/tools/arm-none-eabi-gcc/4.8.3-2014q1/bin/../lib/gcc/arm-none-eabi/4.8.3/armv6-m\libgcc.a
LOAD c:/users/mosta/appdata/local/arduino15/packages/arduino/tools/arm-none-eabi-gcc/4.8.3-2014q1/bin/../lib/gcc/arm-none-eabi/4.8.3/../../../../arm-none-eabi/lib/armv6-m\libc_s.a
END GROUP
START GROUP
LOAD c:/users/mosta/appdata/local/arduino15/packages/arduino/tools/arm-none-eabi-gcc/4.8.3-2014q1/bin/../lib/gcc/arm-none-eabi/4.8.3/armv6-m\libgcc.a
LOAD c:/users/mosta/appdata/local/arduino15/packages/arduino/tools/arm-none-eabi-gcc/4.8.3-2014q1/bin/../lib/gcc/arm-none-eabi/4.8.3/../../../../arm-none-eabi/lib/armv6-m\libc_s.a
LOAD c:/users/mosta/appdata/local/arduino15/packages/arduino/tools/arm-none-eabi-gcc/4.8.3-2014q1/bin/../lib/gcc/arm-none-eabi/4.8.3/../../../../arm-none-eabi/lib/armv6-m\libnosys.a
END GROUP
START GROUP
LOAD c:/users/mosta/appdata/local/arduino15/packages/arduino/tools/arm-none-eabi-gcc/4.8.3-2014q1/bin/../lib/gcc/arm-none-eabi/4.8.3/armv6-m\libgcc.a
LOAD c:/users/mosta/appdata/local/arduino15/packages/arduino/tools/arm-none-eabi-gcc/4.8.3-2014q1/bin/../lib/gcc/arm-none-eabi/4.8.3/../../../../arm-none-eabi/lib/armv6-m\libc_s.a
LOAD c:/users/mosta/appdata/local/arduino15/packages/arduino/tools/arm-none-eabi-gcc/4.8.3-2014q1/bin/../lib/gcc/arm-none-eabi/4.8.3/../../../../arm-none-eabi/lib/armv6-m\libnosys.a
END GROUP
LOAD c:/users/mosta/appdata/local/arduino15/packages/arduino/tools/arm-none-eabi-gcc/4.8.3-2014q1/bin/../lib/gcc/arm-none-eabi/4.8.3/armv6-m/crtend.o
LOAD c:/users/mosta/appdata/local/arduino15/packages/arduino/tools/arm-none-eabi-gcc/4.8.3-2014q1/bin/../lib/gcc/arm-none-eabi/4.8.3/armv6-m/crtn.o

.text           0x00000000     0x7018
                0x00000000                __text_start__ = .
 *(.isr_vector)
 .isr_vector    0x00000000       0xb4 C:\Users\mosta\AppData\Local\Temp\VMBuilds\BulletCounter\samd21_custom\Debug/core.a(cortex_handlers.c.o)
                0x00000000                exception_table
 *(.text*)
 .text          0x000000b4       0x60 c:/users/mosta/appdata/local/arduino15/packages/arduino/tools/arm-none-eabi-gcc/4.8.3-2014q1/bin/../lib/gcc/arm-none-eabi/4.8.3/armv6-m/crtbegin.o
 .text.SERCOM1_Handler
                0x00000114       0x10 C:\Users\mosta\AppData\Local\Temp\VMBuilds\BulletCounter\samd21_custom\Debug\BulletCounter.cpp.o
                0x00000114                SERCOM1_Handler
 .text.loop     0x00000124      0x128 C:\Users\mosta\AppData\Local\Temp\VMBuilds\BulletCounter\samd21_custom\Debug\BulletCounter.cpp.o
                0x00000124                loop
 .text.startup._GLOBAL__sub_I_display
                0x0000024c       0x60 C:\Users\mosta\AppData\Local\Temp\VMBuilds\BulletCounter\samd21_custom\Debug\BulletCounter.cpp.o
 .text.setup    0x000002ac       0xa0 C:\Users\mosta\AppData\Local\Temp\VMBuilds\BulletCounter\samd21_custom\Debug\BulletCounter.cpp.o
                0x000002ac                setup
 .text._ZN12SAMD21TimersC2Ehhh
                0x0000034c        0xa C:\Users\mosta\AppData\Local\Temp\VMBuilds\BulletCounter\samd21_custom\Debug\SAMD21Timers.cpp.o
                0x0000034c                SAMD21Timers::SAMD21Timers(unsigned char, unsigned char, unsigned char)
                0x0000034c                SAMD21Timers::SAMD21Timers(unsigned char, unsigned char, unsigned char)
 .text._ZN12SAMD21TimersD2Ev
                0x00000356        0x2 C:\Users\mosta\AppData\Local\Temp\VMBuilds\BulletCounter\samd21_custom\Debug\SAMD21Timers.cpp.o
                0x00000356                SAMD21Timers::~SAMD21Timers()
                0x00000356                SAMD21Timers::~SAMD21Timers()
 .text._ZN5Print17availableForWriteEv
                0x00000358        0x4 C:\Users\mosta\AppData\Local\Temp\VMBuilds\BulletCounter\samd21_custom\Debug\Wire\Wire.cpp.o
                0x00000358                Print::availableForWrite()
 .text._ZN5Print5flushEv
                0x0000035c        0x2 C:\Users\mosta\AppData\Local\Temp\VMBuilds\BulletCounter\samd21_custom\Debug\Wire\Wire.cpp.o
                0x0000035c                Print::flush()
 .text._ZN7TwoWire5writeEPKhj
                0x0000035e       0x24 C:\Users\mosta\AppData\Local\Temp\VMBuilds\BulletCounter\samd21_custom\Debug\Wire\Wire.cpp.o
                0x0000035e                TwoWire::write(unsigned char const*, unsigned int)
 .text._ZN7TwoWire5flushEv
                0x00000382        0x2 C:\Users\mosta\AppData\Local\Temp\VMBuilds\BulletCounter\samd21_custom\Debug\Wire\Wire.cpp.o
                0x00000382                TwoWire::flush()
 .text._ZN7TwoWire4peekEv
                0x00000384       0x1a C:\Users\mosta\AppData\Local\Temp\VMBuilds\BulletCounter\samd21_custom\Debug\Wire\Wire.cpp.o
                0x00000384                TwoWire::peek()
 .text._ZN7TwoWire9availableEv
                0x0000039e       0x12 C:\Users\mosta\AppData\Local\Temp\VMBuilds\BulletCounter\samd21_custom\Debug\Wire\Wire.cpp.o
                0x0000039e                TwoWire::available()
 .text._ZN7TwoWireC2EP6SERCOMhh
                0x000003b0       0x5c C:\Users\mosta\AppData\Local\Temp\VMBuilds\BulletCounter\samd21_custom\Debug\Wire\Wire.cpp.o
                0x000003b0                TwoWire::TwoWire(SERCOM*, unsigned char, unsigned char)
                0x000003b0                TwoWire::TwoWire(SERCOM*, unsigned char, unsigned char)
 .text._ZN7TwoWire5beginEv
                0x0000040c       0x40 C:\Users\mosta\AppData\Local\Temp\VMBuilds\BulletCounter\samd21_custom\Debug\Wire\Wire.cpp.o
                0x0000040c                TwoWire::begin()
 .text._ZN7TwoWire8setClockEm
                0x0000044c       0x1c C:\Users\mosta\AppData\Local\Temp\VMBuilds\BulletCounter\samd21_custom\Debug\Wire\Wire.cpp.o
                0x0000044c                TwoWire::setClock(unsigned long)
 .text._ZN7TwoWire17beginTransmissionEh
                0x00000468       0x18 C:\Users\mosta\AppData\Local\Temp\VMBuilds\BulletCounter\samd21_custom\Debug\Wire\Wire.cpp.o
                0x00000468                TwoWire::beginTransmission(unsigned char)
 .text._ZN11RingBufferNILi256EE10store_charEh
                0x00000480       0x1a C:\Users\mosta\AppData\Local\Temp\VMBuilds\BulletCounter\samd21_custom\Debug\Wire\Wire.cpp.o
                0x00000480                RingBufferN<256>::store_char(unsigned char)
 .text._ZN7TwoWire11requestFromEhjb
                0x0000049a       0x76 C:\Users\mosta\AppData\Local\Temp\VMBuilds\BulletCounter\samd21_custom\Debug\Wire\Wire.cpp.o
                0x0000049a                TwoWire::requestFrom(unsigned char, unsigned int, bool)
 .text._ZN7TwoWire11requestFromEhj
                0x00000510        0xa C:\Users\mosta\AppData\Local\Temp\VMBuilds\BulletCounter\samd21_custom\Debug\Wire\Wire.cpp.o
                0x00000510                TwoWire::requestFrom(unsigned char, unsigned int)
 .text._ZN7TwoWire5writeEh
                0x0000051a       0x2a C:\Users\mosta\AppData\Local\Temp\VMBuilds\BulletCounter\samd21_custom\Debug\Wire\Wire.cpp.o
                0x0000051a                TwoWire::write(unsigned char)
 .text._ZN11RingBufferNILi256EE9read_charEv
                0x00000544       0x20 C:\Users\mosta\AppData\Local\Temp\VMBuilds\BulletCounter\samd21_custom\Debug\Wire\Wire.cpp.o
                0x00000544                RingBufferN<256>::read_char()
 .text._ZN7TwoWire15endTransmissionEb
                0x00000564       0x72 C:\Users\mosta\AppData\Local\Temp\VMBuilds\BulletCounter\samd21_custom\Debug\Wire\Wire.cpp.o
                0x00000564                TwoWire::endTransmission(bool)
 .text._ZN7TwoWire15endTransmissionEv
                0x000005d6        0xa C:\Users\mosta\AppData\Local\Temp\VMBuilds\BulletCounter\samd21_custom\Debug\Wire\Wire.cpp.o
                0x000005d6                TwoWire::endTransmission()
 .text._ZN7TwoWire4readEv
                0x000005e0        0xa C:\Users\mosta\AppData\Local\Temp\VMBuilds\BulletCounter\samd21_custom\Debug\Wire\Wire.cpp.o
                0x000005e0                TwoWire::read()
 .text._ZN7TwoWire9onServiceEv
                0x000005ea      0x11c C:\Users\mosta\AppData\Local\Temp\VMBuilds\BulletCounter\samd21_custom\Debug\Wire\Wire.cpp.o
                0x000005ea                TwoWire::onService()
 *fill*         0x00000706        0x2 
 .text.SERCOM3_Handler
                0x00000708       0x10 C:\Users\mosta\AppData\Local\Temp\VMBuilds\BulletCounter\samd21_custom\Debug\Wire\Wire.cpp.o
                0x00000708                SERCOM3_Handler
 .text.startup._GLOBAL__sub_I__ZN7TwoWireC2EP6SERCOMhh
                0x00000718       0x18 C:\Users\mosta\AppData\Local\Temp\VMBuilds\BulletCounter\samd21_custom\Debug\Wire\Wire.cpp.o
 .text._ZN16Adafruit_SSD130613drawFastHLineEssst
                0x00000730      0x1cc C:\Users\mosta\AppData\Local\Temp\VMBuilds\BulletCounter\samd21_custom\Debug\Adafruit_SSD1306-master\Adafruit_SSD1306.cpp.o
                0x00000730                Adafruit_SSD1306::drawFastHLine(short, short, short, unsigned short)
 .text._ZN16Adafruit_SSD130613drawFastVLineEssst
                0x000008fc      0x1cc C:\Users\mosta\AppData\Local\Temp\VMBuilds\BulletCounter\samd21_custom\Debug\Adafruit_SSD1306-master\Adafruit_SSD1306.cpp.o
                0x000008fc                Adafruit_SSD1306::drawFastVLine(short, short, short, unsigned short)
 .text._ZN16Adafruit_SSD13069drawPixelEsst
                0x00000ac8       0xd4 C:\Users\mosta\AppData\Local\Temp\VMBuilds\BulletCounter\samd21_custom\Debug\Adafruit_SSD1306-master\Adafruit_SSD1306.cpp.o
                0x00000ac8                Adafruit_SSD1306::drawPixel(short, short, unsigned short)
 .text._ZN16Adafruit_SSD1306C2Ea
                0x00000b9c       0x34 C:\Users\mosta\AppData\Local\Temp\VMBuilds\BulletCounter\samd21_custom\Debug\Adafruit_SSD1306-master\Adafruit_SSD1306.cpp.o
                0x00000b9c                Adafruit_SSD1306::Adafruit_SSD1306(signed char)
                0x00000b9c                Adafruit_SSD1306::Adafruit_SSD1306(signed char)
 .text._ZN8SPIClass4initEv
                0x00000bd0       0x12 C:\Users\mosta\AppData\Local\Temp\VMBuilds\BulletCounter\samd21_custom\Debug\SPI\SPI.cpp.o
                0x00000bd0                SPIClass::init()
 .text._ZN8SPIClass6configE11SPISettings
                0x00000be2       0x36 C:\Users\mosta\AppData\Local\Temp\VMBuilds\BulletCounter\samd21_custom\Debug\SPI\SPI.cpp.o
                0x00000be2                SPIClass::config(SPISettings)
 .text._ZN8SPIClass5beginEv
                0x00000c18       0x50 C:\Users\mosta\AppData\Local\Temp\VMBuilds\BulletCounter\samd21_custom\Debug\SPI\SPI.cpp.o
                0x00000c18                SPIClass::begin()
 .text._ZN8SPIClass11setBitOrderE8BitOrder
                0x00000c68       0x14 C:\Users\mosta\AppData\Local\Temp\VMBuilds\BulletCounter\samd21_custom\Debug\SPI\SPI.cpp.o
                0x00000c68                SPIClass::setBitOrder(BitOrder)
 .text._ZN8SPIClass15setClockDividerEh
                0x00000c7c       0x10 C:\Users\mosta\AppData\Local\Temp\VMBuilds\BulletCounter\samd21_custom\Debug\SPI\SPI.cpp.o
                0x00000c7c                SPIClass::setClockDivider(unsigned char)
 .text._ZN8SPIClass8transferEh
                0x00000c8c        0xa C:\Users\mosta\AppData\Local\Temp\VMBuilds\BulletCounter\samd21_custom\Debug\SPI\SPI.cpp.o
                0x00000c8c                SPIClass::transfer(unsigned char)
 *fill*         0x00000c96        0x2 
 .text.startup._GLOBAL__sub_I__ZN8SPIClassC2EP6SERCOMhhh14SercomSpiTXPad11SercomRXPad
                0x00000c98       0x38 C:\Users\mosta\AppData\Local\Temp\VMBuilds\BulletCounter\samd21_custom\Debug\SPI\SPI.cpp.o
 .text._ZN12Adafruit_GFX9writeLineEsssst
                0x00000cd0       0xd4 C:\Users\mosta\AppData\Local\Temp\VMBuilds\BulletCounter\samd21_custom\Debug\Adafruit-GFX-Library-master\Adafruit_GFX.cpp.o
                0x00000cd0                Adafruit_GFX::writeLine(short, short, short, short, unsigned short)
 .text._ZN12Adafruit_GFX10startWriteEv
                0x00000da4        0x2 C:\Users\mosta\AppData\Local\Temp\VMBuilds\BulletCounter\samd21_custom\Debug\Adafruit-GFX-Library-master\Adafruit_GFX.cpp.o
                0x00000da4                Adafruit_GFX::startWrite()
 .text._ZN12Adafruit_GFX10writePixelEsst
                0x00000da6        0xa C:\Users\mosta\AppData\Local\Temp\VMBuilds\BulletCounter\samd21_custom\Debug\Adafruit-GFX-Library-master\Adafruit_GFX.cpp.o
                0x00000da6                Adafruit_GFX::writePixel(short, short, unsigned short)
 .text._ZN12Adafruit_GFX14writeFastVLineEssst
                0x00000db0       0x10 C:\Users\mosta\AppData\Local\Temp\VMBuilds\BulletCounter\samd21_custom\Debug\Adafruit-GFX-Library-master\Adafruit_GFX.cpp.o
                0x00000db0                Adafruit_GFX::writeFastVLine(short, short, short, unsigned short)
 .text._ZN12Adafruit_GFX14writeFastHLineEssst
                0x00000dc0       0x10 C:\Users\mosta\AppData\Local\Temp\VMBuilds\BulletCounter\samd21_custom\Debug\Adafruit-GFX-Library-master\Adafruit_GFX.cpp.o
                0x00000dc0                Adafruit_GFX::writeFastHLine(short, short, short, unsigned short)
 .text._ZN12Adafruit_GFX13writeFillRectEsssst
                0x00000dd0       0x18 C:\Users\mosta\AppData\Local\Temp\VMBuilds\BulletCounter\samd21_custom\Debug\Adafruit-GFX-Library-master\Adafruit_GFX.cpp.o
                0x00000dd0                Adafruit_GFX::writeFillRect(short, short, short, short, unsigned short)
 .text._ZN12Adafruit_GFX8endWriteEv
                0x00000de8        0x2 C:\Users\mosta\AppData\Local\Temp\VMBuilds\BulletCounter\samd21_custom\Debug\Adafruit-GFX-Library-master\Adafruit_GFX.cpp.o
                0x00000de8                Adafruit_GFX::endWrite()
 .text._ZN12Adafruit_GFX13drawFastVLineEssst
                0x00000dea       0x3e C:\Users\mosta\AppData\Local\Temp\VMBuilds\BulletCounter\samd21_custom\Debug\Adafruit-GFX-Library-master\Adafruit_GFX.cpp.o
                0x00000dea                Adafruit_GFX::drawFastVLine(short, short, short, unsigned short)
 .text._ZN12Adafruit_GFX13drawFastHLineEssst
                0x00000e28       0x3c C:\Users\mosta\AppData\Local\Temp\VMBuilds\BulletCounter\samd21_custom\Debug\Adafruit-GFX-Library-master\Adafruit_GFX.cpp.o
                0x00000e28                Adafruit_GFX::drawFastHLine(short, short, short, unsigned short)
 .text._ZN12Adafruit_GFX8fillRectEsssst
                0x00000e64       0x4e C:\Users\mosta\AppData\Local\Temp\VMBuilds\BulletCounter\samd21_custom\Debug\Adafruit-GFX-Library-master\Adafruit_GFX.cpp.o
                0x00000e64                Adafruit_GFX::fillRect(short, short, short, short, unsigned short)
 .text._ZN12Adafruit_GFX10fillScreenEt
                0x00000eb2       0x1a C:\Users\mosta\AppData\Local\Temp\VMBuilds\BulletCounter\samd21_custom\Debug\Adafruit-GFX-Library-master\Adafruit_GFX.cpp.o
                0x00000eb2                Adafruit_GFX::fillScreen(unsigned short)
 .text._ZN12Adafruit_GFX8drawLineEsssst
                0x00000ecc       0x84 C:\Users\mosta\AppData\Local\Temp\VMBuilds\BulletCounter\samd21_custom\Debug\Adafruit-GFX-Library-master\Adafruit_GFX.cpp.o
                0x00000ecc                Adafruit_GFX::drawLine(short, short, short, short, unsigned short)
 .text._ZN12Adafruit_GFX8drawRectEsssst
                0x00000f50       0x84 C:\Users\mosta\AppData\Local\Temp\VMBuilds\BulletCounter\samd21_custom\Debug\Adafruit-GFX-Library-master\Adafruit_GFX.cpp.o
                0x00000f50                Adafruit_GFX::drawRect(short, short, short, short, unsigned short)
 .text._ZN12Adafruit_GFX13invertDisplayEb
                0x00000fd4        0x2 C:\Users\mosta\AppData\Local\Temp\VMBuilds\BulletCounter\samd21_custom\Debug\Adafruit-GFX-Library-master\Adafruit_GFX.cpp.o
                0x00000fd4                Adafruit_GFX::invertDisplay(bool)
 .text._ZN12Adafruit_GFX11setRotationEh
                0x00000fd6       0x1e C:\Users\mosta\AppData\Local\Temp\VMBuilds\BulletCounter\samd21_custom\Debug\Adafruit-GFX-Library-master\Adafruit_GFX.cpp.o
                0x00000fd6                Adafruit_GFX::setRotation(unsigned char)
 .text._ZN12Adafruit_GFXC2Ess
                0x00000ff4       0x30 C:\Users\mosta\AppData\Local\Temp\VMBuilds\BulletCounter\samd21_custom\Debug\Adafruit-GFX-Library-master\Adafruit_GFX.cpp.o
                0x00000ff4                Adafruit_GFX::Adafruit_GFX(short, short)
                0x00000ff4                Adafruit_GFX::Adafruit_GFX(short, short)
 .text._ZN12Adafruit_GFX8drawCharEsshtth
                0x00001024      0x2a4 C:\Users\mosta\AppData\Local\Temp\VMBuilds\BulletCounter\samd21_custom\Debug\Adafruit-GFX-Library-master\Adafruit_GFX.cpp.o
                0x00001024                Adafruit_GFX::drawChar(short, short, unsigned char, unsigned short, unsigned short, unsigned char)
 .text._ZN12Adafruit_GFX5writeEh
                0x000012c8       0xf6 C:\Users\mosta\AppData\Local\Temp\VMBuilds\BulletCounter\samd21_custom\Debug\Adafruit-GFX-Library-master\Adafruit_GFX.cpp.o
                0x000012c8                Adafruit_GFX::write(unsigned char)
 .text._ZNK12Adafruit_GFX11getRotationEv
                0x000013be        0x4 C:\Users\mosta\AppData\Local\Temp\VMBuilds\BulletCounter\samd21_custom\Debug\Adafruit-GFX-Library-master\Adafruit_GFX.cpp.o
                0x000013be                Adafruit_GFX::getRotation() const
 .text._ZNK12Adafruit_GFX5widthEv
                0x000013c2        0x6 C:\Users\mosta\AppData\Local\Temp\VMBuilds\BulletCounter\samd21_custom\Debug\Adafruit-GFX-Library-master\Adafruit_GFX.cpp.o
                0x000013c2                Adafruit_GFX::width() const
 .text._ZNK12Adafruit_GFX6heightEv
                0x000013c8        0x6 C:\Users\mosta\AppData\Local\Temp\VMBuilds\BulletCounter\samd21_custom\Debug\Adafruit-GFX-Library-master\Adafruit_GFX.cpp.o
                0x000013c8                Adafruit_GFX::height() const
 .text._ZN11LSM6DS3CoreC2Ehh
                0x000013ce       0x1a C:\Users\mosta\AppData\Local\Temp\VMBuilds\BulletCounter\samd21_custom\Debug\SparkFun_LSM6DS3_Arduino_Library-master\SparkFunLSM6DS3.cpp.o
                0x000013ce                LSM6DS3Core::LSM6DS3Core(unsigned char, unsigned char)
                0x000013ce                LSM6DS3Core::LSM6DS3Core(unsigned char, unsigned char)
 .text._ZN7LSM6DS3C2Ehh
                0x000013e8       0x50 C:\Users\mosta\AppData\Local\Temp\VMBuilds\BulletCounter\samd21_custom\Debug\SparkFun_LSM6DS3_Arduino_Library-master\SparkFunLSM6DS3.cpp.o
                0x000013e8                LSM6DS3::LSM6DS3(unsigned char, unsigned char)
                0x000013e8                LSM6DS3::LSM6DS3(unsigned char, unsigned char)
 .text._ZN7LSM6DS39calcAccelEs
                0x00001438       0x50 C:\Users\mosta\AppData\Local\Temp\VMBuilds\BulletCounter\samd21_custom\Debug\SparkFun_LSM6DS3_Arduino_Library-master\SparkFunLSM6DS3.cpp.o
                0x00001438                LSM6DS3::calcAccel(short)
 .text._ZN11LSM6DS3Core13writeRegisterEhh
                0x00001488       0x68 C:\Users\mosta\AppData\Local\Temp\VMBuilds\BulletCounter\samd21_custom\Debug\SparkFun_LSM6DS3_Arduino_Library-master\SparkFunLSM6DS3.cpp.o
                0x00001488                LSM6DS3Core::writeRegister(unsigned char, unsigned char)
 .text._ZN11LSM6DS3Core18readRegisterRegionEPhhh
                0x000014f0       0xbc C:\Users\mosta\AppData\Local\Temp\VMBuilds\BulletCounter\samd21_custom\Debug\SparkFun_LSM6DS3_Arduino_Library-master\SparkFunLSM6DS3.cpp.o
                0x000014f0                LSM6DS3Core::readRegisterRegion(unsigned char*, unsigned char, unsigned char)
 .text._ZN11LSM6DS3Core17readRegisterInt16EPsh
                0x000015ac       0x1a C:\Users\mosta\AppData\Local\Temp\VMBuilds\BulletCounter\samd21_custom\Debug\SparkFun_LSM6DS3_Arduino_Library-master\SparkFunLSM6DS3.cpp.o
                0x000015ac                LSM6DS3Core::readRegisterInt16(short*, unsigned char)
 .text._ZN7LSM6DS313readRawAccelXEv
                0x000015c6       0x2c C:\Users\mosta\AppData\Local\Temp\VMBuilds\BulletCounter\samd21_custom\Debug\SparkFun_LSM6DS3_Arduino_Library-master\SparkFunLSM6DS3.cpp.o
                0x000015c6                LSM6DS3::readRawAccelX()
 .text._ZN7LSM6DS315readFloatAccelXEv
                0x000015f2       0x12 C:\Users\mosta\AppData\Local\Temp\VMBuilds\BulletCounter\samd21_custom\Debug\SparkFun_LSM6DS3_Arduino_Library-master\SparkFunLSM6DS3.cpp.o
                0x000015f2                LSM6DS3::readFloatAccelX()
 .text._ZN7LSM6DS313readRawAccelYEv
                0x00001604       0x2c C:\Users\mosta\AppData\Local\Temp\VMBuilds\BulletCounter\samd21_custom\Debug\SparkFun_LSM6DS3_Arduino_Library-master\SparkFunLSM6DS3.cpp.o
                0x00001604                LSM6DS3::readRawAccelY()
 .text._ZN7LSM6DS315readFloatAccelYEv
                0x00001630       0x12 C:\Users\mosta\AppData\Local\Temp\VMBuilds\BulletCounter\samd21_custom\Debug\SparkFun_LSM6DS3_Arduino_Library-master\SparkFunLSM6DS3.cpp.o
                0x00001630                LSM6DS3::readFloatAccelY()
 .text._ZN7LSM6DS313readRawAccelZEv
                0x00001642       0x2c C:\Users\mosta\AppData\Local\Temp\VMBuilds\BulletCounter\samd21_custom\Debug\SparkFun_LSM6DS3_Arduino_Library-master\SparkFunLSM6DS3.cpp.o
                0x00001642                LSM6DS3::readRawAccelZ()
 .text._ZN7LSM6DS315readFloatAccelZEv
                0x0000166e       0x12 C:\Users\mosta\AppData\Local\Temp\VMBuilds\BulletCounter\samd21_custom\Debug\SparkFun_LSM6DS3_Arduino_Library-master\SparkFunLSM6DS3.cpp.o
                0x0000166e                LSM6DS3::readFloatAccelZ()
 .text._ZN11LSM6DS3Core12readRegisterEPhh
                0x00001680       0x94 C:\Users\mosta\AppData\Local\Temp\VMBuilds\BulletCounter\samd21_custom\Debug\SparkFun_LSM6DS3_Arduino_Library-master\SparkFunLSM6DS3.cpp.o
                0x00001680                LSM6DS3Core::readRegister(unsigned char*, unsigned char)
 .text._ZN11LSM6DS3Core9beginCoreEv
                0x00001714       0x80 C:\Users\mosta\AppData\Local\Temp\VMBuilds\BulletCounter\samd21_custom\Debug\SparkFun_LSM6DS3_Arduino_Library-master\SparkFunLSM6DS3.cpp.o
                0x00001714                LSM6DS3Core::beginCore()
 .text._ZN7LSM6DS35beginEP17SensorSettingsIMU
                0x00001794      0x26c C:\Users\mosta\AppData\Local\Temp\VMBuilds\BulletCounter\samd21_custom\Debug\SparkFun_LSM6DS3_Arduino_Library-master\SparkFunLSM6DS3.cpp.o
                0x00001794                LSM6DS3::begin(SensorSettingsIMU*)
 .text.SERCOM0_Handler
                0x00001a00       0x10 C:\Users\mosta\AppData\Local\Temp\VMBCore\arduino16x\2c9312bc90fd2fda3ff842de83d949cf\variant\variant.cpp.o
                0x00001a00                SERCOM0_Handler
 .text.SERCOM5_Handler
                0x00001a10       0x10 C:\Users\mosta\AppData\Local\Temp\VMBCore\arduino16x\2c9312bc90fd2fda3ff842de83d949cf\variant\variant.cpp.o
                0x00001a10                SERCOM5_Handler
 .text.startup._GLOBAL__sub_I_g_APinDescription
                0x00001a20       0x94 C:\Users\mosta\AppData\Local\Temp\VMBCore\arduino16x\2c9312bc90fd2fda3ff842de83d949cf\variant\variant.cpp.o
 .text.Dummy_Handler
                0x00001ab4       0x60 C:\Users\mosta\AppData\Local\Temp\VMBuilds\BulletCounter\samd21_custom\Debug/core.a(cortex_handlers.c.o)
                0x00001ab4                DMAC_Handler
                0x00001ab4                HardFault_Handler
                0x00001ab4                AC_Handler
                0x00001ab4                PendSV_Handler
                0x00001ab4                NMI_Handler
                0x00001ab4                TC7_Handler
                0x00001ab4                ADC_Handler
                0x00001ab4                TCC1_Handler
                0x00001ab4                SERCOM2_Handler
                0x00001ab4                TCC0_Handler
                0x00001ab4                RTC_Handler
                0x00001ab4                TC6_Handler
                0x00001ab4                WDT_Handler
                0x00001ab4                TC4_Handler
                0x00001ab4                TC3_Handler
                0x00001ab4                Dummy_Handler
                0x00001ab4                PM_Handler
                0x00001ab4                SVC_Handler
                0x00001ab4                TCC2_Handler
                0x00001ab4                EVSYS_Handler
                0x00001ab4                SERCOM4_Handler
                0x00001ab4                I2S_Handler
                0x00001ab4                NVMCTRL_Handler
                0x00001ab4                DAC_Handler
                0x00001ab4                PTC_Handler
                0x00001ab4                SYSCTRL_Handler
 .text.USB_Handler
                0x00001b14       0x14 C:\Users\mosta\AppData\Local\Temp\VMBuilds\BulletCounter\samd21_custom\Debug/core.a(cortex_handlers.c.o)
                0x00001b14                USB_Handler
 .text.Reset_Handler
                0x00001b28       0x54 C:\Users\mosta\AppData\Local\Temp\VMBuilds\BulletCounter\samd21_custom\Debug/core.a(cortex_handlers.c.o)
                0x00001b28                Reset_Handler
 .text.SysTick_Handler
                0x00001b7c       0x10 C:\Users\mosta\AppData\Local\Temp\VMBuilds\BulletCounter\samd21_custom\Debug/core.a(cortex_handlers.c.o)
                0x00001b7c                SysTick_Handler
 .text.USB_SetHandler
                0x00001b8c        0xc C:\Users\mosta\AppData\Local\Temp\VMBuilds\BulletCounter\samd21_custom\Debug/core.a(cortex_handlers.c.o)
                0x00001b8c                USB_SetHandler
 .text.millis   0x00001b98        0xc C:\Users\mosta\AppData\Local\Temp\VMBuilds\BulletCounter\samd21_custom\Debug/core.a(delay.c.o)
                0x00001b98                millis
 .text.delay    0x00001ba4       0x20 C:\Users\mosta\AppData\Local\Temp\VMBuilds\BulletCounter\samd21_custom\Debug/core.a(delay.c.o)
                0x00001ba4                delay
 .text.SysTick_DefaultHandler
                0x00001bc4       0x14 C:\Users\mosta\AppData\Local\Temp\VMBuilds\BulletCounter\samd21_custom\Debug/core.a(delay.c.o)
                0x00001bc4                SysTick_DefaultHandler
 .text.__empty  0x00001bd8        0x2 C:\Users\mosta\AppData\Local\Temp\VMBuilds\BulletCounter\samd21_custom\Debug/core.a(hooks.c.o)
                0x00001bd8                yield
 .text.__false  0x00001bda        0x4 C:\Users\mosta\AppData\Local\Temp\VMBuilds\BulletCounter\samd21_custom\Debug/core.a(hooks.c.o)
                0x00001bda                sysTickHook
 *fill*         0x00001bde        0x2 
 .text.SystemInit
                0x00001be0      0x168 C:\Users\mosta\AppData\Local\Temp\VMBuilds\BulletCounter\samd21_custom\Debug/core.a(startup.c.o)
                0x00001be0                SystemInit
 .text.detachInterrupt
                0x00001d48       0x78 C:\Users\mosta\AppData\Local\Temp\VMBuilds\BulletCounter\samd21_custom\Debug/core.a(WInterrupts.c.o)
                0x00001d48                detachInterrupt
 .text.EIC_Handler
                0x00001dc0       0x3c C:\Users\mosta\AppData\Local\Temp\VMBuilds\BulletCounter\samd21_custom\Debug/core.a(WInterrupts.c.o)
                0x00001dc0                EIC_Handler
 .text.init     0x00001dfc       0xf0 C:\Users\mosta\AppData\Local\Temp\VMBuilds\BulletCounter\samd21_custom\Debug/core.a(wiring.c.o)
                0x00001dfc                init
 .text.analogReference
                0x00001eec       0x5c C:\Users\mosta\AppData\Local\Temp\VMBuilds\BulletCounter\samd21_custom\Debug/core.a(wiring_analog.c.o)
                0x00001eec                analogReference
 .text.pinMode  0x00001f48       0xb4 C:\Users\mosta\AppData\Local\Temp\VMBuilds\BulletCounter\samd21_custom\Debug/core.a(wiring_digital.c.o)
                0x00001f48                pinMode
 .text.digitalWrite
                0x00001ffc       0x60 C:\Users\mosta\AppData\Local\Temp\VMBuilds\BulletCounter\samd21_custom\Debug/core.a(wiring_digital.c.o)
                0x00001ffc                digitalWrite
 .text.pinPeripheral
                0x0000205c       0xc4 C:\Users\mosta\AppData\Local\Temp\VMBuilds\BulletCounter\samd21_custom\Debug/core.a(wiring_private.c.o)
                0x0000205c                pinPeripheral
 .text.__cxa_pure_virtual
                0x00002120        0x2 C:\Users\mosta\AppData\Local\Temp\VMBuilds\BulletCounter\samd21_custom\Debug/core.a(abi.cpp.o)
                0x00002120                __cxa_pure_virtual
 .text._Z11initVariantv
                0x00002122        0x2 C:\Users\mosta\AppData\Local\Temp\VMBuilds\BulletCounter\samd21_custom\Debug/core.a(main.cpp.o)
                0x00002122                initVariant()
 .text.startup.main
                0x00002124       0x40 C:\Users\mosta\AppData\Local\Temp\VMBuilds\BulletCounter\samd21_custom\Debug/core.a(main.cpp.o)
                0x00002124                main
 .text._ZN5Print5writeEPKhj
                0x00002164       0x28 C:\Users\mosta\AppData\Local\Temp\VMBuilds\BulletCounter\samd21_custom\Debug/core.a(Print.cpp.o)
                0x00002164                Print::write(unsigned char const*, unsigned int)
 .text._ZN5Print5writeEPKc
                0x0000218c       0x1c C:\Users\mosta\AppData\Local\Temp\VMBuilds\BulletCounter\samd21_custom\Debug/core.a(Print.cpp.o)
                0x0000218c                Print::write(char const*)
 .text._ZN5Print5printEc
                0x000021a8        0xa C:\Users\mosta\AppData\Local\Temp\VMBuilds\BulletCounter\samd21_custom\Debug/core.a(Print.cpp.o)
                0x000021a8                Print::print(char)
 *fill*         0x000021b2        0x2 
 .text._ZN5Print7printlnEv
                0x000021b4       0x10 C:\Users\mosta\AppData\Local\Temp\VMBuilds\BulletCounter\samd21_custom\Debug/core.a(Print.cpp.o)
                0x000021b4                Print::println()
 .text._ZN5Print7printlnEPKc
                0x000021c4       0x14 C:\Users\mosta\AppData\Local\Temp\VMBuilds\BulletCounter\samd21_custom\Debug/core.a(Print.cpp.o)
                0x000021c4                Print::println(char const*)
 .text._ZN5Print11printNumberEmh
                0x000021d8       0x4e C:\Users\mosta\AppData\Local\Temp\VMBuilds\BulletCounter\samd21_custom\Debug/core.a(Print.cpp.o)
                0x000021d8                Print::printNumber(unsigned long, unsigned char)
 *fill*         0x00002226        0x2 
 .text._ZN5Print10printFloatEdh
                0x00002228      0x170 C:\Users\mosta\AppData\Local\Temp\VMBuilds\BulletCounter\samd21_custom\Debug/core.a(Print.cpp.o)
                0x00002228                Print::printFloat(double, unsigned char)
 .text._ZN5Print7printlnEdi
                0x00002398       0x1c C:\Users\mosta\AppData\Local\Temp\VMBuilds\BulletCounter\samd21_custom\Debug/core.a(Print.cpp.o)
                0x00002398                Print::println(double, int)
 .text.initiateReset
                0x000023b4        0xc C:\Users\mosta\AppData\Local\Temp\VMBuilds\BulletCounter\samd21_custom\Debug/core.a(Reset.cpp.o)
                0x000023b4                initiateReset
 .text.cancelReset
                0x000023c0       0x10 C:\Users\mosta\AppData\Local\Temp\VMBuilds\BulletCounter\samd21_custom\Debug/core.a(Reset.cpp.o)
                0x000023c0                cancelReset
 .text.tickReset
                0x000023d0       0x74 C:\Users\mosta\AppData\Local\Temp\VMBuilds\BulletCounter\samd21_custom\Debug/core.a(Reset.cpp.o)
                0x000023d0                tickReset
 .text._ZN6SERCOMC2EP6Sercom
                0x00002444        0x4 C:\Users\mosta\AppData\Local\Temp\VMBuilds\BulletCounter\samd21_custom\Debug/core.a(SERCOM.cpp.o)
                0x00002444                SERCOM::SERCOM(Sercom*)
                0x00002444                SERCOM::SERCOM(Sercom*)
 .text._ZN6SERCOM9initFrameE18SercomUartCharSize15SercomDataOrder16SercomParityMode19SercomNumberStopBit
                0x00002448       0x38 C:\Users\mosta\AppData\Local\Temp\VMBuilds\BulletCounter\samd21_custom\Debug/core.a(SERCOM.cpp.o)
                0x00002448                SERCOM::initFrame(SercomUartCharSize, SercomDataOrder, SercomParityMode, SercomNumberStopBit)
 .text._ZN6SERCOM8initPadsE15SercomUartTXPad11SercomRXPad
                0x00002480       0x26 C:\Users\mosta\AppData\Local\Temp\VMBuilds\BulletCounter\samd21_custom\Debug/core.a(SERCOM.cpp.o)
                0x00002480                SERCOM::initPads(SercomUartTXPad, SercomRXPad)
 .text._ZN6SERCOM9resetUARTEv
                0x000024a6       0x1c C:\Users\mosta\AppData\Local\Temp\VMBuilds\BulletCounter\samd21_custom\Debug/core.a(SERCOM.cpp.o)
                0x000024a6                SERCOM::resetUART()
 .text._ZN6SERCOM10enableUARTEv
                0x000024c2       0x14 C:\Users\mosta\AppData\Local\Temp\VMBuilds\BulletCounter\samd21_custom\Debug/core.a(SERCOM.cpp.o)
                0x000024c2                SERCOM::enableUART()
 *fill*         0x000024d6        0x2 
 .text._ZN6SERCOM9flushUARTEv
                0x000024d8       0x2c C:\Users\mosta\AppData\Local\Temp\VMBuilds\BulletCounter\samd21_custom\Debug/core.a(SERCOM.cpp.o)
                0x000024d8                SERCOM::flushUART()
 .text._ZN6SERCOM15clearStatusUARTEv
                0x00002504        0x8 C:\Users\mosta\AppData\Local\Temp\VMBuilds\BulletCounter\samd21_custom\Debug/core.a(SERCOM.cpp.o)
                0x00002504                SERCOM::clearStatusUART()
 .text._ZN6SERCOM17availableDataUARTEv
                0x0000250c        0xa C:\Users\mosta\AppData\Local\Temp\VMBuilds\BulletCounter\samd21_custom\Debug/core.a(SERCOM.cpp.o)
                0x0000250c                SERCOM::availableDataUART()
 .text._ZN6SERCOM11isUARTErrorEv
                0x00002516        0x8 C:\Users\mosta\AppData\Local\Temp\VMBuilds\BulletCounter\samd21_custom\Debug/core.a(SERCOM.cpp.o)
                0x00002516                SERCOM::isUARTError()
 .text._ZN6SERCOM20acknowledgeUARTErrorEv
                0x0000251e        0xe C:\Users\mosta\AppData\Local\Temp\VMBuilds\BulletCounter\samd21_custom\Debug/core.a(SERCOM.cpp.o)
                0x0000251e                SERCOM::acknowledgeUARTError()
 .text._ZN6SERCOM16isFrameErrorUARTEv
                0x0000252c        0xa C:\Users\mosta\AppData\Local\Temp\VMBuilds\BulletCounter\samd21_custom\Debug/core.a(SERCOM.cpp.o)
                0x0000252c                SERCOM::isFrameErrorUART()
 .text._ZN6SERCOM19clearFrameErrorUARTEv
                0x00002536        0xc C:\Users\mosta\AppData\Local\Temp\VMBuilds\BulletCounter\samd21_custom\Debug/core.a(SERCOM.cpp.o)
                0x00002536                SERCOM::clearFrameErrorUART()
 .text._ZN6SERCOM23isDataRegisterEmptyUARTEv
                0x00002542        0xa C:\Users\mosta\AppData\Local\Temp\VMBuilds\BulletCounter\samd21_custom\Debug/core.a(SERCOM.cpp.o)
                0x00002542                SERCOM::isDataRegisterEmptyUART()
 .text._ZN6SERCOM12readDataUARTEv
                0x0000254c        0x8 C:\Users\mosta\AppData\Local\Temp\VMBuilds\BulletCounter\samd21_custom\Debug/core.a(SERCOM.cpp.o)
                0x0000254c                SERCOM::readDataUART()
 .text._ZN6SERCOM13writeDataUARTEh
                0x00002554        0xe C:\Users\mosta\AppData\Local\Temp\VMBuilds\BulletCounter\samd21_custom\Debug/core.a(SERCOM.cpp.o)
                0x00002554                SERCOM::writeDataUART(unsigned char)
 .text._ZN6SERCOM36enableDataRegisterEmptyInterruptUARTEv
                0x00002562        0x8 C:\Users\mosta\AppData\Local\Temp\VMBuilds\BulletCounter\samd21_custom\Debug/core.a(SERCOM.cpp.o)
                0x00002562                SERCOM::enableDataRegisterEmptyInterruptUART()
 .text._ZN6SERCOM37disableDataRegisterEmptyInterruptUARTEv
                0x0000256a        0x8 C:\Users\mosta\AppData\Local\Temp\VMBuilds\BulletCounter\samd21_custom\Debug/core.a(SERCOM.cpp.o)
                0x0000256a                SERCOM::disableDataRegisterEmptyInterruptUART()
 *fill*         0x00002572        0x2 
 .text._ZN6SERCOM12initSPIClockE18SercomSpiClockModem
                0x00002574       0x30 C:\Users\mosta\AppData\Local\Temp\VMBuilds\BulletCounter\samd21_custom\Debug/core.a(SERCOM.cpp.o)
                0x00002574                SERCOM::initSPIClock(SercomSpiClockMode, unsigned long)
 .text._ZN6SERCOM8resetSPIEv
                0x000025a4       0x1c C:\Users\mosta\AppData\Local\Temp\VMBuilds\BulletCounter\samd21_custom\Debug/core.a(SERCOM.cpp.o)
                0x000025a4                SERCOM::resetSPI()
 .text._ZN6SERCOM9enableSPIEv
                0x000025c0       0x14 C:\Users\mosta\AppData\Local\Temp\VMBuilds\BulletCounter\samd21_custom\Debug/core.a(SERCOM.cpp.o)
                0x000025c0                SERCOM::enableSPI()
 .text._ZN6SERCOM10disableSPIEv
                0x000025d4       0x12 C:\Users\mosta\AppData\Local\Temp\VMBuilds\BulletCounter\samd21_custom\Debug/core.a(SERCOM.cpp.o)
                0x000025d4                SERCOM::disableSPI()
 *fill*         0x000025e6        0x2 
 .text._ZN6SERCOM15setDataOrderSPIE15SercomDataOrder
                0x000025e8       0x28 C:\Users\mosta\AppData\Local\Temp\VMBuilds\BulletCounter\samd21_custom\Debug/core.a(SERCOM.cpp.o)
                0x000025e8                SERCOM::setDataOrderSPI(SercomDataOrder)
 .text._ZN6SERCOM14setBaudrateSPIEh
                0x00002610       0x30 C:\Users\mosta\AppData\Local\Temp\VMBuilds\BulletCounter\samd21_custom\Debug/core.a(SERCOM.cpp.o)
                0x00002610                SERCOM::setBaudrateSPI(unsigned char)
 .text._ZN6SERCOM15transferDataSPIEh
                0x00002640       0x1a C:\Users\mosta\AppData\Local\Temp\VMBuilds\BulletCounter\samd21_custom\Debug/core.a(SERCOM.cpp.o)
                0x00002640                SERCOM::transferDataSPI(unsigned char)
 .text._ZN6SERCOM9resetWIREEv
                0x0000265a       0x1c C:\Users\mosta\AppData\Local\Temp\VMBuilds\BulletCounter\samd21_custom\Debug/core.a(SERCOM.cpp.o)
                0x0000265a                SERCOM::resetWIRE()
 .text._ZN6SERCOM10enableWIREEv
                0x00002676       0x28 C:\Users\mosta\AppData\Local\Temp\VMBuilds\BulletCounter\samd21_custom\Debug/core.a(SERCOM.cpp.o)
                0x00002676                SERCOM::enableWIRE()
 .text._ZN6SERCOM11disableWIREEv
                0x0000269e       0x14 C:\Users\mosta\AppData\Local\Temp\VMBuilds\BulletCounter\samd21_custom\Debug/core.a(SERCOM.cpp.o)
                0x0000269e                SERCOM::disableWIRE()
 .text._ZN6SERCOM18prepareNackBitWIREEv
                0x000026b2       0x10 C:\Users\mosta\AppData\Local\Temp\VMBuilds\BulletCounter\samd21_custom\Debug/core.a(SERCOM.cpp.o)
                0x000026b2                SERCOM::prepareNackBitWIRE()
 *fill*         0x000026c2        0x2 
 .text._ZN6SERCOM17prepareAckBitWIREEv
                0x000026c4       0x14 C:\Users\mosta\AppData\Local\Temp\VMBuilds\BulletCounter\samd21_custom\Debug/core.a(SERCOM.cpp.o)
                0x000026c4                SERCOM::prepareAckBitWIRE()
 .text._ZN6SERCOM22prepareCommandBitsWireEh
                0x000026d8       0x2c C:\Users\mosta\AppData\Local\Temp\VMBuilds\BulletCounter\samd21_custom\Debug/core.a(SERCOM.cpp.o)
                0x000026d8                SERCOM::prepareCommandBitsWire(unsigned char)
 .text._ZN6SERCOM21startTransmissionWIREEh23SercomWireReadWriteFlag
                0x00002704       0x5e C:\Users\mosta\AppData\Local\Temp\VMBuilds\BulletCounter\samd21_custom\Debug/core.a(SERCOM.cpp.o)
                0x00002704                SERCOM::startTransmissionWIRE(unsigned char, SercomWireReadWriteFlag)
 .text._ZN6SERCOM18sendDataMasterWIREEh
                0x00002762       0x22 C:\Users\mosta\AppData\Local\Temp\VMBuilds\BulletCounter\samd21_custom\Debug/core.a(SERCOM.cpp.o)
                0x00002762                SERCOM::sendDataMasterWIRE(unsigned char)
 .text._ZN6SERCOM17sendDataSlaveWIREEh
                0x00002784       0x1a C:\Users\mosta\AppData\Local\Temp\VMBuilds\BulletCounter\samd21_custom\Debug/core.a(SERCOM.cpp.o)
                0x00002784                SERCOM::sendDataSlaveWIRE(unsigned char)
 .text._ZN6SERCOM11isSlaveWIREEv
                0x0000279e       0x12 C:\Users\mosta\AppData\Local\Temp\VMBuilds\BulletCounter\samd21_custom\Debug/core.a(SERCOM.cpp.o)
                0x0000279e                SERCOM::isSlaveWIRE()
 .text._ZN6SERCOM15isDataReadyWIREEv
                0x000027b0        0xa C:\Users\mosta\AppData\Local\Temp\VMBuilds\BulletCounter\samd21_custom\Debug/core.a(SERCOM.cpp.o)
                0x000027b0                SERCOM::isDataReadyWIRE()
 .text._ZN6SERCOM18isStopDetectedWIREEv
                0x000027ba        0xa C:\Users\mosta\AppData\Local\Temp\VMBuilds\BulletCounter\samd21_custom\Debug/core.a(SERCOM.cpp.o)
                0x000027ba                SERCOM::isStopDetectedWIRE()
 .text._ZN6SERCOM21isRestartDetectedWIREEv
                0x000027c4        0xa C:\Users\mosta\AppData\Local\Temp\VMBuilds\BulletCounter\samd21_custom\Debug/core.a(SERCOM.cpp.o)
                0x000027c4                SERCOM::isRestartDetectedWIRE()
 .text._ZN6SERCOM14isAddressMatchEv
                0x000027ce        0xa C:\Users\mosta\AppData\Local\Temp\VMBuilds\BulletCounter\samd21_custom\Debug/core.a(SERCOM.cpp.o)
                0x000027ce                SERCOM::isAddressMatch()
 .text._ZN6SERCOM25isMasterReadOperationWIREEv
                0x000027d8        0xa C:\Users\mosta\AppData\Local\Temp\VMBuilds\BulletCounter\samd21_custom\Debug/core.a(SERCOM.cpp.o)
                0x000027d8                SERCOM::isMasterReadOperationWIRE()
 .text._ZN6SERCOM12readDataWIREEv
                0x000027e2       0x1a C:\Users\mosta\AppData\Local\Temp\VMBuilds\BulletCounter\samd21_custom\Debug/core.a(SERCOM.cpp.o)
                0x000027e2                SERCOM::readDataWIRE()
 .text._ZN6SERCOM13initClockNVICEv
                0x000027fc       0xac C:\Users\mosta\AppData\Local\Temp\VMBuilds\BulletCounter\samd21_custom\Debug/core.a(SERCOM.cpp.o)
                0x000027fc                SERCOM::initClockNVIC()
 .text._ZN6SERCOM8initUARTE14SercomUartMode20SercomUartSampleRatem
                0x000028a8       0x6c C:\Users\mosta\AppData\Local\Temp\VMBuilds\BulletCounter\samd21_custom\Debug/core.a(SERCOM.cpp.o)
                0x000028a8                SERCOM::initUART(SercomUartMode, SercomUartSampleRate, unsigned long)
 .text._ZN6SERCOM7initSPIE14SercomSpiTXPad11SercomRXPad17SercomSpiCharSize15SercomDataOrder
                0x00002914       0x48 C:\Users\mosta\AppData\Local\Temp\VMBuilds\BulletCounter\samd21_custom\Debug/core.a(SERCOM.cpp.o)
                0x00002914                SERCOM::initSPI(SercomSpiTXPad, SercomRXPad, SercomSpiCharSize, SercomDataOrder)
 .text._ZN6SERCOM14initMasterWIREEm
                0x0000295c       0x54 C:\Users\mosta\AppData\Local\Temp\VMBuilds\BulletCounter\samd21_custom\Debug/core.a(SERCOM.cpp.o)
                0x0000295c                SERCOM::initMasterWIRE(unsigned long)
 .text._ZN4UartcvbEv
                0x000029b0        0x4 C:\Users\mosta\AppData\Local\Temp\VMBuilds\BulletCounter\samd21_custom\Debug/core.a(Uart.cpp.o)
                0x000029b0                Uart::operator bool()
 .text._ZN4Uart5beginEm
                0x000029b4       0x10 C:\Users\mosta\AppData\Local\Temp\VMBuilds\BulletCounter\samd21_custom\Debug/core.a(Uart.cpp.o)
                0x000029b4                Uart::begin(unsigned long)
 .text._ZN4Uart4peekEv
                0x000029c4       0x1a C:\Users\mosta\AppData\Local\Temp\VMBuilds\BulletCounter\samd21_custom\Debug/core.a(Uart.cpp.o)
                0x000029c4                Uart::peek()
 .text._ZN4Uart3endEv
                0x000029de       0x20 C:\Users\mosta\AppData\Local\Temp\VMBuilds\BulletCounter\samd21_custom\Debug/core.a(Uart.cpp.o)
                0x000029de                Uart::end()
 *fill*         0x000029fe        0x2 
 .text._ZN4UartC2EP6SERCOMhh11SercomRXPad15SercomUartTXPadhh
                0x00002a00       0xa4 C:\Users\mosta\AppData\Local\Temp\VMBuilds\BulletCounter\samd21_custom\Debug/core.a(Uart.cpp.o)
                0x00002a00                Uart::Uart(SERCOM*, unsigned char, unsigned char, SercomRXPad, SercomUartTXPad, unsigned char, unsigned char)
                0x00002a00                Uart::Uart(SERCOM*, unsigned char, unsigned char, SercomRXPad, SercomUartTXPad, unsigned char, unsigned char)
 .text._ZN4UartC2EP6SERCOMhh11SercomRXPad15SercomUartTXPad
                0x00002aa4       0x24 C:\Users\mosta\AppData\Local\Temp\VMBuilds\BulletCounter\samd21_custom\Debug/core.a(Uart.cpp.o)
                0x00002aa4                Uart::Uart(SERCOM*, unsigned char, unsigned char, SercomRXPad, SercomUartTXPad)
                0x00002aa4                Uart::Uart(SERCOM*, unsigned char, unsigned char, SercomRXPad, SercomUartTXPad)
 .text._ZN4Uart16extractNbStopBitEt
                0x00002ac8        0xe C:\Users\mosta\AppData\Local\Temp\VMBuilds\BulletCounter\samd21_custom\Debug/core.a(Uart.cpp.o)
                0x00002ac8                Uart::extractNbStopBit(unsigned short)
 .text._ZN4Uart15extractCharSizeEt
                0x00002ad6       0x2c C:\Users\mosta\AppData\Local\Temp\VMBuilds\BulletCounter\samd21_custom\Debug/core.a(Uart.cpp.o)
                0x00002ad6                Uart::extractCharSize(unsigned short)
 .text._ZN4Uart13extractParityEt
                0x00002b02       0x18 C:\Users\mosta\AppData\Local\Temp\VMBuilds\BulletCounter\samd21_custom\Debug/core.a(Uart.cpp.o)
                0x00002b02                Uart::extractParity(unsigned short)
 *fill*         0x00002b1a        0x2 
 .text._ZN4Uart5beginEmt
                0x00002b1c       0xf8 C:\Users\mosta\AppData\Local\Temp\VMBuilds\BulletCounter\samd21_custom\Debug/core.a(Uart.cpp.o)
                0x00002b1c                Uart::begin(unsigned long, unsigned short)
 .text._ZN11RingBufferNILi256EE9availableEv
                0x00002c14       0x12 C:\Users\mosta\AppData\Local\Temp\VMBuilds\BulletCounter\samd21_custom\Debug/core.a(Uart.cpp.o)
                0x00002c14                RingBufferN<256>::available()
 *fill*         0x00002c26        0x2 
 .text._ZN4Uart5flushEv
                0x00002c28       0x30 C:\Users\mosta\AppData\Local\Temp\VMBuilds\BulletCounter\samd21_custom\Debug/core.a(Uart.cpp.o)
                0x00002c28                Uart::flush()
 .text._ZN4Uart9availableEv
                0x00002c58        0xa C:\Users\mosta\AppData\Local\Temp\VMBuilds\BulletCounter\samd21_custom\Debug/core.a(Uart.cpp.o)
                0x00002c58                Uart::available()
 .text._ZN11RingBufferNILi256EE17availableForStoreEv
                0x00002c62       0x1e C:\Users\mosta\AppData\Local\Temp\VMBuilds\BulletCounter\samd21_custom\Debug/core.a(Uart.cpp.o)
                0x00002c62                RingBufferN<256>::availableForStore()
 .text._ZN4Uart17availableForWriteEv
                0x00002c80        0xc C:\Users\mosta\AppData\Local\Temp\VMBuilds\BulletCounter\samd21_custom\Debug/core.a(Uart.cpp.o)
                0x00002c80                Uart::availableForWrite()
 .text._ZN4Uart10IrqHandlerEv
                0x00002c8c       0xc8 C:\Users\mosta\AppData\Local\Temp\VMBuilds\BulletCounter\samd21_custom\Debug/core.a(Uart.cpp.o)
                0x00002c8c                Uart::IrqHandler()
 .text._ZN4Uart5writeEh
                0x00002d54       0xb4 C:\Users\mosta\AppData\Local\Temp\VMBuilds\BulletCounter\samd21_custom\Debug/core.a(Uart.cpp.o)
                0x00002d54                Uart::write(unsigned char)
 .text._ZN4Uart4readEv
                0x00002e08       0x4c C:\Users\mosta\AppData\Local\Temp\VMBuilds\BulletCounter\samd21_custom\Debug/core.a(Uart.cpp.o)
                0x00002e08                Uart::read()
 .text._ZL5utox8mPc
                0x00002e54       0x1c C:\Users\mosta\AppData\Local\Temp\VMBuilds\BulletCounter\samd21_custom\Debug/core.a(USBCore.cpp.o)
 .text._ZN26DoubleBufferedEPOutHandlerD2Ev
                0x00002e70       0x1c C:\Users\mosta\AppData\Local\Temp\VMBuilds\BulletCounter\samd21_custom\Debug/core.a(USBCore.cpp.o)
                0x00002e70                DoubleBufferedEPOutHandler::~DoubleBufferedEPOutHandler()
                0x00002e70                DoubleBufferedEPOutHandler::~DoubleBufferedEPOutHandler()
 .text._ZN26DoubleBufferedEPOutHandlerD0Ev
                0x00002e8c       0x12 C:\Users\mosta\AppData\Local\Temp\VMBuilds\BulletCounter\samd21_custom\Debug/core.a(USBCore.cpp.o)
                0x00002e8c                DoubleBufferedEPOutHandler::~DoubleBufferedEPOutHandler()
 *fill*         0x00002e9e        0x2 
 .text._ZN14USBDeviceClass6initEPEmm.part.4
                0x00002ea0       0xc8 C:\Users\mosta\AppData\Local\Temp\VMBuilds\BulletCounter\samd21_custom\Debug/core.a(USBCore.cpp.o)
 .text._ZN20USBDevice_SAMD21G18x5resetEv
                0x00002f68       0x28 C:\Users\mosta\AppData\Local\Temp\VMBuilds\BulletCounter\samd21_custom\Debug/core.a(USBCore.cpp.o)
                0x00002f68                USBDevice_SAMD21G18x::reset()
 .text._ZN20USBDevice_SAMD21G18x9calibrateEv
                0x00002f90       0x5c C:\Users\mosta\AppData\Local\Temp\VMBuilds\BulletCounter\samd21_custom\Debug/core.a(USBCore.cpp.o)
                0x00002f90                USBDevice_SAMD21G18x::calibrate()
 .text._ZN7__GuardC2Ev
                0x00002fec        0xe C:\Users\mosta\AppData\Local\Temp\VMBuilds\BulletCounter\samd21_custom\Debug/core.a(USBCore.cpp.o)
                0x00002fec                __Guard::__Guard()
                0x00002fec                __Guard::__Guard()
 .text._ZN7__GuardD2Ev
                0x00002ffa        0xe C:\Users\mosta\AppData\Local\Temp\VMBuilds\BulletCounter\samd21_custom\Debug/core.a(USBCore.cpp.o)
                0x00002ffa                __Guard::~__Guard()
                0x00002ffa                __Guard::~__Guard()
 .text._ZNK26DoubleBufferedEPOutHandler9availableEv
                0x00003008       0x5e C:\Users\mosta\AppData\Local\Temp\VMBuilds\BulletCounter\samd21_custom\Debug/core.a(USBCore.cpp.o)
                0x00003008                DoubleBufferedEPOutHandler::available() const
 *fill*         0x00003066        0x2 
 .text._ZN26DoubleBufferedEPOutHandler7releaseEv
                0x00003068       0x58 C:\Users\mosta\AppData\Local\Temp\VMBuilds\BulletCounter\samd21_custom\Debug/core.a(USBCore.cpp.o)
                0x00003068                DoubleBufferedEPOutHandler::release()
 .text._ZN26DoubleBufferedEPOutHandler4recvEPvm
                0x000030c0      0x11c C:\Users\mosta\AppData\Local\Temp\VMBuilds\BulletCounter\samd21_custom\Debug/core.a(USBCore.cpp.o)
                0x000030c0                DoubleBufferedEPOutHandler::recv(void*, unsigned long)
 .text._ZN26DoubleBufferedEPOutHandler14handleEndpointEv
                0x000031dc       0xc8 C:\Users\mosta\AppData\Local\Temp\VMBuilds\BulletCounter\samd21_custom\Debug/core.a(USBCore.cpp.o)
                0x000031dc                DoubleBufferedEPOutHandler::handleEndpoint()
 .text._ZN14USBDeviceClass14SendInterfacesEPm
                0x000032a4       0x2c C:\Users\mosta\AppData\Local\Temp\VMBuilds\BulletCounter\samd21_custom\Debug/core.a(USBCore.cpp.o)
                0x000032a4                USBDeviceClass::SendInterfaces(unsigned long*)
 .text._ZN14USBDeviceClass14handleEndpointEh
                0x000032d0       0x40 C:\Users\mosta\AppData\Local\Temp\VMBuilds\BulletCounter\samd21_custom\Debug/core.a(USBCore.cpp.o)
                0x000032d0                USBDeviceClass::handleEndpoint(unsigned char)
 .text._ZN14USBDeviceClass4initEv
                0x00003310       0xf0 C:\Users\mosta\AppData\Local\Temp\VMBuilds\BulletCounter\samd21_custom\Debug/core.a(USBCore.cpp.o)
                0x00003310                USBDeviceClass::init()
 .text._ZN14USBDeviceClass6attachEv
                0x00003400       0x34 C:\Users\mosta\AppData\Local\Temp\VMBuilds\BulletCounter\samd21_custom\Debug/core.a(USBCore.cpp.o)
                0x00003400                USBDeviceClass::attach()
 .text._ZN14USBDeviceClass10setAddressEm
                0x00003434       0x48 C:\Users\mosta\AppData\Local\Temp\VMBuilds\BulletCounter\samd21_custom\Debug/core.a(USBCore.cpp.o)
                0x00003434                USBDeviceClass::setAddress(unsigned long)
 .text._ZN14USBDeviceClass25handleClassInterfaceSetupER8USBSetup
                0x0000347c       0x40 C:\Users\mosta\AppData\Local\Temp\VMBuilds\BulletCounter\samd21_custom\Debug/core.a(USBCore.cpp.o)
                0x0000347c                USBDeviceClass::handleClassInterfaceSetup(USBSetup&)
 .text._ZN14USBDeviceClass6initEPEmm
                0x000034bc       0xf8 C:\Users\mosta\AppData\Local\Temp\VMBuilds\BulletCounter\samd21_custom\Debug/core.a(USBCore.cpp.o)
                0x000034bc                USBDeviceClass::initEP(unsigned long, unsigned long)
 .text._ZN14USBDeviceClass13initEndpointsEv
                0x000035b4       0x24 C:\Users\mosta\AppData\Local\Temp\VMBuilds\BulletCounter\samd21_custom\Debug/core.a(USBCore.cpp.o)
                0x000035b4                USBDeviceClass::initEndpoints()
 .text._ZN14USBDeviceClass9availableEm
                0x000035d8       0x2c C:\Users\mosta\AppData\Local\Temp\VMBuilds\BulletCounter\samd21_custom\Debug/core.a(USBCore.cpp.o)
                0x000035d8                USBDeviceClass::available(unsigned long)
 .text._ZN14USBDeviceClass5flushEm
                0x00003604       0x2c C:\Users\mosta\AppData\Local\Temp\VMBuilds\BulletCounter\samd21_custom\Debug/core.a(USBCore.cpp.o)
                0x00003604                USBDeviceClass::flush(unsigned long)
 .text._ZN14USBDeviceClass14armRecvCtrlOUTEm
                0x00003630       0x60 C:\Users\mosta\AppData\Local\Temp\VMBuilds\BulletCounter\samd21_custom\Debug/core.a(USBCore.cpp.o)
                0x00003630                USBDeviceClass::armRecvCtrlOUT(unsigned long)
 .text._ZN14USBDeviceClass11recvControlEPvm
                0x00003690       0x3c C:\Users\mosta\AppData\Local\Temp\VMBuilds\BulletCounter\samd21_custom\Debug/core.a(USBCore.cpp.o)
                0x00003690                USBDeviceClass::recvControl(void*, unsigned long)
 .text._ZN14USBDeviceClass7armRecvEm
                0x000036cc       0x3c C:\Users\mosta\AppData\Local\Temp\VMBuilds\BulletCounter\samd21_custom\Debug/core.a(USBCore.cpp.o)
                0x000036cc                USBDeviceClass::armRecv(unsigned long)
 .text._ZN14USBDeviceClass4recvEmPvm
                0x00003708       0xd8 C:\Users\mosta\AppData\Local\Temp\VMBuilds\BulletCounter\samd21_custom\Debug/core.a(USBCore.cpp.o)
                0x00003708                USBDeviceClass::recv(unsigned long, void*, unsigned long)
 .text._ZN14USBDeviceClass4recvEm
                0x000037e0       0x1c C:\Users\mosta\AppData\Local\Temp\VMBuilds\BulletCounter\samd21_custom\Debug/core.a(USBCore.cpp.o)
                0x000037e0                USBDeviceClass::recv(unsigned long)
 .text._ZN14USBDeviceClass4sendEmPKvm
                0x000037fc      0x124 C:\Users\mosta\AppData\Local\Temp\VMBuilds\BulletCounter\samd21_custom\Debug/core.a(USBCore.cpp.o)
                0x000037fc                USBDeviceClass::send(unsigned long, void const*, unsigned long)
 .text._ZN14USBDeviceClass7armSendEmPKvm
                0x00003920       0x48 C:\Users\mosta\AppData\Local\Temp\VMBuilds\BulletCounter\samd21_custom\Debug/core.a(USBCore.cpp.o)
                0x00003920                USBDeviceClass::armSend(unsigned long, void const*, unsigned long)
 .text._ZN14USBDeviceClass11sendControlEPKvm
                0x00003968       0x58 C:\Users\mosta\AppData\Local\Temp\VMBuilds\BulletCounter\samd21_custom\Debug/core.a(USBCore.cpp.o)
                0x00003968                USBDeviceClass::sendControl(void const*, unsigned long)
 .text._ZN14USBDeviceClass20sendStringDescriptorEPKhh
                0x000039c0       0x68 C:\Users\mosta\AppData\Local\Temp\VMBuilds\BulletCounter\samd21_custom\Debug/core.a(USBCore.cpp.o)
                0x000039c0                USBDeviceClass::sendStringDescriptor(unsigned char const*, unsigned char)
 .text._ZN14USBDeviceClass12packMessagesEb.part.6
                0x00003a28       0x20 C:\Users\mosta\AppData\Local\Temp\VMBuilds\BulletCounter\samd21_custom\Debug/core.a(USBCore.cpp.o)
 .text._ZN14USBDeviceClass17sendConfigurationEm
                0x00003a48       0x90 C:\Users\mosta\AppData\Local\Temp\VMBuilds\BulletCounter\samd21_custom\Debug/core.a(USBCore.cpp.o)
                0x00003a48                USBDeviceClass::sendConfiguration(unsigned long)
 .text._ZN14USBDeviceClass14sendDescriptorER8USBSetup
                0x00003ad8       0xec C:\Users\mosta\AppData\Local\Temp\VMBuilds\BulletCounter\samd21_custom\Debug/core.a(USBCore.cpp.o)
                0x00003ad8                USBDeviceClass::sendDescriptor(USBSetup&)
 .text._ZN14USBDeviceClass19handleStandardSetupER8USBSetup
                0x00003bc4      0x118 C:\Users\mosta\AppData\Local\Temp\VMBuilds\BulletCounter\samd21_custom\Debug/core.a(USBCore.cpp.o)
                0x00003bc4                USBDeviceClass::handleStandardSetup(USBSetup&)
 .text._ZN14USBDeviceClass10ISRHandlerEv
                0x00003cdc      0x150 C:\Users\mosta\AppData\Local\Temp\VMBuilds\BulletCounter\samd21_custom\Debug/core.a(USBCore.cpp.o)
                0x00003cdc                USBDeviceClass::ISRHandler()
 .text.UDD_Handler
                0x00003e2c       0x10 C:\Users\mosta\AppData\Local\Temp\VMBuilds\BulletCounter\samd21_custom\Debug/core.a(USBCore.cpp.o)
                0x00003e2c                UDD_Handler
 .text.startup._GLOBAL__sub_I__ZN20USBDevice_SAMD21G18x5resetEv
                0x00003e3c       0x10 C:\Users\mosta\AppData\Local\Temp\VMBuilds\BulletCounter\samd21_custom\Debug/core.a(USBCore.cpp.o)
 .text._Znwj    0x00003e4c        0x8 C:\Users\mosta\AppData\Local\Temp\VMBuilds\BulletCounter\samd21_custom\Debug/core.a(new.cpp.o)
                0x00003e4c                operator new(unsigned int)
 .text._ZdlPv   0x00003e54        0x8 C:\Users\mosta\AppData\Local\Temp\VMBuilds\BulletCounter\samd21_custom\Debug/core.a(new.cpp.o)
                0x00003e54                operator delete(void*)
 .text._ZN7Serial_17availableForWriteEv
                0x00003e5c        0x4 C:\Users\mosta\AppData\Local\Temp\VMBuilds\BulletCounter\samd21_custom\Debug/core.a(CDC.cpp.o)
                0x00003e5c                Serial_::availableForWrite()
 .text._ZN7Serial_5writeEh
                0x00003e60       0x14 C:\Users\mosta\AppData\Local\Temp\VMBuilds\BulletCounter\samd21_custom\Debug/core.a(CDC.cpp.o)
                0x00003e60                Serial_::write(unsigned char)
 .text._ZN7Serial_9availableEv
                0x00003e74        0xc C:\Users\mosta\AppData\Local\Temp\VMBuilds\BulletCounter\samd21_custom\Debug/core.a(CDC.cpp.o)
                0x00003e74                Serial_::available()
 .text._ZN7Serial_5flushEv
                0x00003e80        0xc C:\Users\mosta\AppData\Local\Temp\VMBuilds\BulletCounter\samd21_custom\Debug/core.a(CDC.cpp.o)
                0x00003e80                Serial_::flush()
 .text._ZN7Serial_5writeEPKhj
                0x00003e8c       0x1c C:\Users\mosta\AppData\Local\Temp\VMBuilds\BulletCounter\samd21_custom\Debug/core.a(CDC.cpp.o)
                0x00003e8c                Serial_::write(unsigned char const*, unsigned int)
 .text._ZN7Serial_4peekEv
                0x00003ea8       0x1c C:\Users\mosta\AppData\Local\Temp\VMBuilds\BulletCounter\samd21_custom\Debug/core.a(CDC.cpp.o)
                0x00003ea8                Serial_::peek()
 .text._ZN7Serial_4readEv
                0x00003ec4       0x24 C:\Users\mosta\AppData\Local\Temp\VMBuilds\BulletCounter\samd21_custom\Debug/core.a(CDC.cpp.o)
                0x00003ec4                Serial_::read()
 .text._Z16CDC_GetInterfacePh
                0x00003ee8       0x1c C:\Users\mosta\AppData\Local\Temp\VMBuilds\BulletCounter\samd21_custom\Debug/core.a(CDC.cpp.o)
                0x00003ee8                CDC_GetInterface(unsigned char*)
 .text._Z9CDC_SetupR8USBSetup
                0x00003f04       0x80 C:\Users\mosta\AppData\Local\Temp\VMBuilds\BulletCounter\samd21_custom\Debug/core.a(CDC.cpp.o)
                0x00003f04                CDC_Setup(USBSetup&)
 .text.startup._GLOBAL__sub_I__Z17_CDC_GetInterfacev
                0x00003f84       0x28 C:\Users\mosta\AppData\Local\Temp\VMBuilds\BulletCounter\samd21_custom\Debug/core.a(CDC.cpp.o)
 .text._ZN13PluggableUSB_12getInterfaceEPh
                0x00003fac       0x2a C:\Users\mosta\AppData\Local\Temp\VMBuilds\BulletCounter\samd21_custom\Debug/core.a(PluggableUSB.cpp.o)
                0x00003fac                PluggableUSB_::getInterface(unsigned char*)
 .text._ZN13PluggableUSB_13getDescriptorER8USBSetup
                0x00003fd6       0x20 C:\Users\mosta\AppData\Local\Temp\VMBuilds\BulletCounter\samd21_custom\Debug/core.a(PluggableUSB.cpp.o)
                0x00003fd6                PluggableUSB_::getDescriptor(USBSetup&)
 .text._ZN13PluggableUSB_12getShortNameEPc
                0x00003ff6       0x1e C:\Users\mosta\AppData\Local\Temp\VMBuilds\BulletCounter\samd21_custom\Debug/core.a(PluggableUSB.cpp.o)
                0x00003ff6                PluggableUSB_::getShortName(char*)
 .text._ZN13PluggableUSB_5setupER8USBSetup
                0x00004014       0x24 C:\Users\mosta\AppData\Local\Temp\VMBuilds\BulletCounter\samd21_custom\Debug/core.a(PluggableUSB.cpp.o)
                0x00004014                PluggableUSB_::setup(USBSetup&)
 .text._Z12PluggableUSBv
                0x00004038       0x24 C:\Users\mosta\AppData\Local\Temp\VMBuilds\BulletCounter\samd21_custom\Debug/core.a(PluggableUSB.cpp.o)
                0x00004038                PluggableUSB()
 .text.__aeabi_atexit
                0x0000405c        0xe c:/users/mosta/appdata/local/arduino15/packages/arduino/tools/arm-none-eabi-gcc/4.8.3-2014q1/bin/../lib/gcc/arm-none-eabi/4.8.3/../../../../arm-none-eabi/lib/armv6-m\libstdc++_s.a(atexit_arm.o)
                0x0000405c                __aeabi_atexit
 *fill*         0x0000406a        0x2 
 .text.__fpclassifyd
                0x0000406c       0x60 c:/users/mosta/appdata/local/arduino15/packages/arduino/tools/arm-none-eabi-gcc/4.8.3-2014q1/bin/../lib/gcc/arm-none-eabi/4.8.3/../../../../arm-none-eabi/lib/armv6-m\libm.a(lib_a-s_fpclassify.o)
                0x0000406c                __fpclassifyd
 .text          0x000040cc       0x14 c:/users/mosta/appdata/local/arduino15/packages/arduino/tools/arm-none-eabi-gcc/4.8.3-2014q1/bin/../lib/gcc/arm-none-eabi/4.8.3/armv6-m\libgcc.a(_thumb1_case_uqi.o)
                0x000040cc                __gnu_thumb1_case_uqi
 .text          0x000040e0       0x9c c:/users/mosta/appdata/local/arduino15/packages/arduino/tools/arm-none-eabi-gcc/4.8.3-2014q1/bin/../lib/gcc/arm-none-eabi/4.8.3/armv6-m\libgcc.a(_udivsi3.o)
                0x000040e0                __aeabi_uidiv
                0x000040e0                __udivsi3
                0x00004168                __aeabi_uidivmod
 .text          0x0000417c       0xc0 c:/users/mosta/appdata/local/arduino15/packages/arduino/tools/arm-none-eabi-gcc/4.8.3-2014q1/bin/../lib/gcc/arm-none-eabi/4.8.3/armv6-m\libgcc.a(_divsi3.o)
                0x0000417c                __divsi3
                0x0000417c                __aeabi_idiv
                0x00004228                __aeabi_idivmod
 .text          0x0000423c        0x4 c:/users/mosta/appdata/local/arduino15/packages/arduino/tools/arm-none-eabi-gcc/4.8.3-2014q1/bin/../lib/gcc/arm-none-eabi/4.8.3/armv6-m\libgcc.a(_dvmd_tls.o)
                0x0000423c                __aeabi_idiv0
                0x0000423c                __aeabi_ldiv0
 .text          0x00004240       0x7c c:/users/mosta/appdata/local/arduino15/packages/arduino/tools/arm-none-eabi-gcc/4.8.3-2014q1/bin/../lib/gcc/arm-none-eabi/4.8.3/armv6-m\libgcc.a(_arm_cmpdf2.o)
                0x00004240                __aeabi_cdrcmple
                0x00004250                __aeabi_cdcmple
                0x00004250                __aeabi_cdcmpeq
                0x00004260                __aeabi_dcmpeq
                0x0000426c                __aeabi_dcmplt
                0x00004280                __aeabi_dcmple
                0x00004294                __aeabi_dcmpgt
                0x000042a8                __aeabi_dcmpge
 *fill*         0x000042bc        0x4 
 .text          0x000042c0       0x40 c:/users/mosta/appdata/local/arduino15/packages/arduino/tools/arm-none-eabi-gcc/4.8.3-2014q1/bin/../lib/gcc/arm-none-eabi/4.8.3/armv6-m\libgcc.a(_fixunsdfsi.o)
                0x000042c0                __aeabi_d2uiz
                0x000042c0                __fixunsdfsi
 .text          0x00004300       0xb8 c:/users/mosta/appdata/local/arduino15/packages/arduino/tools/arm-none-eabi-gcc/4.8.3-2014q1/bin/../lib/gcc/arm-none-eabi/4.8.3/armv6-m\libgcc.a(floatsisf.o)
                0x00004300                __aeabi_i2f
 .text          0x000043b8      0x638 c:/users/mosta/appdata/local/arduino15/packages/arduino/tools/arm-none-eabi-gcc/4.8.3-2014q1/bin/../lib/gcc/arm-none-eabi/4.8.3/armv6-m\libgcc.a(adddf3.o)
                0x000043b8                __aeabi_dadd
 .text          0x000049f0      0x648 c:/users/mosta/appdata/local/arduino15/packages/arduino/tools/arm-none-eabi-gcc/4.8.3-2014q1/bin/../lib/gcc/arm-none-eabi/4.8.3/armv6-m\libgcc.a(divdf3.o)
                0x000049f0                __aeabi_ddiv
 .text          0x00005038       0x94 c:/users/mosta/appdata/local/arduino15/packages/arduino/tools/arm-none-eabi-gcc/4.8.3-2014q1/bin/../lib/gcc/arm-none-eabi/4.8.3/armv6-m\libgcc.a(eqdf2.o)
                0x00005038                __nedf2
                0x00005038                __eqdf2
 .text          0x000050cc       0xfc c:/users/mosta/appdata/local/arduino15/packages/arduino/tools/arm-none-eabi-gcc/4.8.3-2014q1/bin/../lib/gcc/arm-none-eabi/4.8.3/armv6-m\libgcc.a(gedf2.o)
                0x000050cc                __gedf2
                0x000050cc                __gtdf2
 .text          0x000051c8       0xfc c:/users/mosta/appdata/local/arduino15/packages/arduino/tools/arm-none-eabi-gcc/4.8.3-2014q1/bin/../lib/gcc/arm-none-eabi/4.8.3/armv6-m\libgcc.a(ledf2.o)
                0x000051c8                __ledf2
                0x000051c8                __ltdf2
 .text          0x000052c4      0x520 c:/users/mosta/appdata/local/arduino15/packages/arduino/tools/arm-none-eabi-gcc/4.8.3-2014q1/bin/../lib/gcc/arm-none-eabi/4.8.3/armv6-m\libgcc.a(muldf3.o)
                0x000052c4                __aeabi_dmul
 .text          0x000057e4      0x654 c:/users/mosta/appdata/local/arduino15/packages/arduino/tools/arm-none-eabi-gcc/4.8.3-2014q1/bin/../lib/gcc/arm-none-eabi/4.8.3/armv6-m\libgcc.a(subdf3.o)
                0x000057e4                __aeabi_dsub
 .text          0x00005e38       0x68 c:/users/mosta/appdata/local/arduino15/packages/arduino/tools/arm-none-eabi-gcc/4.8.3-2014q1/bin/../lib/gcc/arm-none-eabi/4.8.3/armv6-m\libgcc.a(fixdfsi.o)
                0x00005e38                __aeabi_d2iz
 .text          0x00005ea0       0x7c c:/users/mosta/appdata/local/arduino15/packages/arduino/tools/arm-none-eabi-gcc/4.8.3-2014q1/bin/../lib/gcc/arm-none-eabi/4.8.3/armv6-m\libgcc.a(floatsidf.o)
                0x00005ea0                __aeabi_i2d
 .text          0x00005f1c       0x68 c:/users/mosta/appdata/local/arduino15/packages/arduino/tools/arm-none-eabi-gcc/4.8.3-2014q1/bin/../lib/gcc/arm-none-eabi/4.8.3/armv6-m\libgcc.a(floatunsidf.o)
                0x00005f1c                __aeabi_ui2d
 .text          0x00005f84       0xa4 c:/users/mosta/appdata/local/arduino15/packages/arduino/tools/arm-none-eabi-gcc/4.8.3-2014q1/bin/../lib/gcc/arm-none-eabi/4.8.3/armv6-m\libgcc.a(extendsfdf2.o)
                0x00005f84                __aeabi_f2d
 .text          0x00006028      0x118 c:/users/mosta/appdata/local/arduino15/packages/arduino/tools/arm-none-eabi-gcc/4.8.3-2014q1/bin/../lib/gcc/arm-none-eabi/4.8.3/armv6-m\libgcc.a(truncdfsf2.o)
                0x00006028                __aeabi_d2f
 .text          0x00006140       0x3c c:/users/mosta/appdata/local/arduino15/packages/arduino/tools/arm-none-eabi-gcc/4.8.3-2014q1/bin/../lib/gcc/arm-none-eabi/4.8.3/armv6-m\libgcc.a(_clzsi2.o)
                0x00006140                __clzsi2
 .text.__cxa_atexit
                0x0000617c       0x20 c:/users/mosta/appdata/local/arduino15/packages/arduino/tools/arm-none-eabi-gcc/4.8.3-2014q1/bin/../lib/gcc/arm-none-eabi/4.8.3/../../../../arm-none-eabi/lib/armv6-m\libc_s.a(lib_a-cxa_atexit.o)
                0x0000617c                __cxa_atexit
 .text.__libc_init_array
                0x0000619c       0x4c c:/users/mosta/appdata/local/arduino15/packages/arduino/tools/arm-none-eabi-gcc/4.8.3-2014q1/bin/../lib/gcc/arm-none-eabi/4.8.3/../../../../arm-none-eabi/lib/armv6-m\libc_s.a(lib_a-init.o)
                0x0000619c                __libc_init_array
 .text.malloc   0x000061e8       0x14 c:/users/mosta/appdata/local/arduino15/packages/arduino/tools/arm-none-eabi-gcc/4.8.3-2014q1/bin/../lib/gcc/arm-none-eabi/4.8.3/../../../../arm-none-eabi/lib/armv6-m\libc_s.a(lib_a-malloc.o)
                0x000061e8                malloc
 .text.free     0x000061fc       0x14 c:/users/mosta/appdata/local/arduino15/packages/arduino/tools/arm-none-eabi-gcc/4.8.3-2014q1/bin/../lib/gcc/arm-none-eabi/4.8.3/../../../../arm-none-eabi/lib/armv6-m\libc_s.a(lib_a-malloc.o)
                0x000061fc                free
 .text.memcpy   0x00006210       0x12 c:/users/mosta/appdata/local/arduino15/packages/arduino/tools/arm-none-eabi-gcc/4.8.3-2014q1/bin/../lib/gcc/arm-none-eabi/4.8.3/../../../../arm-none-eabi/lib/armv6-m\libc_s.a(lib_a-memcpy-stub.o)
                0x00006210                memcpy
 .text.memset   0x00006222       0x10 c:/users/mosta/appdata/local/arduino15/packages/arduino/tools/arm-none-eabi-gcc/4.8.3-2014q1/bin/../lib/gcc/arm-none-eabi/4.8.3/../../../../arm-none-eabi/lib/armv6-m\libc_s.a(lib_a-memset.o)
                0x00006222                memset
 *fill*         0x00006232        0x2 
 .text._free_r  0x00006234       0x90 c:/users/mosta/appdata/local/arduino15/packages/arduino/tools/arm-none-eabi-gcc/4.8.3-2014q1/bin/../lib/gcc/arm-none-eabi/4.8.3/../../../../arm-none-eabi/lib/armv6-m\libc_s.a(lib_a-nano-freer.o)
                0x00006234                _free_r
 .text._malloc_r
                0x000062c4       0xa8 c:/users/mosta/appdata/local/arduino15/packages/arduino/tools/arm-none-eabi-gcc/4.8.3-2014q1/bin/../lib/gcc/arm-none-eabi/4.8.3/../../../../arm-none-eabi/lib/armv6-m\libc_s.a(lib_a-nano-mallocr.o)
                0x000062c4                _malloc_r
 .text._sbrk_r  0x0000636c       0x24 c:/users/mosta/appdata/local/arduino15/packages/arduino/tools/arm-none-eabi-gcc/4.8.3-2014q1/bin/../lib/gcc/arm-none-eabi/4.8.3/../../../../arm-none-eabi/lib/armv6-m\libc_s.a(lib_a-sbrkr.o)
                0x0000636c                _sbrk_r
 .text.strlen   0x00006390        0xe c:/users/mosta/appdata/local/arduino15/packages/arduino/tools/arm-none-eabi-gcc/4.8.3-2014q1/bin/../lib/gcc/arm-none-eabi/4.8.3/../../../../arm-none-eabi/lib/armv6-m\libc_s.a(lib_a-strlen.o)
                0x00006390                strlen
 *fill*         0x0000639e        0x2 
 .text._sbrk    0x000063a0       0x34 c:/users/mosta/appdata/local/arduino15/packages/arduino/tools/arm-none-eabi-gcc/4.8.3-2014q1/bin/../lib/gcc/arm-none-eabi/4.8.3/../../../../arm-none-eabi/lib/armv6-m\libnosys.a(sbrk.o)
                0x000063a0                _sbrk
 *(.init)
 .init          0x000063d4        0x4 c:/users/mosta/appdata/local/arduino15/packages/arduino/tools/arm-none-eabi-gcc/4.8.3-2014q1/bin/../lib/gcc/arm-none-eabi/4.8.3/armv6-m/crti.o
                0x000063d4                _init
 .init          0x000063d8        0x8 c:/users/mosta/appdata/local/arduino15/packages/arduino/tools/arm-none-eabi-gcc/4.8.3-2014q1/bin/../lib/gcc/arm-none-eabi/4.8.3/armv6-m/crtn.o
 *(.fini)
 .fini          0x000063e0        0x4 c:/users/mosta/appdata/local/arduino15/packages/arduino/tools/arm-none-eabi-gcc/4.8.3-2014q1/bin/../lib/gcc/arm-none-eabi/4.8.3/armv6-m/crti.o
                0x000063e0                _fini
 .fini          0x000063e4        0x8 c:/users/mosta/appdata/local/arduino15/packages/arduino/tools/arm-none-eabi-gcc/4.8.3-2014q1/bin/../lib/gcc/arm-none-eabi/4.8.3/armv6-m/crtn.o
 *crtbegin.o(.ctors)
 *crtbegin?.o(.ctors)
 *(EXCLUDE_FILE(*crtend.o *crtend?.o) .ctors)
 *(SORT(.ctors.*))
 *(.ctors)
 *crtbegin.o(.dtors)
 *crtbegin?.o(.dtors)
 *(EXCLUDE_FILE(*crtend.o *crtend?.o) .dtors)
 *(SORT(.dtors.*))
 *(.dtors)
 *(.rodata*)
 .rodata.str1.1
                0x000063ec       0x58 C:\Users\mosta\AppData\Local\Temp\VMBuilds\BulletCounter\samd21_custom\Debug\BulletCounter.cpp.o
 *fill*         0x00006444        0x4 
 .rodata._ZTV7TwoWire
                0x00006448       0x28 C:\Users\mosta\AppData\Local\Temp\VMBuilds\BulletCounter\samd21_custom\Debug\Wire\Wire.cpp.o
                0x00006448                vtable for TwoWire
 .rodata._ZTV16Adafruit_SSD1306
                0x00006470       0x58 C:\Users\mosta\AppData\Local\Temp\VMBuilds\BulletCounter\samd21_custom\Debug\Adafruit_SSD1306-master\Adafruit_SSD1306.cpp.o
                0x00006470                vtable for Adafruit_SSD1306
 .rodata._ZTV12Adafruit_GFX
                0x000064c8       0x58 C:\Users\mosta\AppData\Local\Temp\VMBuilds\BulletCounter\samd21_custom\Debug\Adafruit-GFX-Library-master\Adafruit_GFX.cpp.o
                0x000064c8                vtable for Adafruit_GFX
 .rodata._ZL4font
                0x00006520      0x500 C:\Users\mosta\AppData\Local\Temp\VMBuilds\BulletCounter\samd21_custom\Debug\Adafruit-GFX-Library-master\Adafruit_GFX.cpp.o
 .rodata.g_APinDescription
                0x00006a20      0x450 C:\Users\mosta\AppData\Local\Temp\VMBCore\arduino16x\2c9312bc90fd2fda3ff842de83d949cf\variant\variant.cpp.o
                0x00006a20                g_APinDescription
 .rodata.str1.1
                0x00006e70        0xf C:\Users\mosta\AppData\Local\Temp\VMBuilds\BulletCounter\samd21_custom\Debug/core.a(Print.cpp.o)
 *fill*         0x00006e7f        0x1 
 .rodata._ZTV4Uart
                0x00006e80       0x38 C:\Users\mosta\AppData\Local\Temp\VMBuilds\BulletCounter\samd21_custom\Debug/core.a(Uart.cpp.o)
                0x00006e80                vtable for Uart
 .rodata._ZTV26DoubleBufferedEPOutHandler
                0x00006eb8       0x20 C:\Users\mosta\AppData\Local\Temp\VMBuilds\BulletCounter\samd21_custom\Debug/core.a(USBCore.cpp.o)
                0x00006eb8                vtable for DoubleBufferedEPOutHandler
 .rodata._ZL19STRING_MANUFACTURER
                0x00006ed8        0xc C:\Users\mosta\AppData\Local\Temp\VMBuilds\BulletCounter\samd21_custom\Debug/core.a(USBCore.cpp.o)
 .rodata._ZL15STRING_LANGUAGE
                0x00006ee4        0x4 C:\Users\mosta\AppData\Local\Temp\VMBuilds\BulletCounter\samd21_custom\Debug/core.a(USBCore.cpp.o)
 .rodata._ZL21USB_DeviceDescriptorB
                0x00006ee8       0x12 C:\Users\mosta\AppData\Local\Temp\VMBuilds\BulletCounter\samd21_custom\Debug/core.a(USBCore.cpp.o)
 .rodata._ZL14STRING_PRODUCT
                0x00006efa        0xd C:\Users\mosta\AppData\Local\Temp\VMBuilds\BulletCounter\samd21_custom\Debug/core.a(USBCore.cpp.o)
 *fill*         0x00006f07        0x1 
 .rodata._ZTV7Serial_
                0x00006f08       0x28 C:\Users\mosta\AppData\Local\Temp\VMBuilds\BulletCounter\samd21_custom\Debug/core.a(CDC.cpp.o)
                0x00006f08                vtable for Serial_
 .rodata        0x00006f30       0x40 c:/users/mosta/appdata/local/arduino15/packages/arduino/tools/arm-none-eabi-gcc/4.8.3-2014q1/bin/../lib/gcc/arm-none-eabi/4.8.3/armv6-m\libgcc.a(divdf3.o)
 .rodata        0x00006f70       0x40 c:/users/mosta/appdata/local/arduino15/packages/arduino/tools/arm-none-eabi-gcc/4.8.3-2014q1/bin/../lib/gcc/arm-none-eabi/4.8.3/armv6-m\libgcc.a(muldf3.o)
 .rodata.str1.1
                0x00006fb0        0x2 c:/users/mosta/appdata/local/arduino15/packages/arduino/tools/arm-none-eabi-gcc/4.8.3-2014q1/bin/../lib/gcc/arm-none-eabi/4.8.3/../../../../arm-none-eabi/lib/armv6-m\libc_s.a(lib_a-impure.o)
 *fill*         0x00006fb2        0x2 
 .rodata.__sf_fake_stdin
                0x00006fb4       0x20 c:/users/mosta/appdata/local/arduino15/packages/arduino/tools/arm-none-eabi-gcc/4.8.3-2014q1/bin/../lib/gcc/arm-none-eabi/4.8.3/../../../../arm-none-eabi/lib/armv6-m\libc_s.a(lib_a-findfp.o)
                0x00006fb4                __sf_fake_stdin
 .rodata.__sf_fake_stdout
                0x00006fd4       0x20 c:/users/mosta/appdata/local/arduino15/packages/arduino/tools/arm-none-eabi-gcc/4.8.3-2014q1/bin/../lib/gcc/arm-none-eabi/4.8.3/../../../../arm-none-eabi/lib/armv6-m\libc_s.a(lib_a-findfp.o)
                0x00006fd4                __sf_fake_stdout
 .rodata.__sf_fake_stderr
                0x00006ff4       0x20 c:/users/mosta/appdata/local/arduino15/packages/arduino/tools/arm-none-eabi-gcc/4.8.3-2014q1/bin/../lib/gcc/arm-none-eabi/4.8.3/../../../../arm-none-eabi/lib/armv6-m\libc_s.a(lib_a-findfp.o)
                0x00006ff4                __sf_fake_stderr
 *(.eh_frame*)
 .eh_frame      0x00007014        0x0 c:/users/mosta/appdata/local/arduino15/packages/arduino/tools/arm-none-eabi-gcc/4.8.3-2014q1/bin/../lib/gcc/arm-none-eabi/4.8.3/armv6-m/crtbegin.o
 .eh_frame      0x00007014        0x4 c:/users/mosta/appdata/local/arduino15/packages/arduino/tools/arm-none-eabi-gcc/4.8.3-2014q1/bin/../lib/gcc/arm-none-eabi/4.8.3/armv6-m/crtend.o

.glue_7         0x00007018        0x0
 .glue_7        0x00000000        0x0 linker stubs

.glue_7t        0x00007018        0x0
 .glue_7t       0x00000000        0x0 linker stubs

.vfp11_veneer   0x00007018        0x0
 .vfp11_veneer  0x00000000        0x0 linker stubs

.v4_bx          0x00007018        0x0
 .v4_bx         0x00000000        0x0 linker stubs

.iplt           0x00007018        0x0
 .iplt          0x00000000        0x0 c:/users/mosta/appdata/local/arduino15/packages/arduino/tools/arm-none-eabi-gcc/4.8.3-2014q1/bin/../lib/gcc/arm-none-eabi/4.8.3/armv6-m/crtbegin.o

.rel.dyn        0x00007018        0x0
 .rel.iplt      0x00000000        0x0 c:/users/mosta/appdata/local/arduino15/packages/arduino/tools/arm-none-eabi-gcc/4.8.3-2014q1/bin/../lib/gcc/arm-none-eabi/4.8.3/armv6-m/crtbegin.o

.ARM.extab
 *(.ARM.extab* .gnu.linkonce.armextab.*)
                0x00007018                __exidx_start = .

.ARM.exidx
 *(.ARM.exidx* .gnu.linkonce.armexidx.*)
                0x00007018                __exidx_end = .
                0x00007018                __etext = .

.data           0x20000000      0x330 load address 0x00007018
                0x20000000                __data_start__ = .
 *(vtable)
 *(.data*)
 .data          0x20000000        0x4 c:/users/mosta/appdata/local/arduino15/packages/arduino/tools/arm-none-eabi-gcc/4.8.3-2014q1/bin/../lib/gcc/arm-none-eabi/4.8.3/armv6-m/crtbegin.o
                0x20000000                __dso_handle
 .data.interval
                0x20000004        0x4 C:\Users\mosta\AppData\Local\Temp\VMBuilds\BulletCounter\samd21_custom\Debug\BulletCounter.cpp.o
                0x20000004                interval
 .data.IMU_INT1_19
                0x20000008        0x1 C:\Users\mosta\AppData\Local\Temp\VMBuilds\BulletCounter\samd21_custom\Debug\BulletCounter.cpp.o
                0x20000008                IMU_INT1_19
 .data.LED      0x20000009        0x1 C:\Users\mosta\AppData\Local\Temp\VMBuilds\BulletCounter\samd21_custom\Debug\BulletCounter.cpp.o
                0x20000009                LED
 *fill*         0x2000000a        0x2 
 .data.ii       0x2000000c        0x4 C:\Users\mosta\AppData\Local\Temp\VMBuilds\BulletCounter\samd21_custom\Debug\BulletCounter.cpp.o
                0x2000000c                ii
 .data._ZZN16Adafruit_SSD130621drawFastVLineInternalEssstE8postmask
                0x20000010        0x8 C:\Users\mosta\AppData\Local\Temp\VMBuilds\BulletCounter\samd21_custom\Debug\Adafruit_SSD1306-master\Adafruit_SSD1306.cpp.o
                0x20000010                Adafruit_SSD1306::drawFastVLineInternal(short, short, short, unsigned short)::postmask
 .data._ZZN16Adafruit_SSD130621drawFastVLineInternalEssstE7premask
                0x20000018        0x8 C:\Users\mosta\AppData\Local\Temp\VMBuilds\BulletCounter\samd21_custom\Debug\Adafruit_SSD1306-master\Adafruit_SSD1306.cpp.o
                0x20000018                Adafruit_SSD1306::drawFastVLineInternal(short, short, short, unsigned short)::premask
 .data._ZL6buffer
                0x20000020      0x200 C:\Users\mosta\AppData\Local\Temp\VMBuilds\BulletCounter\samd21_custom\Debug\Adafruit_SSD1306-master\Adafruit_SSD1306.cpp.o
 .data.SystemCoreClock
                0x20000220        0x4 C:\Users\mosta\AppData\Local\Temp\VMBuilds\BulletCounter\samd21_custom\Debug/core.a(wiring.c.o)
                0x20000220                SystemCoreClock
 .data._ZL5ticks
                0x20000224        0x4 C:\Users\mosta\AppData\Local\Temp\VMBuilds\BulletCounter\samd21_custom\Debug/core.a(Reset.cpp.o)
 .data.EndPoints
                0x20000228       0x28 C:\Users\mosta\AppData\Local\Temp\VMBuilds\BulletCounter\samd21_custom\Debug/core.a(USBCore.cpp.o)
                0x20000228                EndPoints
 .data._ZL12_usbLineInfo
                0x20000250        0x8 C:\Users\mosta\AppData\Local\Temp\VMBuilds\BulletCounter\samd21_custom\Debug/core.a(CDC.cpp.o)
 .data._ZL10breakValue
                0x20000258        0x4 C:\Users\mosta\AppData\Local\Temp\VMBuilds\BulletCounter\samd21_custom\Debug/core.a(CDC.cpp.o)
 .data._ZL13_cdcInterface
                0x2000025c       0x42 C:\Users\mosta\AppData\Local\Temp\VMBuilds\BulletCounter\samd21_custom\Debug/core.a(CDC.cpp.o)
 *fill*         0x2000029e        0x2 
 .data._serialPeek
                0x200002a0        0x4 C:\Users\mosta\AppData\Local\Temp\VMBuilds\BulletCounter\samd21_custom\Debug/core.a(CDC.cpp.o)
                0x200002a0                _serialPeek
 .data.impure_data
                0x200002a4       0x60 c:/users/mosta/appdata/local/arduino15/packages/arduino/tools/arm-none-eabi-gcc/4.8.3-2014q1/bin/../lib/gcc/arm-none-eabi/4.8.3/../../../../arm-none-eabi/lib/armv6-m\libc_s.a(lib_a-impure.o)
 .data._impure_ptr
                0x20000304        0x4 c:/users/mosta/appdata/local/arduino15/packages/arduino/tools/arm-none-eabi-gcc/4.8.3-2014q1/bin/../lib/gcc/arm-none-eabi/4.8.3/../../../../arm-none-eabi/lib/armv6-m\libc_s.a(lib_a-impure.o)
                0x20000304                _impure_ptr
                0x20000308                . = ALIGN (0x4)
                0x20000308                PROVIDE (__preinit_array_start, .)
 *(.preinit_array)
                0x20000308                PROVIDE (__preinit_array_end, .)
                0x20000308                . = ALIGN (0x4)
                0x20000308                PROVIDE (__init_array_start, .)
 *(SORT(.init_array.*))
 *(.init_array)
 .init_array    0x20000308        0x4 c:/users/mosta/appdata/local/arduino15/packages/arduino/tools/arm-none-eabi-gcc/4.8.3-2014q1/bin/../lib/gcc/arm-none-eabi/4.8.3/armv6-m/crtbegin.o
 .init_array    0x2000030c        0x4 C:\Users\mosta\AppData\Local\Temp\VMBuilds\BulletCounter\samd21_custom\Debug\BulletCounter.cpp.o
 .init_array    0x20000310        0x4 C:\Users\mosta\AppData\Local\Temp\VMBuilds\BulletCounter\samd21_custom\Debug\Wire\Wire.cpp.o
 .init_array    0x20000314        0x4 C:\Users\mosta\AppData\Local\Temp\VMBuilds\BulletCounter\samd21_custom\Debug\SPI\SPI.cpp.o
 .init_array    0x20000318        0x4 C:\Users\mosta\AppData\Local\Temp\VMBCore\arduino16x\2c9312bc90fd2fda3ff842de83d949cf\variant\variant.cpp.o
 .init_array    0x2000031c        0x4 C:\Users\mosta\AppData\Local\Temp\VMBuilds\BulletCounter\samd21_custom\Debug/core.a(USBCore.cpp.o)
 .init_array    0x20000320        0x4 C:\Users\mosta\AppData\Local\Temp\VMBuilds\BulletCounter\samd21_custom\Debug/core.a(CDC.cpp.o)
                0x20000324                PROVIDE (__init_array_end, .)
                0x20000324                . = ALIGN (0x4)
                0x20000324                PROVIDE (__fini_array_start, .)
 *(SORT(.fini_array.*))
 *(.fini_array)
 .fini_array    0x20000324        0x4 c:/users/mosta/appdata/local/arduino15/packages/arduino/tools/arm-none-eabi-gcc/4.8.3-2014q1/bin/../lib/gcc/arm-none-eabi/4.8.3/armv6-m/crtbegin.o
                0x20000328                PROVIDE (__fini_array_end, .)
 *(.jcr*)
 .jcr           0x20000328        0x0 c:/users/mosta/appdata/local/arduino15/packages/arduino/tools/arm-none-eabi-gcc/4.8.3-2014q1/bin/../lib/gcc/arm-none-eabi/4.8.3/armv6-m/crtbegin.o
 .jcr           0x20000328        0x4 c:/users/mosta/appdata/local/arduino15/packages/arduino/tools/arm-none-eabi-gcc/4.8.3-2014q1/bin/../lib/gcc/arm-none-eabi/4.8.3/armv6-m/crtend.o
                0x20000330                . = ALIGN (0x10)
 *fill*         0x2000032c        0x4 
                0x20000330                __data_end__ = .

.igot.plt       0x20000330        0x0 load address 0x00007348
 .igot.plt      0x00000000        0x0 c:/users/mosta/appdata/local/arduino15/packages/arduino/tools/arm-none-eabi-gcc/4.8.3-2014q1/bin/../lib/gcc/arm-none-eabi/4.8.3/armv6-m/crtbegin.o

.bss            0x20000330     0x1024 load address 0x00007348
                0x20000330                . = ALIGN (0x4)
                0x20000330                __bss_start__ = .
 *(.bss*)
 .bss           0x20000330       0x1c c:/users/mosta/appdata/local/arduino15/packages/arduino/tools/arm-none-eabi-gcc/4.8.3-2014q1/bin/../lib/gcc/arm-none-eabi/4.8.3/armv6-m/crtbegin.o
 .bss.B1State   0x2000034c        0x1 C:\Users\mosta\AppData\Local\Temp\VMBuilds\BulletCounter\samd21_custom\Debug\BulletCounter.cpp.o
                0x2000034c                B1State
 .bss.B3State   0x2000034d        0x1 C:\Users\mosta\AppData\Local\Temp\VMBuilds\BulletCounter\samd21_custom\Debug\BulletCounter.cpp.o
                0x2000034d                B3State
 .bss.B2State   0x2000034e        0x1 C:\Users\mosta\AppData\Local\Temp\VMBuilds\BulletCounter\samd21_custom\Debug\BulletCounter.cpp.o
                0x2000034e                B2State
 *fill*         0x2000034f        0x1 
 .bss.T4        0x20000350        0x8 C:\Users\mosta\AppData\Local\Temp\VMBuilds\BulletCounter\samd21_custom\Debug\BulletCounter.cpp.o
                0x20000350                T4
 .bss.myIMU     0x20000358       0x24 C:\Users\mosta\AppData\Local\Temp\VMBuilds\BulletCounter\samd21_custom\Debug\BulletCounter.cpp.o
                0x20000358                myIMU
 .bss.previousMillis
                0x2000037c        0x4 C:\Users\mosta\AppData\Local\Temp\VMBuilds\BulletCounter\samd21_custom\Debug\BulletCounter.cpp.o
                0x2000037c                previousMillis
 .bss.LEDState  0x20000380        0x1 C:\Users\mosta\AppData\Local\Temp\VMBuilds\BulletCounter\samd21_custom\Debug\BulletCounter.cpp.o
                0x20000380                LEDState
 *fill*         0x20000381        0x3 
 .bss.display   0x20000384       0x28 C:\Users\mosta\AppData\Local\Temp\VMBuilds\BulletCounter\samd21_custom\Debug\BulletCounter.cpp.o
                0x20000384                display
 .bss.updateCounter
                0x200003ac        0x1 C:\Users\mosta\AppData\Local\Temp\VMBuilds\BulletCounter\samd21_custom\Debug\BulletCounter.cpp.o
                0x200003ac                updateCounter
 *fill*         0x200003ad        0x3 
 .bss.Serial2   0x200003b0      0x23c C:\Users\mosta\AppData\Local\Temp\VMBuilds\BulletCounter\samd21_custom\Debug\BulletCounter.cpp.o
                0x200003b0                Serial2
 .bss.Wire      0x200005ec      0x234 C:\Users\mosta\AppData\Local\Temp\VMBuilds\BulletCounter\samd21_custom\Debug\Wire\Wire.cpp.o
                0x200005ec                Wire
 .bss._ZL20DEFAULT_SPI_SETTINGS
                0x20000820        0x8 C:\Users\mosta\AppData\Local\Temp\VMBuilds\BulletCounter\samd21_custom\Debug\SPI\SPI.cpp.o
 .bss.SPI       0x20000828       0x10 C:\Users\mosta\AppData\Local\Temp\VMBuilds\BulletCounter\samd21_custom\Debug\SPI\SPI.cpp.o
                0x20000828                SPI
 .bss.Serial    0x20000838      0x23c C:\Users\mosta\AppData\Local\Temp\VMBCore\arduino16x\2c9312bc90fd2fda3ff842de83d949cf\variant\variant.cpp.o
                0x20000838                Serial
 .bss.Serial1   0x20000a74      0x23c C:\Users\mosta\AppData\Local\Temp\VMBCore\arduino16x\2c9312bc90fd2fda3ff842de83d949cf\variant\variant.cpp.o
                0x20000a74                Serial1
 .bss.sercom3   0x20000cb0        0x4 C:\Users\mosta\AppData\Local\Temp\VMBCore\arduino16x\2c9312bc90fd2fda3ff842de83d949cf\variant\variant.cpp.o
                0x20000cb0                sercom3
 .bss.sercom0   0x20000cb4        0x4 C:\Users\mosta\AppData\Local\Temp\VMBCore\arduino16x\2c9312bc90fd2fda3ff842de83d949cf\variant\variant.cpp.o
                0x20000cb4                sercom0
 .bss.sercom1   0x20000cb8        0x4 C:\Users\mosta\AppData\Local\Temp\VMBCore\arduino16x\2c9312bc90fd2fda3ff842de83d949cf\variant\variant.cpp.o
                0x20000cb8                sercom1
 .bss.sercom2   0x20000cbc        0x4 C:\Users\mosta\AppData\Local\Temp\VMBCore\arduino16x\2c9312bc90fd2fda3ff842de83d949cf\variant\variant.cpp.o
                0x20000cbc                sercom2
 .bss.sercom4   0x20000cc0        0x4 C:\Users\mosta\AppData\Local\Temp\VMBCore\arduino16x\2c9312bc90fd2fda3ff842de83d949cf\variant\variant.cpp.o
                0x20000cc0                sercom4
 .bss.sercom5   0x20000cc4        0x4 C:\Users\mosta\AppData\Local\Temp\VMBCore\arduino16x\2c9312bc90fd2fda3ff842de83d949cf\variant\variant.cpp.o
                0x20000cc4                sercom5
 .bss.usb_isr   0x20000cc8        0x4 C:\Users\mosta\AppData\Local\Temp\VMBuilds\BulletCounter\samd21_custom\Debug/core.a(cortex_handlers.c.o)
 .bss._ulTickCount
                0x20000ccc        0x4 C:\Users\mosta\AppData\Local\Temp\VMBuilds\BulletCounter\samd21_custom\Debug/core.a(delay.c.o)
 .bss.ISRcallback
                0x20000cd0       0x44 C:\Users\mosta\AppData\Local\Temp\VMBuilds\BulletCounter\samd21_custom\Debug/core.a(WInterrupts.c.o)
 .bss.ISRlist   0x20000d14       0x44 C:\Users\mosta\AppData\Local\Temp\VMBuilds\BulletCounter\samd21_custom\Debug/core.a(WInterrupts.c.o)
 .bss.nints     0x20000d58        0x4 C:\Users\mosta\AppData\Local\Temp\VMBuilds\BulletCounter\samd21_custom\Debug/core.a(WInterrupts.c.o)
 .bss._ZL14isEndpointHalt
                0x20000d5c        0x1 C:\Users\mosta\AppData\Local\Temp\VMBuilds\BulletCounter\samd21_custom\Debug/core.a(USBCore.cpp.o)
 .bss._pack_buffer
                0x20000d5d      0x100 C:\Users\mosta\AppData\Local\Temp\VMBuilds\BulletCounter\samd21_custom\Debug/core.a(USBCore.cpp.o)
                0x20000d5d                _pack_buffer
 *fill*         0x20000e5d        0x1 
 .bss._pack_size
                0x20000e5e        0x2 C:\Users\mosta\AppData\Local\Temp\VMBuilds\BulletCounter\samd21_custom\Debug/core.a(USBCore.cpp.o)
                0x20000e5e                _pack_size
 .bss._ZL20LastTransmitTimedOut
                0x20000e60        0x7 C:\Users\mosta\AppData\Local\Temp\VMBuilds\BulletCounter\samd21_custom\Debug/core.a(USBCore.cpp.o)
 *fill*         0x20000e67        0x1 
 .bss._ZL22udd_ep_in_cache_buffer
                0x20000e68      0x1c0 C:\Users\mosta\AppData\Local\Temp\VMBuilds\BulletCounter\samd21_custom\Debug/core.a(USBCore.cpp.o)
 .bss._ZL10txLEDPulse
                0x20001028        0x1 C:\Users\mosta\AppData\Local\Temp\VMBuilds\BulletCounter\samd21_custom\Debug/core.a(USBCore.cpp.o)
 *fill*         0x20001029        0x3 
 .bss._ZL23udd_ep_out_cache_buffer
                0x2000102c      0x1c0 C:\Users\mosta\AppData\Local\Temp\VMBuilds\BulletCounter\samd21_custom\Debug/core.a(USBCore.cpp.o)
 .bss._ZL10epHandlers
                0x200011ec       0x1c C:\Users\mosta\AppData\Local\Temp\VMBuilds\BulletCounter\samd21_custom\Debug/core.a(USBCore.cpp.o)
 .bss._pack_message
                0x20001208        0x1 C:\Users\mosta\AppData\Local\Temp\VMBuilds\BulletCounter\samd21_custom\Debug/core.a(USBCore.cpp.o)
                0x20001208                _pack_message