Archive member included because of file (symbol)

C:\Users\mosta\AppData\Local\Temp\VMBuilds\BulletCounter\arduino_zero_native\Debug/core.a(cortex_handlers.c.o)
                              (Reset_Handler)
C:\Users\mosta\AppData\Local\Temp\VMBuilds\BulletCounter\arduino_zero_native\Debug/core.a(delay.c.o)
                              C:\Users\mosta\AppData\Local\Temp\VMBuilds\BulletCounter\arduino_zero_native\Debug\BulletCounter.cpp.o (millis)
C:\Users\mosta\AppData\Local\Temp\VMBuilds\BulletCounter\arduino_zero_native\Debug/core.a(hooks.c.o)
                              C:\Users\mosta\AppData\Local\Temp\VMBuilds\BulletCounter\arduino_zero_native\Debug/core.a(delay.c.o) (yield)
C:\Users\mosta\AppData\Local\Temp\VMBuilds\BulletCounter\arduino_zero_native\Debug/core.a(startup.c.o)
                              C:\Users\mosta\AppData\Local\Temp\VMBuilds\BulletCounter\arduino_zero_native\Debug/core.a(cortex_handlers.c.o) (SystemInit)
C:\Users\mosta\AppData\Local\Temp\VMBuilds\BulletCounter\arduino_zero_native\Debug/core.a(WInterrupts.c.o)
                              C:\Users\mosta\AppData\Local\Temp\VMBuilds\BulletCounter\arduino_zero_native\Debug\BulletCounter.cpp.o (attachInterrupt)
C:\Users\mosta\AppData\Local\Temp\VMBuilds\BulletCounter\arduino_zero_native\Debug/core.a(wiring.c.o)
                              C:\Users\mosta\AppData\Local\Temp\VMBuilds\BulletCounter\arduino_zero_native\Debug/core.a(startup.c.o) (SystemCoreClock)
C:\Users\mosta\AppData\Local\Temp\VMBuilds\BulletCounter\arduino_zero_native\Debug/core.a(wiring_analog.c.o)
                              C:\Users\mosta\AppData\Local\Temp\VMBuilds\BulletCounter\arduino_zero_native\Debug/core.a(wiring.c.o) (analogReference)
C:\Users\mosta\AppData\Local\Temp\VMBuilds\BulletCounter\arduino_zero_native\Debug/core.a(wiring_digital.c.o)
                              C:\Users\mosta\AppData\Local\Temp\VMBuilds\BulletCounter\arduino_zero_native\Debug\Adafruit_SSD1306-master\Adafruit_SSD1306.cpp.o (pinMode)
C:\Users\mosta\AppData\Local\Temp\VMBuilds\BulletCounter\arduino_zero_native\Debug/core.a(wiring_private.c.o)
                              C:\Users\mosta\AppData\Local\Temp\VMBuilds\BulletCounter\arduino_zero_native\Debug\Wire\Wire.cpp.o (pinPeripheral)
C:\Users\mosta\AppData\Local\Temp\VMBuilds\BulletCounter\arduino_zero_native\Debug/core.a(abi.cpp.o)
                              C:\Users\mosta\AppData\Local\Temp\VMBuilds\BulletCounter\arduino_zero_native\Debug\Wire\Wire.cpp.o (__cxa_pure_virtual)
C:\Users\mosta\AppData\Local\Temp\VMBuilds\BulletCounter\arduino_zero_native\Debug/core.a(main.cpp.o)
                              c:/users/mosta/appdata/local/arduino15/packages/arduino/tools/arm-none-eabi-gcc/4.8.3-2014q1/bin/../lib/gcc/arm-none-eabi/4.8.3/../../../../arm-none-eabi/lib/armv6-m/crt0.o (main)
C:\Users\mosta\AppData\Local\Temp\VMBuilds\BulletCounter\arduino_zero_native\Debug/core.a(Print.cpp.o)
                              C:\Users\mosta\AppData\Local\Temp\VMBuilds\BulletCounter\arduino_zero_native\Debug\Wire\Wire.cpp.o (Print::write(unsigned char const*, unsigned int))
C:\Users\mosta\AppData\Local\Temp\VMBuilds\BulletCounter\arduino_zero_native\Debug/core.a(Reset.cpp.o)
                              C:\Users\mosta\AppData\Local\Temp\VMBuilds\BulletCounter\arduino_zero_native\Debug/core.a(delay.c.o) (tickReset)
C:\Users\mosta\AppData\Local\Temp\VMBuilds\BulletCounter\arduino_zero_native\Debug/core.a(SERCOM.cpp.o)
                              C:\Users\mosta\AppData\Local\Temp\VMBCore\arduino16x\57a4e9eac5a5a70d390ea49d157fec94\variant\variant.cpp.o (SERCOM::SERCOM(Sercom*))
C:\Users\mosta\AppData\Local\Temp\VMBuilds\BulletCounter\arduino_zero_native\Debug/core.a(Uart.cpp.o)
                              C:\Users\mosta\AppData\Local\Temp\VMBCore\arduino16x\57a4e9eac5a5a70d390ea49d157fec94\variant\variant.cpp.o (Uart::Uart(SERCOM*, unsigned char, unsigned char, SercomRXPad, SercomUartTXPad))
C:\Users\mosta\AppData\Local\Temp\VMBuilds\BulletCounter\arduino_zero_native\Debug/core.a(USBCore.cpp.o)
                              C:\Users\mosta\AppData\Local\Temp\VMBuilds\BulletCounter\arduino_zero_native\Debug/core.a(main.cpp.o) (USBDeviceClass::init())
C:\Users\mosta\AppData\Local\Temp\VMBuilds\BulletCounter\arduino_zero_native\Debug/core.a(new.cpp.o)
                              C:\Users\mosta\AppData\Local\Temp\VMBuilds\BulletCounter\arduino_zero_native\Debug/core.a(USBCore.cpp.o) (operator new(unsigned int))
C:\Users\mosta\AppData\Local\Temp\VMBuilds\BulletCounter\arduino_zero_native\Debug/core.a(CDC.cpp.o)
                              C:\Users\mosta\AppData\Local\Temp\VMBuilds\BulletCounter\arduino_zero_native\Debug/core.a(USBCore.cpp.o) (CDC_GetInterface(unsigned char*))
C:\Users\mosta\AppData\Local\Temp\VMBuilds\BulletCounter\arduino_zero_native\Debug/core.a(PluggableUSB.cpp.o)
[...]
Memory Configuration

Name             Origin             Length             Attributes
FLASH            0x00000000         0x00040000         xr
RAM              0x20000000         0x00008000         xrw
*default*        0x00000000         0xffffffff

Linker script and memory map

LOAD c:/users/mosta/appdata/local/arduino15/packages/arduino/tools/arm-none-eabi-gcc/4.8.3-2014q1/bin/../lib/gcc/arm-none-eabi/4.8.3/armv6-m/crti.o
LOAD c:/users/mosta/appdata/local/arduino15/packages/arduino/tools/arm-none-eabi-gcc/4.8.3-2014q1/bin/../lib/gcc/arm-none-eabi/4.8.3/armv6-m/crtbegin.o
LOAD c:/users/mosta/appdata/local/arduino15/packages/arduino/tools/arm-none-eabi-gcc/4.8.3-2014q1/bin/../lib/gcc/arm-none-eabi/4.8.3/../../../../arm-none-eabi/lib/armv6-m/crt0.o
LOAD C:\Users\mosta\AppData\Local\Temp\VMBuilds\BulletCounter\arduino_zero_native\Debug\BulletCounter.cpp.o
LOAD C:\Users\mosta\AppData\Local\Temp\VMBuilds\BulletCounter\arduino_zero_native\Debug\LPF.cpp.o
LOAD C:\Users\mosta\AppData\Local\Temp\VMBuilds\BulletCounter\arduino_zero_native\Debug\SAMD21Timers.cpp.o
LOAD C:\Users\mosta\AppData\Local\Temp\VMBuilds\BulletCounter\arduino_zero_native\Debug\Wire\Wire.cpp.o
LOAD C:\Users\mosta\AppData\Local\Temp\VMBuilds\BulletCounter\arduino_zero_native\Debug\Adafruit_SSD1306-master\Adafruit_SSD1306.cpp.o
LOAD C:\Users\mosta\AppData\Local\Temp\VMBuilds\BulletCounter\arduino_zero_native\Debug\SPI\SPI.cpp.o
LOAD C:\Users\mosta\AppData\Local\Temp\VMBuilds\BulletCounter\arduino_zero_native\Debug\Adafruit-GFX-Library-master\glcdfont.c.o
LOAD C:\Users\mosta\AppData\Local\Temp\VMBuilds\BulletCounter\arduino_zero_native\Debug\Adafruit-GFX-Library-master\Adafruit_GFX.cpp.o
LOAD C:\Users\mosta\AppData\Local\Temp\VMBuilds\BulletCounter\arduino_zero_native\Debug\Adafruit-GFX-Library-master\Adafruit_SPITFT.cpp.o
LOAD C:\Users\mosta\AppData\Local\Temp\VMBCore\arduino16x\57a4e9eac5a5a70d390ea49d157fec94\variant\variant.cpp.o
START GROUP
LOAD C:\Users\mosta\AppData\Local\arduino15\packages\arduino\tools\CMSIS\4.5.0/CMSIS/Lib/GCC/\libarm_cortexM0l_math.a
LOAD C:\Users\mosta\AppData\Local\Temp\VMBuilds\BulletCounter\arduino_zero_native\Debug/core.a
END GROUP
LOAD c:/users/mosta/appdata/local/arduino15/packages/arduino/tools/arm-none-eabi-gcc/4.8.3-2014q1/bin/../lib/gcc/arm-none-eabi/4.8.3/../../../../arm-none-eabi/lib/armv6-m\libstdc++_s.a
LOAD c:/users/mosta/appdata/local/arduino15/packages/arduino/tools/arm-none-eabi-gcc/4.8.3-2014q1/bin/../lib/gcc/arm-none-eabi/4.8.3/../../../../arm-none-eabi/lib/armv6-m\libm.a
START GROUP
LOAD c:/users/mosta/appdata/local/arduino15/packages/arduino/tools/arm-none-eabi-gcc/4.8.3-2014q1/bin/../lib/gcc/arm-none-eabi/4.8.3/armv6-m\libgcc.a
LOAD c:/users/mosta/appdata/local/arduino15/packages/arduino/tools/arm-none-eabi-gcc/4.8.3-2014q1/bin/../lib/gcc/arm-none-eabi/4.8.3/../../../../arm-none-eabi/lib/armv6-m\libc_s.a
END GROUP
START GROUP
LOAD c:/users/mosta/appdata/local/arduino15/packages/arduino/tools/arm-none-eabi-gcc/4.8.3-2014q1/bin/../lib/gcc/arm-none-eabi/4.8.3/armv6-m\libgcc.a
LOAD c:/users/mosta/appdata/local/arduino15/packages/arduino/tools/arm-none-eabi-gcc/4.8.3-2014q1/bin/../lib/gcc/arm-none-eabi/4.8.3/../../../../arm-none-eabi/lib/armv6-m\libc_s.a
LOAD c:/users/mosta/appdata/local/arduino15/packages/arduino/tools/arm-none-eabi-gcc/4.8.3-2014q1/bin/../lib/gcc/arm-none-eabi/4.8.3/../../../../arm-none-eabi/lib/armv6-m\libnosys.a
END GROUP
START GROUP
LOAD c:/users/mosta/appdata/local/arduino15/packages/arduino/tools/arm-none-eabi-gcc/4.8.3-2014q1/bin/../lib/gcc/arm-none-eabi/4.8.3/armv6-m\libgcc.a
LOAD c:/users/mosta/appdata/local/arduino15/packages/arduino/tools/arm-none-eabi-gcc/4.8.3-2014q1/bin/../lib/gcc/arm-none-eabi/4.8.3/../../../../arm-none-eabi/lib/armv6-m\libc_s.a
LOAD c:/users/mosta/appdata/local/arduino15/packages/arduino/tools/arm-none-eabi-gcc/4.8.3-2014q1/bin/../lib/gcc/arm-none-eabi/4.8.3/../../../../arm-none-eabi/lib/armv6-m\libnosys.a
END GROUP
LOAD c:/users/mosta/appdata/local/arduino15/packages/arduino/tools/arm-none-eabi-gcc/4.8.3-2014q1/bin/../lib/gcc/arm-none-eabi/4.8.3/armv6-m/crtend.o
LOAD c:/users/mosta/appdata/local/arduino15/packages/arduino/tools/arm-none-eabi-gcc/4.8.3-2014q1/bin/../lib/gcc/arm-none-eabi/4.8.3/armv6-m/crtn.o

.text           0x00000000     0x703c
                0x00000000                __text_start__ = .
 *(.isr_vector)
 .isr_vector    0x00000000       0xb4 C:\Users\mosta\AppData\Local\Temp\VMBuilds\BulletCounter\arduino_zero_native\Debug/core.a(cortex_handlers.c.o)
                0x00000000                exception_table
 *(.text*)
 .text          0x000000b4       0x60 c:/users/mosta/appdata/local/arduino15/packages/arduino/tools/arm-none-eabi-gcc/4.8.3-2014q1/bin/../lib/gcc/arm-none-eabi/4.8.3/armv6-m/crtbegin.o
 .text._Z11displaydatai
                0x00000114       0x54 C:\Users\mosta\AppData\Local\Temp\VMBuilds\BulletCounter\arduino_zero_native\Debug\BulletCounter.cpp.o
                0x00000114                displaydata(int)
 .text.setup    0x00000168       0x38 C:\Users\mosta\AppData\Local\Temp\VMBuilds\BulletCounter\arduino_zero_native\Debug\BulletCounter.cpp.o
                0x00000168                setup
 .text.loop     0x000001a0       0x50 C:\Users\mosta\AppData\Local\Temp\VMBuilds\BulletCounter\arduino_zero_native\Debug\BulletCounter.cpp.o
                0x000001a0                loop
 .text.startup._GLOBAL__sub_I_display
                0x000001f0       0x38 C:\Users\mosta\AppData\Local\Temp\VMBuilds\BulletCounter\arduino_zero_native\Debug\BulletCounter.cpp.o
 .text.NVIC_SetPriority.constprop.1
                0x00000228       0x50 C:\Users\mosta\AppData\Local\Temp\VMBuilds\BulletCounter\arduino_zero_native\Debug\SAMD21Timers.cpp.o
 .text._ZN12SAMD21TimersC2Ehhh
                0x00000278        0xa C:\Users\mosta\AppData\Local\Temp\VMBuilds\BulletCounter\arduino_zero_native\Debug\SAMD21Timers.cpp.o
                0x00000278                SAMD21Timers::SAMD21Timers(unsigned char, unsigned char, unsigned char)
                0x00000278                SAMD21Timers::SAMD21Timers(unsigned char, unsigned char, unsigned char)
 .text._ZN12SAMD21TimersD2Ev
                0x00000282        0x2 C:\Users\mosta\AppData\Local\Temp\VMBuilds\BulletCounter\arduino_zero_native\Debug\SAMD21Timers.cpp.o
                0x00000282                SAMD21Timers::~SAMD21Timers()
                0x00000282                SAMD21Timers::~SAMD21Timers()
 .text._ZN12SAMD21Timers12startCounterEv
                0x00000284       0x16 C:\Users\mosta\AppData\Local\Temp\VMBuilds\BulletCounter\arduino_zero_native\Debug\SAMD21Timers.cpp.o
                0x00000284                SAMD21Timers::startCounter()
 .text._ZN12SAMD21Timers5resetEv
                0x0000029a       0x18 C:\Users\mosta\AppData\Local\Temp\VMBuilds\BulletCounter\arduino_zero_native\Debug\SAMD21Timers.cpp.o
                0x0000029a                SAMD21Timers::reset()
 *fill*         0x000002b2        0x2 
 .text._ZN12SAMD21Timers9configureEib
                0x000002b4      0x194 C:\Users\mosta\AppData\Local\Temp\VMBuilds\BulletCounter\arduino_zero_native\Debug\SAMD21Timers.cpp.o
                0x000002b4                SAMD21Timers::configure(int, bool)
 .text._ZN5Print17availableForWriteEv
                0x00000448        0x4 C:\Users\mosta\AppData\Local\Temp\VMBuilds\BulletCounter\arduino_zero_native\Debug\Wire\Wire.cpp.o
                0x00000448                Print::availableForWrite()
 .text._ZN5Print5flushEv
                0x0000044c        0x2 C:\Users\mosta\AppData\Local\Temp\VMBuilds\BulletCounter\arduino_zero_native\Debug\Wire\Wire.cpp.o
                0x0000044c                Print::flush()
 .text._ZN7TwoWire5writeEPKhj
                0x0000044e       0x24 C:\Users\mosta\AppData\Local\Temp\VMBuilds\BulletCounter\arduino_zero_native\Debug\Wire\Wire.cpp.o
                0x0000044e                TwoWire::write(unsigned char const*, unsigned int)
 .text._ZN7TwoWire5flushEv
                0x00000472        0x2 C:\Users\mosta\AppData\Local\Temp\VMBuilds\BulletCounter\arduino_zero_native\Debug\Wire\Wire.cpp.o
                0x00000472                TwoWire::flush()
 .text._ZN7TwoWire4peekEv
                0x00000474       0x1a C:\Users\mosta\AppData\Local\Temp\VMBuilds\BulletCounter\arduino_zero_native\Debug\Wire\Wire.cpp.o
                0x00000474                TwoWire::peek()
 .text._ZN7TwoWire9availableEv
                0x0000048e       0x12 C:\Users\mosta\AppData\Local\Temp\VMBuilds\BulletCounter\arduino_zero_native\Debug\Wire\Wire.cpp.o
                0x0000048e                TwoWire::available()
 .text._ZN7TwoWireC2EP6SERCOMhh
                0x000004a0       0x5c C:\Users\mosta\AppData\Local\Temp\VMBuilds\BulletCounter\arduino_zero_native\Debug\Wire\Wire.cpp.o
                0x000004a0                TwoWire::TwoWire(SERCOM*, unsigned char, unsigned char)
                0x000004a0                TwoWire::TwoWire(SERCOM*, unsigned char, unsigned char)
 .text._ZN7TwoWire5beginEv
                0x000004fc       0x40 C:\Users\mosta\AppData\Local\Temp\VMBuilds\BulletCounter\arduino_zero_native\Debug\Wire\Wire.cpp.o
                0x000004fc                TwoWire::begin()
 .text._ZN7TwoWire17beginTransmissionEh
                0x0000053c       0x18 C:\Users\mosta\AppData\Local\Temp\VMBuilds\BulletCounter\arduino_zero_native\Debug\Wire\Wire.cpp.o
                0x0000053c                TwoWire::beginTransmission(unsigned char)
 .text._ZN11RingBufferNILi256EE10store_charEh
                0x00000554       0x1a C:\Users\mosta\AppData\Local\Temp\VMBuilds\BulletCounter\arduino_zero_native\Debug\Wire\Wire.cpp.o
                0x00000554                RingBufferN<256>::store_char(unsigned char)
 .text._ZN7TwoWire5writeEh
                0x0000056e       0x2a C:\Users\mosta\AppData\Local\Temp\VMBuilds\BulletCounter\arduino_zero_native\Debug\Wire\Wire.cpp.o
                0x0000056e                TwoWire::write(unsigned char)
 .text._ZN11RingBufferNILi256EE9read_charEv
                0x00000598       0x20 C:\Users\mosta\AppData\Local\Temp\VMBuilds\BulletCounter\arduino_zero_native\Debug\Wire\Wire.cpp.o
                0x00000598                RingBufferN<256>::read_char()
 .text._ZN7TwoWire15endTransmissionEb
                0x000005b8       0x72 C:\Users\mosta\AppData\Local\Temp\VMBuilds\BulletCounter\arduino_zero_native\Debug\Wire\Wire.cpp.o
                0x000005b8                TwoWire::endTransmission(bool)
 .text._ZN7TwoWire15endTransmissionEv
                0x0000062a        0xa C:\Users\mosta\AppData\Local\Temp\VMBuilds\BulletCounter\arduino_zero_native\Debug\Wire\Wire.cpp.o
                0x0000062a                TwoWire::endTransmission()
 .text._ZN7TwoWire4readEv
                0x00000634        0xa C:\Users\mosta\AppData\Local\Temp\VMBuilds\BulletCounter\arduino_zero_native\Debug\Wire\Wire.cpp.o
                0x00000634                TwoWire::read()
 .text._ZN7TwoWire9onServiceEv
                0x0000063e      0x11c C:\Users\mosta\AppData\Local\Temp\VMBuilds\BulletCounter\arduino_zero_native\Debug\Wire\Wire.cpp.o
                0x0000063e                TwoWire::onService()
 *fill*         0x0000075a        0x2 
 .text.SERCOM3_Handler
                0x0000075c       0x10 C:\Users\mosta\AppData\Local\Temp\VMBuilds\BulletCounter\arduino_zero_native\Debug\Wire\Wire.cpp.o
                0x0000075c                SERCOM3_Handler
 .text.startup._GLOBAL__sub_I__ZN7TwoWireC2EP6SERCOMhh
                0x0000076c       0x18 C:\Users\mosta\AppData\Local\Temp\VMBuilds\BulletCounter\arduino_zero_native\Debug\Wire\Wire.cpp.o
 .text._ZN16Adafruit_SSD130613drawFastHLineEssst
                0x00000784      0x1cc C:\Users\mosta\AppData\Local\Temp\VMBuilds\BulletCounter\arduino_zero_native\Debug\Adafruit_SSD1306-master\Adafruit_SSD1306.cpp.o
                0x00000784                Adafruit_SSD1306::drawFastHLine(short, short, short, unsigned short)
 .text._ZN16Adafruit_SSD130613drawFastVLineEssst
                0x00000950      0x1cc C:\Users\mosta\AppData\Local\Temp\VMBuilds\BulletCounter\arduino_zero_native\Debug\Adafruit_SSD1306-master\Adafruit_SSD1306.cpp.o
                0x00000950                Adafruit_SSD1306::drawFastVLine(short, short, short, unsigned short)
 .text._ZN16Adafruit_SSD13069drawPixelEsst
                0x00000b1c       0xd4 C:\Users\mosta\AppData\Local\Temp\VMBuilds\BulletCounter\arduino_zero_native\Debug\Adafruit_SSD1306-master\Adafruit_SSD1306.cpp.o
                0x00000b1c                Adafruit_SSD1306::drawPixel(short, short, unsigned short)
 .text._ZN16Adafruit_SSD1306C2Ea
                0x00000bf0       0x34 C:\Users\mosta\AppData\Local\Temp\VMBuilds\BulletCounter\arduino_zero_native\Debug\Adafruit_SSD1306-master\Adafruit_SSD1306.cpp.o
                0x00000bf0                Adafruit_SSD1306::Adafruit_SSD1306(signed char)
                0x00000bf0                Adafruit_SSD1306::Adafruit_SSD1306(signed char)
 .text._ZN16Adafruit_SSD130612clearDisplayEv
                0x00000c24       0x14 C:\Users\mosta\AppData\Local\Temp\VMBuilds\BulletCounter\arduino_zero_native\Debug\Adafruit_SSD1306-master\Adafruit_SSD1306.cpp.o
                0x00000c24                Adafruit_SSD1306::clearDisplay()
 .text._ZN16Adafruit_SSD130612fastSPIwriteEh
                0x00000c38       0x58 C:\Users\mosta\AppData\Local\Temp\VMBuilds\BulletCounter\arduino_zero_native\Debug\Adafruit_SSD1306-master\Adafruit_SSD1306.cpp.o
                0x00000c38                Adafruit_SSD1306::fastSPIwrite(unsigned char)
 .text._ZN16Adafruit_SSD130615ssd1306_commandEh
                0x00000c90       0x70 C:\Users\mosta\AppData\Local\Temp\VMBuilds\BulletCounter\arduino_zero_native\Debug\Adafruit_SSD1306-master\Adafruit_SSD1306.cpp.o
                0x00000c90                Adafruit_SSD1306::ssd1306_command(unsigned char)
 .text._ZN16Adafruit_SSD13065beginEhhb
                0x00000d00      0x1a8 C:\Users\mosta\AppData\Local\Temp\VMBuilds\BulletCounter\arduino_zero_native\Debug\Adafruit_SSD1306-master\Adafruit_SSD1306.cpp.o
                0x00000d00                Adafruit_SSD1306::begin(unsigned char, unsigned char, bool)
 .text._ZN16Adafruit_SSD13067displayEv
                0x00000ea8       0xcc C:\Users\mosta\AppData\Local\Temp\VMBuilds\BulletCounter\arduino_zero_native\Debug\Adafruit_SSD1306-master\Adafruit_SSD1306.cpp.o
                0x00000ea8                Adafruit_SSD1306::display()
 .text._ZN8SPIClass4initEv
                0x00000f74       0x12 C:\Users\mosta\AppData\Local\Temp\VMBuilds\BulletCounter\arduino_zero_native\Debug\SPI\SPI.cpp.o
                0x00000f74                SPIClass::init()
 .text._ZN8SPIClass6configE11SPISettings
                0x00000f86       0x36 C:\Users\mosta\AppData\Local\Temp\VMBuilds\BulletCounter\arduino_zero_native\Debug\SPI\SPI.cpp.o
                0x00000f86                SPIClass::config(SPISettings)
 .text._ZN8SPIClass5beginEv
                0x00000fbc       0x50 C:\Users\mosta\AppData\Local\Temp\VMBuilds\BulletCounter\arduino_zero_native\Debug\SPI\SPI.cpp.o
                0x00000fbc                SPIClass::begin()
 .text._ZN8SPIClass16beginTransactionE11SPISettings
                0x0000100c       0x38 C:\Users\mosta\AppData\Local\Temp\VMBuilds\BulletCounter\arduino_zero_native\Debug\SPI\SPI.cpp.o
                0x0000100c                SPIClass::beginTransaction(SPISettings)
 .text._ZN8SPIClass8transferEh
                0x00001044        0xa C:\Users\mosta\AppData\Local\Temp\VMBuilds\BulletCounter\arduino_zero_native\Debug\SPI\SPI.cpp.o
                0x00001044                SPIClass::transfer(unsigned char)
 *fill*         0x0000104e        0x2 
 .text.startup._GLOBAL__sub_I__ZN8SPIClassC2EP6SERCOMhhh14SercomSpiTXPad11SercomRXPad
                0x00001050       0x38 C:\Users\mosta\AppData\Local\Temp\VMBuilds\BulletCounter\arduino_zero_native\Debug\SPI\SPI.cpp.o
 .text._ZN12Adafruit_GFX9writeLineEsssst
                0x00001088       0xd4 C:\Users\mosta\AppData\Local\Temp\VMBuilds\BulletCounter\arduino_zero_native\Debug\Adafruit-GFX-Library-master\Adafruit_GFX.cpp.o
                0x00001088                Adafruit_GFX::writeLine(short, short, short, short, unsigned short)
 .text._ZN12Adafruit_GFX10startWriteEv
                0x0000115c        0x2 C:\Users\mosta\AppData\Local\Temp\VMBuilds\BulletCounter\arduino_zero_native\Debug\Adafruit-GFX-Library-master\Adafruit_GFX.cpp.o
                0x0000115c                Adafruit_GFX::startWrite()
 .text._ZN12Adafruit_GFX10writePixelEsst
                0x0000115e        0xa C:\Users\mosta\AppData\Local\Temp\VMBuilds\BulletCounter\arduino_zero_native\Debug\Adafruit-GFX-Library-master\Adafruit_GFX.cpp.o
                0x0000115e                Adafruit_GFX::writePixel(short, short, unsigned short)
 .text._ZN12Adafruit_GFX14writeFastVLineEssst
                0x00001168       0x10 C:\Users\mosta\AppData\Local\Temp\VMBuilds\BulletCounter\arduino_zero_native\Debug\Adafruit-GFX-Library-master\Adafruit_GFX.cpp.o
                0x00001168                Adafruit_GFX::writeFastVLine(short, short, short, unsigned short)
 .text._ZN12Adafruit_GFX14writeFastHLineEssst
                0x00001178       0x10 C:\Users\mosta\AppData\Local\Temp\VMBuilds\BulletCounter\arduino_zero_native\Debug\Adafruit-GFX-Library-master\Adafruit_GFX.cpp.o
                0x00001178                Adafruit_GFX::writeFastHLine(short, short, short, unsigned short)
 .text._ZN12Adafruit_GFX13writeFillRectEsssst
                0x00001188       0x18 C:\Users\mosta\AppData\Local\Temp\VMBuilds\BulletCounter\arduino_zero_native\Debug\Adafruit-GFX-Library-master\Adafruit_GFX.cpp.o
                0x00001188                Adafruit_GFX::writeFillRect(short, short, short, short, unsigned short)
 .text._ZN12Adafruit_GFX8endWriteEv
                0x000011a0        0x2 C:\Users\mosta\AppData\Local\Temp\VMBuilds\BulletCounter\arduino_zero_native\Debug\Adafruit-GFX-Library-master\Adafruit_GFX.cpp.o
                0x000011a0                Adafruit_GFX::endWrite()
 .text._ZN12Adafruit_GFX13drawFastVLineEssst
                0x000011a2       0x3e C:\Users\mosta\AppData\Local\Temp\VMBuilds\BulletCounter\arduino_zero_native\Debug\Adafruit-GFX-Library-master\Adafruit_GFX.cpp.o
                0x000011a2                Adafruit_GFX::drawFastVLine(short, short, short, unsigned short)
 .text._ZN12Adafruit_GFX13drawFastHLineEssst
                0x000011e0       0x3c C:\Users\mosta\AppData\Local\Temp\VMBuilds\BulletCounter\arduino_zero_native\Debug\Adafruit-GFX-Library-master\Adafruit_GFX.cpp.o
                0x000011e0                Adafruit_GFX::drawFastHLine(short, short, short, unsigned short)
 .text._ZN12Adafruit_GFX8fillRectEsssst
                0x0000121c       0x4e C:\Users\mosta\AppData\Local\Temp\VMBuilds\BulletCounter\arduino_zero_native\Debug\Adafruit-GFX-Library-master\Adafruit_GFX.cpp.o
                0x0000121c                Adafruit_GFX::fillRect(short, short, short, short, unsigned short)
 .text._ZN12Adafruit_GFX10fillScreenEt
                0x0000126a       0x1a C:\Users\mosta\AppData\Local\Temp\VMBuilds\BulletCounter\arduino_zero_native\Debug\Adafruit-GFX-Library-master\Adafruit_GFX.cpp.o
                0x0000126a                Adafruit_GFX::fillScreen(unsigned short)
 .text._ZN12Adafruit_GFX8drawLineEsssst
                0x00001284       0x84 C:\Users\mosta\AppData\Local\Temp\VMBuilds\BulletCounter\arduino_zero_native\Debug\Adafruit-GFX-Library-master\Adafruit_GFX.cpp.o
                0x00001284                Adafruit_GFX::drawLine(short, short, short, short, unsigned short)
 .text._ZN12Adafruit_GFX8drawRectEsssst
                0x00001308       0x84 C:\Users\mosta\AppData\Local\Temp\VMBuilds\BulletCounter\arduino_zero_native\Debug\Adafruit-GFX-Library-master\Adafruit_GFX.cpp.o
                0x00001308                Adafruit_GFX::drawRect(short, short, short, short, unsigned short)
 .text._ZN12Adafruit_GFX13invertDisplayEb
                0x0000138c        0x2 C:\Users\mosta\AppData\Local\Temp\VMBuilds\BulletCounter\arduino_zero_native\Debug\Adafruit-GFX-Library-master\Adafruit_GFX.cpp.o
                0x0000138c                Adafruit_GFX::invertDisplay(bool)
 .text._ZN12Adafruit_GFX11setRotationEh
                0x0000138e       0x1e C:\Users\mosta\AppData\Local\Temp\VMBuilds\BulletCounter\arduino_zero_native\Debug\Adafruit-GFX-Library-master\Adafruit_GFX.cpp.o
                0x0000138e                Adafruit_GFX::setRotation(unsigned char)
 .text._ZN12Adafruit_GFXC2Ess
                0x000013ac       0x30 C:\Users\mosta\AppData\Local\Temp\VMBuilds\BulletCounter\arduino_zero_native\Debug\Adafruit-GFX-Library-master\Adafruit_GFX.cpp.o
                0x000013ac                Adafruit_GFX::Adafruit_GFX(short, short)
                0x000013ac                Adafruit_GFX::Adafruit_GFX(short, short)
 .text._ZN12Adafruit_GFX8drawCharEsshtth
                0x000013dc      0x2a4 C:\Users\mosta\AppData\Local\Temp\VMBuilds\BulletCounter\arduino_zero_native\Debug\Adafruit-GFX-Library-master\Adafruit_GFX.cpp.o
                0x000013dc                Adafruit_GFX::drawChar(short, short, unsigned char, unsigned short, unsigned short, unsigned char)
 .text._ZN12Adafruit_GFX5writeEh
                0x00001680       0xf6 C:\Users\mosta\AppData\Local\Temp\VMBuilds\BulletCounter\arduino_zero_native\Debug\Adafruit-GFX-Library-master\Adafruit_GFX.cpp.o
                0x00001680                Adafruit_GFX::write(unsigned char)
 .text._ZN12Adafruit_GFX9setCursorEss
                0x00001776        0x6 C:\Users\mosta\AppData\Local\Temp\VMBuilds\BulletCounter\arduino_zero_native\Debug\Adafruit-GFX-Library-master\Adafruit_GFX.cpp.o
                0x00001776                Adafruit_GFX::setCursor(short, short)
 .text._ZN12Adafruit_GFX11setTextSizeEh
                0x0000177c        0xa C:\Users\mosta\AppData\Local\Temp\VMBuilds\BulletCounter\arduino_zero_native\Debug\Adafruit-GFX-Library-master\Adafruit_GFX.cpp.o
                0x0000177c                Adafruit_GFX::setTextSize(unsigned char)
 .text._ZN12Adafruit_GFX12setTextColorEt
                0x00001786        0x6 C:\Users\mosta\AppData\Local\Temp\VMBuilds\BulletCounter\arduino_zero_native\Debug\Adafruit-GFX-Library-master\Adafruit_GFX.cpp.o
                0x00001786                Adafruit_GFX::setTextColor(unsigned short)
 .text._ZNK12Adafruit_GFX11getRotationEv
                0x0000178c        0x4 C:\Users\mosta\AppData\Local\Temp\VMBuilds\BulletCounter\arduino_zero_native\Debug\Adafruit-GFX-Library-master\Adafruit_GFX.cpp.o
                0x0000178c                Adafruit_GFX::getRotation() const
 .text._ZN12Adafruit_GFX7setFontEPK7GFXfont
                0x00001790       0x1e C:\Users\mosta\AppData\Local\Temp\VMBuilds\BulletCounter\arduino_zero_native\Debug\Adafruit-GFX-Library-master\Adafruit_GFX.cpp.o
                0x00001790                Adafruit_GFX::setFont(GFXfont const*)
 .text._ZNK12Adafruit_GFX5widthEv
                0x000017ae        0x6 C:\Users\mosta\AppData\Local\Temp\VMBuilds\BulletCounter\arduino_zero_native\Debug\Adafruit-GFX-Library-master\Adafruit_GFX.cpp.o
                0x000017ae                Adafruit_GFX::width() const
 .text._ZNK12Adafruit_GFX6heightEv
                0x000017b4        0x6 C:\Users\mosta\AppData\Local\Temp\VMBuilds\BulletCounter\arduino_zero_native\Debug\Adafruit-GFX-Library-master\Adafruit_GFX.cpp.o
                0x000017b4                Adafruit_GFX::height() const
 *fill*         0x000017ba        0x2 
 .text.SERCOM0_Handler
                0x000017bc       0x10 C:\Users\mosta\AppData\Local\Temp\VMBCore\arduino16x\57a4e9eac5a5a70d390ea49d157fec94\variant\variant.cpp.o
                0x000017bc                SERCOM0_Handler
 .text.SERCOM5_Handler
                0x000017cc       0x10 C:\Users\mosta\AppData\Local\Temp\VMBCore\arduino16x\57a4e9eac5a5a70d390ea49d157fec94\variant\variant.cpp.o
                0x000017cc                SERCOM5_Handler
 .text.startup._GLOBAL__sub_I_g_APinDescription
                0x000017dc       0x94 C:\Users\mosta\AppData\Local\Temp\VMBCore\arduino16x\57a4e9eac5a5a70d390ea49d157fec94\variant\variant.cpp.o
 .text.Dummy_Handler
                0x00001870       0x60 C:\Users\mosta\AppData\Local\Temp\VMBuilds\BulletCounter\arduino_zero_native\Debug/core.a(cortex_handlers.c.o)
                0x00001870                DMAC_Handler
                0x00001870                HardFault_Handler
                0x00001870                AC_Handler
                0x00001870                PendSV_Handler
                0x00001870                NMI_Handler
                0x00001870                TC7_Handler
                0x00001870                SERCOM1_Handler
                0x00001870                ADC_Handler
                0x00001870                TCC1_Handler
                0x00001870                SERCOM2_Handler
                0x00001870                TCC0_Handler
                0x00001870                RTC_Handler
                0x00001870                TC6_Handler
                0x00001870                WDT_Handler
                0x00001870                TC4_Handler
                0x00001870                TC3_Handler
                0x00001870                Dummy_Handler
                0x00001870                PM_Handler
                0x00001870                SVC_Handler
                0x00001870                TCC2_Handler
                0x00001870                EVSYS_Handler
                0x00001870                SERCOM4_Handler
                0x00001870                I2S_Handler
                0x00001870                NVMCTRL_Handler
                0x00001870                DAC_Handler
                0x00001870                PTC_Handler
                0x00001870                SYSCTRL_Handler
 .text.USB_Handler
                0x000018d0       0x14 C:\Users\mosta\AppData\Local\Temp\VMBuilds\BulletCounter\arduino_zero_native\Debug/core.a(cortex_handlers.c.o)
                0x000018d0                USB_Handler
 .text.Reset_Handler
                0x000018e4       0x54 C:\Users\mosta\AppData\Local\Temp\VMBuilds\BulletCounter\arduino_zero_native\Debug/core.a(cortex_handlers.c.o)
                0x000018e4                Reset_Handler
 .text.SysTick_Handler
                0x00001938       0x10 C:\Users\mosta\AppData\Local\Temp\VMBuilds\BulletCounter\arduino_zero_native\Debug/core.a(cortex_handlers.c.o)
                0x00001938                SysTick_Handler
 .text.USB_SetHandler
                0x00001948        0xc C:\Users\mosta\AppData\Local\Temp\VMBuilds\BulletCounter\arduino_zero_native\Debug/core.a(cortex_handlers.c.o)
                0x00001948                USB_SetHandler
 .text.millis   0x00001954        0xc C:\Users\mosta\AppData\Local\Temp\VMBuilds\BulletCounter\arduino_zero_native\Debug/core.a(delay.c.o)
                0x00001954                millis
 .text.delay    0x00001960       0x20 C:\Users\mosta\AppData\Local\Temp\VMBuilds\BulletCounter\arduino_zero_native\Debug/core.a(delay.c.o)
                0x00001960                delay
 .text.SysTick_DefaultHandler
                0x00001980       0x14 C:\Users\mosta\AppData\Local\Temp\VMBuilds\BulletCounter\arduino_zero_native\Debug/core.a(delay.c.o)
                0x00001980                SysTick_DefaultHandler
 .text.__empty  0x00001994        0x2 C:\Users\mosta\AppData\Local\Temp\VMBuilds\BulletCounter\arduino_zero_native\Debug/core.a(hooks.c.o)
                0x00001994                yield
 .text.__false  0x00001996        0x4 C:\Users\mosta\AppData\Local\Temp\VMBuilds\BulletCounter\arduino_zero_native\Debug/core.a(hooks.c.o)
                0x00001996                sysTickHook
 *fill*         0x0000199a        0x2 
 .text.SystemInit
                0x0000199c      0x168 C:\Users\mosta\AppData\Local\Temp\VMBuilds\BulletCounter\arduino_zero_native\Debug/core.a(startup.c.o)
                0x0000199c                SystemInit
 .text.detachInterrupt
                0x00001b04       0x78 C:\Users\mosta\AppData\Local\Temp\VMBuilds\BulletCounter\arduino_zero_native\Debug/core.a(WInterrupts.c.o)
                0x00001b04                detachInterrupt
 .text.EIC_Handler
                0x00001b7c       0x3c C:\Users\mosta\AppData\Local\Temp\VMBuilds\BulletCounter\arduino_zero_native\Debug/core.a(WInterrupts.c.o)
                0x00001b7c                EIC_Handler
 .text.init     0x00001bb8       0xf0 C:\Users\mosta\AppData\Local\Temp\VMBuilds\BulletCounter\arduino_zero_native\Debug/core.a(wiring.c.o)
                0x00001bb8                init
 .text.analogReference
                0x00001ca8       0x5c C:\Users\mosta\AppData\Local\Temp\VMBuilds\BulletCounter\arduino_zero_native\Debug/core.a(wiring_analog.c.o)
                0x00001ca8                analogReference
 .text.pinMode  0x00001d04       0xb4 C:\Users\mosta\AppData\Local\Temp\VMBuilds\BulletCounter\arduino_zero_native\Debug/core.a(wiring_digital.c.o)
                0x00001d04                pinMode
 .text.digitalWrite
                0x00001db8       0x60 C:\Users\mosta\AppData\Local\Temp\VMBuilds\BulletCounter\arduino_zero_native\Debug/core.a(wiring_digital.c.o)
                0x00001db8                digitalWrite
 .text.pinPeripheral
                0x00001e18       0xc4 C:\Users\mosta\AppData\Local\Temp\VMBuilds\BulletCounter\arduino_zero_native\Debug/core.a(wiring_private.c.o)
                0x00001e18                pinPeripheral
 .text.__cxa_pure_virtual
                0x00001edc        0x2 C:\Users\mosta\AppData\Local\Temp\VMBuilds\BulletCounter\arduino_zero_native\Debug/core.a(abi.cpp.o)
                0x00001edc                __cxa_pure_virtual
 .text._Z11initVariantv
                0x00001ede        0x2 C:\Users\mosta\AppData\Local\Temp\VMBuilds\BulletCounter\arduino_zero_native\Debug/core.a(main.cpp.o)
                0x00001ede                initVariant()
 .text.startup.main
                0x00001ee0       0x40 C:\Users\mosta\AppData\Local\Temp\VMBuilds\BulletCounter\arduino_zero_native\Debug/core.a(main.cpp.o)
                0x00001ee0                main
 .text._ZN5Print5writeEPKhj
                0x00001f20       0x28 C:\Users\mosta\AppData\Local\Temp\VMBuilds\BulletCounter\arduino_zero_native\Debug/core.a(Print.cpp.o)
                0x00001f20                Print::write(unsigned char const*, unsigned int)
 .text._ZN5Print5writeEPKc
                0x00001f48       0x1c C:\Users\mosta\AppData\Local\Temp\VMBuilds\BulletCounter\arduino_zero_native\Debug/core.a(Print.cpp.o)
                0x00001f48                Print::write(char const*)
 .text._ZN5Print7printlnEv
                0x00001f64       0x10 C:\Users\mosta\AppData\Local\Temp\VMBuilds\BulletCounter\arduino_zero_native\Debug/core.a(Print.cpp.o)
                0x00001f64                Print::println()
 .text._ZN5Print7printlnEPKc
                0x00001f74       0x14 C:\Users\mosta\AppData\Local\Temp\VMBuilds\BulletCounter\arduino_zero_native\Debug/core.a(Print.cpp.o)
                0x00001f74                Print::println(char const*)
 .text.initiateReset
                0x00001f88        0xc C:\Users\mosta\AppData\Local\Temp\VMBuilds\BulletCounter\arduino_zero_native\Debug/core.a(Reset.cpp.o)
                0x00001f88                initiateReset
 .text.cancelReset
                0x00001f94       0x10 C:\Users\mosta\AppData\Local\Temp\VMBuilds\BulletCounter\arduino_zero_native\Debug/core.a(Reset.cpp.o)
                0x00001f94                cancelReset
 .text.tickReset
                0x00001fa4       0x74 C:\Users\mosta\AppData\Local\Temp\VMBuilds\BulletCounter\arduino_zero_native\Debug/core.a(Reset.cpp.o)
                0x00001fa4                tickReset
 .text._ZN6SERCOMC2EP6Sercom
                0x00002018        0x4 C:\Users\mosta\AppData\Local\Temp\VMBuilds\BulletCounter\arduino_zero_native\Debug/core.a(SERCOM.cpp.o)
                0x00002018                SERCOM::SERCOM(Sercom*)
                0x00002018                SERCOM::SERCOM(Sercom*)
 .text._ZN6SERCOM9initFrameE18SercomUartCharSize15SercomDataOrder16SercomParityMode19SercomNumberStopBit
                0x0000201c       0x38 C:\Users\mosta\AppData\Local\Temp\VMBuilds\BulletCounter\arduino_zero_native\Debug/core.a(SERCOM.cpp.o)
                0x0000201c                SERCOM::initFrame(SercomUartCharSize, SercomDataOrder, SercomParityMode, SercomNumberStopBit)
 .text._ZN6SERCOM8initPadsE15SercomUartTXPad11SercomRXPad
                0x00002054       0x26 C:\Users\mosta\AppData\Local\Temp\VMBuilds\BulletCounter\arduino_zero_native\Debug/core.a(SERCOM.cpp.o)
                0x00002054                SERCOM::initPads(SercomUartTXPad, SercomRXPad)
 .text._ZN6SERCOM9resetUARTEv
                0x0000207a       0x1c C:\Users\mosta\AppData\Local\Temp\VMBuilds\BulletCounter\arduino_zero_native\Debug/core.a(SERCOM.cpp.o)
                0x0000207a                SERCOM::resetUART()
 .text._ZN6SERCOM10enableUARTEv
                0x00002096       0x14 C:\Users\mosta\AppData\Local\Temp\VMBuilds\BulletCounter\arduino_zero_native\Debug/core.a(SERCOM.cpp.o)
                0x00002096                SERCOM::enableUART()
 *fill*         0x000020aa        0x2 
 .text._ZN6SERCOM9flushUARTEv
                0x000020ac       0x2c C:\Users\mosta\AppData\Local\Temp\VMBuilds\BulletCounter\arduino_zero_native\Debug/core.a(SERCOM.cpp.o)
                0x000020ac                SERCOM::flushUART()
 .text._ZN6SERCOM15clearStatusUARTEv
                0x000020d8        0x8 C:\Users\mosta\AppData\Local\Temp\VMBuilds\BulletCounter\arduino_zero_native\Debug/core.a(SERCOM.cpp.o)
                0x000020d8                SERCOM::clearStatusUART()
 .text._ZN6SERCOM17availableDataUARTEv
                0x000020e0        0xa C:\Users\mosta\AppData\Local\Temp\VMBuilds\BulletCounter\arduino_zero_native\Debug/core.a(SERCOM.cpp.o)
                0x000020e0                SERCOM::availableDataUART()
 .text._ZN6SERCOM11isUARTErrorEv
                0x000020ea        0x8 C:\Users\mosta\AppData\Local\Temp\VMBuilds\BulletCounter\arduino_zero_native\Debug/core.a(SERCOM.cpp.o)
                0x000020ea                SERCOM::isUARTError()
 .text._ZN6SERCOM20acknowledgeUARTErrorEv
                0x000020f2        0xe C:\Users\mosta\AppData\Local\Temp\VMBuilds\BulletCounter\arduino_zero_native\Debug/core.a(SERCOM.cpp.o)
                0x000020f2                SERCOM::acknowledgeUARTError()
 .text._ZN6SERCOM16isFrameErrorUARTEv
                0x00002100        0xa C:\Users\mosta\AppData\Local\Temp\VMBuilds\BulletCounter\arduino_zero_native\Debug/core.a(SERCOM.cpp.o)
                0x00002100                SERCOM::isFrameErrorUART()
 .text._ZN6SERCOM19clearFrameErrorUARTEv
                0x0000210a        0xc C:\Users\mosta\AppData\Local\Temp\VMBuilds\BulletCounter\arduino_zero_native\Debug/core.a(SERCOM.cpp.o)
                0x0000210a                SERCOM::clearFrameErrorUART()
 .text._ZN6SERCOM23isDataRegisterEmptyUARTEv
                0x00002116        0xa C:\Users\mosta\AppData\Local\Temp\VMBuilds\BulletCounter\arduino_zero_native\Debug/core.a(SERCOM.cpp.o)
                0x00002116                SERCOM::isDataRegisterEmptyUART()
 .text._ZN6SERCOM12readDataUARTEv
                0x00002120        0x8 C:\Users\mosta\AppData\Local\Temp\VMBuilds\BulletCounter\arduino_zero_native\Debug/core.a(SERCOM.cpp.o)
                0x00002120                SERCOM::readDataUART()
 .text._ZN6SERCOM13writeDataUARTEh
                0x00002128        0xe C:\Users\mosta\AppData\Local\Temp\VMBuilds\BulletCounter\arduino_zero_native\Debug/core.a(SERCOM.cpp.o)
                0x00002128                SERCOM::writeDataUART(unsigned char)
 .text._ZN6SERCOM36enableDataRegisterEmptyInterruptUARTEv
                0x00002136        0x8 C:\Users\mosta\AppData\Local\Temp\VMBuilds\BulletCounter\arduino_zero_native\Debug/core.a(SERCOM.cpp.o)
                0x00002136                SERCOM::enableDataRegisterEmptyInterruptUART()
 .text._ZN6SERCOM37disableDataRegisterEmptyInterruptUARTEv
                0x0000213e        0x8 C:\Users\mosta\AppData\Local\Temp\VMBuilds\BulletCounter\arduino_zero_native\Debug/core.a(SERCOM.cpp.o)
                0x0000213e                SERCOM::disableDataRegisterEmptyInterruptUART()
 *fill*         0x00002146        0x2 
 .text._ZN6SERCOM12initSPIClockE18SercomSpiClockModem
                0x00002148       0x30 C:\Users\mosta\AppData\Local\Temp\VMBuilds\BulletCounter\arduino_zero_native\Debug/core.a(SERCOM.cpp.o)
                0x00002148                SERCOM::initSPIClock(SercomSpiClockMode, unsigned long)
 .text._ZN6SERCOM8resetSPIEv
                0x00002178       0x1c C:\Users\mosta\AppData\Local\Temp\VMBuilds\BulletCounter\arduino_zero_native\Debug/core.a(SERCOM.cpp.o)
                0x00002178                SERCOM::resetSPI()
 .text._ZN6SERCOM9enableSPIEv
                0x00002194       0x14 C:\Users\mosta\AppData\Local\Temp\VMBuilds\BulletCounter\arduino_zero_native\Debug/core.a(SERCOM.cpp.o)
                0x00002194                SERCOM::enableSPI()
 .text._ZN6SERCOM10disableSPIEv
                0x000021a8       0x12 C:\Users\mosta\AppData\Local\Temp\VMBuilds\BulletCounter\arduino_zero_native\Debug/core.a(SERCOM.cpp.o)
                0x000021a8                SERCOM::disableSPI()
 .text._ZN6SERCOM15transferDataSPIEh
                0x000021ba       0x1a C:\Users\mosta\AppData\Local\Temp\VMBuilds\BulletCounter\arduino_zero_native\Debug/core.a(SERCOM.cpp.o)
                0x000021ba                SERCOM::transferDataSPI(unsigned char)
 .text._ZN6SERCOM9resetWIREEv
                0x000021d4       0x1c C:\Users\mosta\AppData\Local\Temp\VMBuilds\BulletCounter\arduino_zero_native\Debug/core.a(SERCOM.cpp.o)
                0x000021d4                SERCOM::resetWIRE()
 .text._ZN6SERCOM10enableWIREEv
                0x000021f0       0x28 C:\Users\mosta\AppData\Local\Temp\VMBuilds\BulletCounter\arduino_zero_native\Debug/core.a(SERCOM.cpp.o)
                0x000021f0                SERCOM::enableWIRE()
 .text._ZN6SERCOM18prepareNackBitWIREEv
                0x00002218       0x10 C:\Users\mosta\AppData\Local\Temp\VMBuilds\BulletCounter\arduino_zero_native\Debug/core.a(SERCOM.cpp.o)
                0x00002218                SERCOM::prepareNackBitWIRE()
 .text._ZN6SERCOM17prepareAckBitWIREEv
                0x00002228       0x14 C:\Users\mosta\AppData\Local\Temp\VMBuilds\BulletCounter\arduino_zero_native\Debug/core.a(SERCOM.cpp.o)
                0x00002228                SERCOM::prepareAckBitWIRE()
 .text._ZN6SERCOM22prepareCommandBitsWireEh
                0x0000223c       0x2c C:\Users\mosta\AppData\Local\Temp\VMBuilds\BulletCounter\arduino_zero_native\Debug/core.a(SERCOM.cpp.o)
                0x0000223c                SERCOM::prepareCommandBitsWire(unsigned char)
 .text._ZN6SERCOM21startTransmissionWIREEh23SercomWireReadWriteFlag
                0x00002268       0x5e C:\Users\mosta\AppData\Local\Temp\VMBuilds\BulletCounter\arduino_zero_native\Debug/core.a(SERCOM.cpp.o)
                0x00002268                SERCOM::startTransmissionWIRE(unsigned char, SercomWireReadWriteFlag)
 .text._ZN6SERCOM18sendDataMasterWIREEh
                0x000022c6       0x22 C:\Users\mosta\AppData\Local\Temp\VMBuilds\BulletCounter\arduino_zero_native\Debug/core.a(SERCOM.cpp.o)
                0x000022c6                SERCOM::sendDataMasterWIRE(unsigned char)
 .text._ZN6SERCOM17sendDataSlaveWIREEh
                0x000022e8       0x1a C:\Users\mosta\AppData\Local\Temp\VMBuilds\BulletCounter\arduino_zero_native\Debug/core.a(SERCOM.cpp.o)
                0x000022e8                SERCOM::sendDataSlaveWIRE(unsigned char)
 .text._ZN6SERCOM11isSlaveWIREEv
                0x00002302       0x12 C:\Users\mosta\AppData\Local\Temp\VMBuilds\BulletCounter\arduino_zero_native\Debug/core.a(SERCOM.cpp.o)
                0x00002302                SERCOM::isSlaveWIRE()
 .text._ZN6SERCOM15isDataReadyWIREEv
                0x00002314        0xa C:\Users\mosta\AppData\Local\Temp\VMBuilds\BulletCounter\arduino_zero_native\Debug/core.a(SERCOM.cpp.o)
                0x00002314                SERCOM::isDataReadyWIRE()
 .text._ZN6SERCOM18isStopDetectedWIREEv
                0x0000231e        0xa C:\Users\mosta\AppData\Local\Temp\VMBuilds\BulletCounter\arduino_zero_native\Debug/core.a(SERCOM.cpp.o)
                0x0000231e                SERCOM::isStopDetectedWIRE()
 .text._ZN6SERCOM21isRestartDetectedWIREEv
                0x00002328        0xa C:\Users\mosta\AppData\Local\Temp\VMBuilds\BulletCounter\arduino_zero_native\Debug/core.a(SERCOM.cpp.o)
                0x00002328                SERCOM::isRestartDetectedWIRE()
 .text._ZN6SERCOM14isAddressMatchEv
                0x00002332        0xa C:\Users\mosta\AppData\Local\Temp\VMBuilds\BulletCounter\arduino_zero_native\Debug/core.a(SERCOM.cpp.o)
                0x00002332                SERCOM::isAddressMatch()
 .text._ZN6SERCOM25isMasterReadOperationWIREEv
                0x0000233c        0xa C:\Users\mosta\AppData\Local\Temp\VMBuilds\BulletCounter\arduino_zero_native\Debug/core.a(SERCOM.cpp.o)
                0x0000233c                SERCOM::isMasterReadOperationWIRE()
 .text._ZN6SERCOM12readDataWIREEv
                0x00002346       0x1a C:\Users\mosta\AppData\Local\Temp\VMBuilds\BulletCounter\arduino_zero_native\Debug/core.a(SERCOM.cpp.o)
                0x00002346                SERCOM::readDataWIRE()
 .text._ZN6SERCOM13initClockNVICEv
                0x00002360       0xac C:\Users\mosta\AppData\Local\Temp\VMBuilds\BulletCounter\arduino_zero_native\Debug/core.a(SERCOM.cpp.o)
                0x00002360                SERCOM::initClockNVIC()
 .text._ZN6SERCOM8initUARTE14SercomUartMode20SercomUartSampleRatem
                0x0000240c       0x6c C:\Users\mosta\AppData\Local\Temp\VMBuilds\BulletCounter\arduino_zero_native\Debug/core.a(SERCOM.cpp.o)
                0x0000240c                SERCOM::initUART(SercomUartMode, SercomUartSampleRate, unsigned long)
 .text._ZN6SERCOM7initSPIE14SercomSpiTXPad11SercomRXPad17SercomSpiCharSize15SercomDataOrder
                0x00002478       0x48 C:\Users\mosta\AppData\Local\Temp\VMBuilds\BulletCounter\arduino_zero_native\Debug/core.a(SERCOM.cpp.o)
                0x00002478                SERCOM::initSPI(SercomSpiTXPad, SercomRXPad, SercomSpiCharSize, SercomDataOrder)
 .text._ZN6SERCOM14initMasterWIREEm
                0x000024c0       0x54 C:\Users\mosta\AppData\Local\Temp\VMBuilds\BulletCounter\arduino_zero_native\Debug/core.a(SERCOM.cpp.o)
                0x000024c0                SERCOM::initMasterWIRE(unsigned long)
 .text._ZN4UartcvbEv
                0x00002514        0x4 C:\Users\mosta\AppData\Local\Temp\VMBuilds\BulletCounter\arduino_zero_native\Debug/core.a(Uart.cpp.o)
                0x00002514                Uart::operator bool()
 .text._ZN4Uart5beginEm
                0x00002518       0x10 C:\Users\mosta\AppData\Local\Temp\VMBuilds\BulletCounter\arduino_zero_native\Debug/core.a(Uart.cpp.o)
                0x00002518                Uart::begin(unsigned long)
 .text._ZN4Uart4peekEv
                0x00002528       0x1a C:\Users\mosta\AppData\Local\Temp\VMBuilds\BulletCounter\arduino_zero_native\Debug/core.a(Uart.cpp.o)
                0x00002528                Uart::peek()
 .text._ZN4Uart3endEv
                0x00002542       0x20 C:\Users\mosta\AppData\Local\Temp\VMBuilds\BulletCounter\arduino_zero_native\Debug/core.a(Uart.cpp.o)
                0x00002542                Uart::end()
 *fill*         0x00002562        0x2 
 .text._ZN4UartC2EP6SERCOMhh11SercomRXPad15SercomUartTXPadhh
                0x00002564       0xa4 C:\Users\mosta\AppData\Local\Temp\VMBuilds\BulletCounter\arduino_zero_native\Debug/core.a(Uart.cpp.o)
                0x00002564                Uart::Uart(SERCOM*, unsigned char, unsigned char, SercomRXPad, SercomUartTXPad, unsigned char, unsigned char)
                0x00002564                Uart::Uart(SERCOM*, unsigned char, unsigned char, SercomRXPad, SercomUartTXPad, unsigned char, unsigned char)
 .text._ZN4UartC2EP6SERCOMhh11SercomRXPad15SercomUartTXPad
                0x00002608       0x24 C:\Users\mosta\AppData\Local\Temp\VMBuilds\BulletCounter\arduino_zero_native\Debug/core.a(Uart.cpp.o)
                0x00002608                Uart::Uart(SERCOM*, unsigned char, unsigned char, SercomRXPad, SercomUartTXPad)
                0x00002608                Uart::Uart(SERCOM*, unsigned char, unsigned char, SercomRXPad, SercomUartTXPad)
 .text._ZN4Uart16extractNbStopBitEt
                0x0000262c        0xe C:\Users\mosta\AppData\Local\Temp\VMBuilds\BulletCounter\arduino_zero_native\Debug/core.a(Uart.cpp.o)
                0x0000262c                Uart::extractNbStopBit(unsigned short)
 .text._ZN4Uart15extractCharSizeEt
                0x0000263a       0x2c C:\Users\mosta\AppData\Local\Temp\VMBuilds\BulletCounter\arduino_zero_native\Debug/core.a(Uart.cpp.o)
                0x0000263a                Uart::extractCharSize(unsigned short)
 .text._ZN4Uart13extractParityEt
                0x00002666       0x18 C:\Users\mosta\AppData\Local\Temp\VMBuilds\BulletCounter\arduino_zero_native\Debug/core.a(Uart.cpp.o)
                0x00002666                Uart::extractParity(unsigned short)
 *fill*         0x0000267e        0x2 
 .text._ZN4Uart5beginEmt
                0x00002680       0xf8 C:\Users\mosta\AppData\Local\Temp\VMBuilds\BulletCounter\arduino_zero_native\Debug/core.a(Uart.cpp.o)
                0x00002680                Uart::begin(unsigned long, unsigned short)
 .text._ZN11RingBufferNILi256EE9availableEv
                0x00002778       0x12 C:\Users\mosta\AppData\Local\Temp\VMBuilds\BulletCounter\arduino_zero_native\Debug/core.a(Uart.cpp.o)
                0x00002778                RingBufferN<256>::available()
 *fill*         0x0000278a        0x2 
 .text._ZN4Uart5flushEv
                0x0000278c       0x30 C:\Users\mosta\AppData\Local\Temp\VMBuilds\BulletCounter\arduino_zero_native\Debug/core.a(Uart.cpp.o)
                0x0000278c                Uart::flush()
 .text._ZN4Uart9availableEv
                0x000027bc        0xa C:\Users\mosta\AppData\Local\Temp\VMBuilds\BulletCounter\arduino_zero_native\Debug/core.a(Uart.cpp.o)
                0x000027bc                Uart::available()
 .text._ZN11RingBufferNILi256EE17availableForStoreEv
                0x000027c6       0x1e C:\Users\mosta\AppData\Local\Temp\VMBuilds\BulletCounter\arduino_zero_native\Debug/core.a(Uart.cpp.o)
                0x000027c6                RingBufferN<256>::availableForStore()
 .text._ZN4Uart17availableForWriteEv
                0x000027e4        0xc C:\Users\mosta\AppData\Local\Temp\VMBuilds\BulletCounter\arduino_zero_native\Debug/core.a(Uart.cpp.o)
                0x000027e4                Uart::availableForWrite()
 .text._ZN4Uart10IrqHandlerEv
                0x000027f0       0xc8 C:\Users\mosta\AppData\Local\Temp\VMBuilds\BulletCounter\arduino_zero_native\Debug/core.a(Uart.cpp.o)
                0x000027f0                Uart::IrqHandler()
 .text._ZN4Uart5writeEh
                0x000028b8       0xb4 C:\Users\mosta\AppData\Local\Temp\VMBuilds\BulletCounter\arduino_zero_native\Debug/core.a(Uart.cpp.o)
                0x000028b8                Uart::write(unsigned char)
 .text._ZN4Uart4readEv
                0x0000296c       0x4c C:\Users\mosta\AppData\Local\Temp\VMBuilds\BulletCounter\arduino_zero_native\Debug/core.a(Uart.cpp.o)
                0x0000296c                Uart::read()
 .text._ZL5utox8mPc
                0x000029b8       0x1c C:\Users\mosta\AppData\Local\Temp\VMBuilds\BulletCounter\arduino_zero_native\Debug/core.a(USBCore.cpp.o)
 .text._ZN26DoubleBufferedEPOutHandlerD2Ev
                0x000029d4       0x1c C:\Users\mosta\AppData\Local\Temp\VMBuilds\BulletCounter\arduino_zero_native\Debug/core.a(USBCore.cpp.o)
                0x000029d4                DoubleBufferedEPOutHandler::~DoubleBufferedEPOutHandler()
                0x000029d4                DoubleBufferedEPOutHandler::~DoubleBufferedEPOutHandler()
 .text._ZN26DoubleBufferedEPOutHandlerD0Ev
                0x000029f0       0x12 C:\Users\mosta\AppData\Local\Temp\VMBuilds\BulletCounter\arduino_zero_native\Debug/core.a(USBCore.cpp.o)
                0x000029f0                DoubleBufferedEPOutHandler::~DoubleBufferedEPOutHandler()
 *fill*         0x00002a02        0x2 
 .text._ZN14USBDeviceClass6initEPEmm.part.4
                0x00002a04       0xc8 C:\Users\mosta\AppData\Local\Temp\VMBuilds\BulletCounter\arduino_zero_native\Debug/core.a(USBCore.cpp.o)
 .text._ZN20USBDevice_SAMD21G18x5resetEv
                0x00002acc       0x28 C:\Users\mosta\AppData\Local\Temp\VMBuilds\BulletCounter\arduino_zero_native\Debug/core.a(USBCore.cpp.o)
                0x00002acc                USBDevice_SAMD21G18x::reset()
 .text._ZN20USBDevice_SAMD21G18x9calibrateEv
                0x00002af4       0x5c C:\Users\mosta\AppData\Local\Temp\VMBuilds\BulletCounter\arduino_zero_native\Debug/core.a(USBCore.cpp.o)
                0x00002af4                USBDevice_SAMD21G18x::calibrate()
 .text._ZN7__GuardC2Ev
                0x00002b50        0xe C:\Users\mosta\AppData\Local\Temp\VMBuilds\BulletCounter\arduino_zero_native\Debug/core.a(USBCore.cpp.o)
                0x00002b50                __Guard::__Guard()
                0x00002b50                __Guard::__Guard()
 .text._ZN7__GuardD2Ev
                0x00002b5e        0xe C:\Users\mosta\AppData\Local\Temp\VMBuilds\BulletCounter\arduino_zero_native\Debug/core.a(USBCore.cpp.o)
                0x00002b5e                __Guard::~__Guard()
                0x00002b5e                __Guard::~__Guard()
 .text._ZNK26DoubleBufferedEPOutHandler9availableEv
                0x00002b6c       0x5e C:\Users\mosta\AppData\Local\Temp\VMBuilds\BulletCounter\arduino_zero_native\Debug/core.a(USBCore.cpp.o)
                0x00002b6c                DoubleBufferedEPOutHandler::available() const
 *fill*         0x00002bca        0x2 
 .text._ZN26DoubleBufferedEPOutHandler7releaseEv
                0x00002bcc       0x58 C:\Users\mosta\AppData\Local\Temp\VMBuilds\BulletCounter\arduino_zero_native\Debug/core.a(USBCore.cpp.o)
                0x00002bcc                DoubleBufferedEPOutHandler::release()
 .text._ZN26DoubleBufferedEPOutHandler4recvEPvm
                0x00002c24      0x11c C:\Users\mosta\AppData\Local\Temp\VMBuilds\BulletCounter\arduino_zero_native\Debug/core.a(USBCore.cpp.o)
                0x00002c24                DoubleBufferedEPOutHandler::recv(void*, unsigned long)
 .text._ZN26DoubleBufferedEPOutHandler14handleEndpointEv
                0x00002d40       0xc8 C:\Users\mosta\AppData\Local\Temp\VMBuilds\BulletCounter\arduino_zero_native\Debug/core.a(USBCore.cpp.o)
                0x00002d40                DoubleBufferedEPOutHandler::handleEndpoint()
 .text._ZN14USBDeviceClass14SendInterfacesEPm
                0x00002e08       0x2c C:\Users\mosta\AppData\Local\Temp\VMBuilds\BulletCounter\arduino_zero_native\Debug/core.a(USBCore.cpp.o)
                0x00002e08                USBDeviceClass::SendInterfaces(unsigned long*)
 .text._ZN14USBDeviceClass14handleEndpointEh
                0x00002e34       0x40 C:\Users\mosta\AppData\Local\Temp\VMBuilds\BulletCounter\arduino_zero_native\Debug/core.a(USBCore.cpp.o)
                0x00002e34                USBDeviceClass::handleEndpoint(unsigned char)
 .text._ZN14USBDeviceClass4initEv
                0x00002e74       0xf0 C:\Users\mosta\AppData\Local\Temp\VMBuilds\BulletCounter\arduino_zero_native\Debug/core.a(USBCore.cpp.o)
                0x00002e74                USBDeviceClass::init()
 .text._ZN14USBDeviceClass6attachEv
                0x00002f64       0x34 C:\Users\mosta\AppData\Local\Temp\VMBuilds\BulletCounter\arduino_zero_native\Debug/core.a(USBCore.cpp.o)
                0x00002f64                USBDeviceClass::attach()
 .text._ZN14USBDeviceClass10setAddressEm
                0x00002f98       0x48 C:\Users\mosta\AppData\Local\Temp\VMBuilds\BulletCounter\arduino_zero_native\Debug/core.a(USBCore.cpp.o)
                0x00002f98                USBDeviceClass::setAddress(unsigned long)
 .text._ZN14USBDeviceClass25handleClassInterfaceSetupER8USBSetup
                0x00002fe0       0x40 C:\Users\mosta\AppData\Local\Temp\VMBuilds\BulletCounter\arduino_zero_native\Debug/core.a(USBCore.cpp.o)
                0x00002fe0                USBDeviceClass::handleClassInterfaceSetup(USBSetup&)
 .text._ZN14USBDeviceClass6initEPEmm
                0x00003020       0xf8 C:\Users\mosta\AppData\Local\Temp\VMBuilds\BulletCounter\arduino_zero_native\Debug/core.a(USBCore.cpp.o)
                0x00003020                USBDeviceClass::initEP(unsigned long, unsigned long)
 .text._ZN14USBDeviceClass13initEndpointsEv
                0x00003118       0x24 C:\Users\mosta\AppData\Local\Temp\VMBuilds\BulletCounter\arduino_zero_native\Debug/core.a(USBCore.cpp.o)
                0x00003118                USBDeviceClass::initEndpoints()
 .text._ZN14USBDeviceClass9availableEm
                0x0000313c       0x2c C:\Users\mosta\AppData\Local\Temp\VMBuilds\BulletCounter\arduino_zero_native\Debug/core.a(USBCore.cpp.o)
                0x0000313c                USBDeviceClass::available(unsigned long)
 .text._ZN14USBDeviceClass5flushEm
                0x00003168       0x2c C:\Users\mosta\AppData\Local\Temp\VMBuilds\BulletCounter\arduino_zero_native\Debug/core.a(USBCore.cpp.o)
                0x00003168                USBDeviceClass::flush(unsigned long)
 .text._ZN14USBDeviceClass14armRecvCtrlOUTEm
                0x00003194       0x60 C:\Users\mosta\AppData\Local\Temp\VMBuilds\BulletCounter\arduino_zero_native\Debug/core.a(USBCore.cpp.o)
                0x00003194                USBDeviceClass::armRecvCtrlOUT(unsigned long)
 .text._ZN14USBDeviceClass11recvControlEPvm
                0x000031f4       0x3c C:\Users\mosta\AppData\Local\Temp\VMBuilds\BulletCounter\arduino_zero_native\Debug/core.a(USBCore.cpp.o)
                0x000031f4                USBDeviceClass::recvControl(void*, unsigned long)
 .text._ZN14USBDeviceClass7armRecvEm
                0x00003230       0x3c C:\Users\mosta\AppData\Local\Temp\VMBuilds\BulletCounter\arduino_zero_native\Debug/core.a(USBCore.cpp.o)
                0x00003230                USBDeviceClass::armRecv(unsigned long)
 .text._ZN14USBDeviceClass4recvEmPvm
                0x0000326c       0xd8 C:\Users\mosta\AppData\Local\Temp\VMBuilds\BulletCounter\arduino_zero_native\Debug/core.a(USBCore.cpp.o)
                0x0000326c                USBDeviceClass::recv(unsigned long, void*, unsigned long)
 .text._ZN14USBDeviceClass4recvEm
                0x00003344       0x1c C:\Users\mosta\AppData\Local\Temp\VMBuilds\BulletCounter\arduino_zero_native\Debug/core.a(USBCore.cpp.o)
                0x00003344                USBDeviceClass::recv(unsigned long)
 .text._ZN14USBDeviceClass4sendEmPKvm
                0x00003360      0x124 C:\Users\mosta\AppData\Local\Temp\VMBuilds\BulletCounter\arduino_zero_native\Debug/core.a(USBCore.cpp.o)
                0x00003360                USBDeviceClass::send(unsigned long, void const*, unsigned long)
 .text._ZN14USBDeviceClass7armSendEmPKvm
                0x00003484       0x48 C:\Users\mosta\AppData\Local\Temp\VMBuilds\BulletCounter\arduino_zero_native\Debug/core.a(USBCore.cpp.o)
                0x00003484                USBDeviceClass::armSend(unsigned long, void const*, unsigned long)
 .text._ZN14USBDeviceClass11sendControlEPKvm
                0x000034cc       0x58 C:\Users\mosta\AppData\Local\Temp\VMBuilds\BulletCounter\arduino_zero_native\Debug/core.a(USBCore.cpp.o)
                0x000034cc                USBDeviceClass::sendControl(void const*, unsigned long)
 .text._ZN14USBDeviceClass20sendStringDescriptorEPKhh
                0x00003524       0x68 C:\Users\mosta\AppData\Local\Temp\VMBuilds\BulletCounter\arduino_zero_native\Debug/core.a(USBCore.cpp.o)
                0x00003524                USBDeviceClass::sendStringDescriptor(unsigned char const*, unsigned char)
 .text._ZN14USBDeviceClass12packMessagesEb.part.6
                0x0000358c       0x20 C:\Users\mosta\AppData\Local\Temp\VMBuilds\BulletCounter\arduino_zero_native\Debug/core.a(USBCore.cpp.o)
 .text._ZN14USBDeviceClass17sendConfigurationEm
                0x000035ac       0x90 C:\Users\mosta\AppData\Local\Temp\VMBuilds\BulletCounter\arduino_zero_native\Debug/core.a(USBCore.cpp.o)
                0x000035ac                USBDeviceClass::sendConfiguration(unsigned long)
 .text._ZN14USBDeviceClass14sendDescriptorER8USBSetup
                0x0000363c       0xec C:\Users\mosta\AppData\Local\Temp\VMBuilds\BulletCounter\arduino_zero_native\Debug/core.a(USBCore.cpp.o)
                0x0000363c                USBDeviceClass::sendDescriptor(USBSetup&)
 .text._ZN14USBDeviceClass19handleStandardSetupER8USBSetup
                0x00003728      0x118 C:\Users\mosta\AppData\Local\Temp\VMBuilds\BulletCounter\arduino_zero_native\Debug/core.a(USBCore.cpp.o)
                0x00003728                USBDeviceClass::handleStandardSetup(USBSetup&)
 .text._ZN14USBDeviceClass10ISRHandlerEv
                0x00003840      0x150 C:\Users\mosta\AppData\Local\Temp\VMBuilds\BulletCounter\arduino_zero_native\Debug/core.a(USBCore.cpp.o)
                0x00003840                USBDeviceClass::ISRHandler()
 .text.UDD_Handler
                0x00003990       0x10 C:\Users\mosta\AppData\Local\Temp\VMBuilds\BulletCounter\arduino_zero_native\Debug/core.a(USBCore.cpp.o)
                0x00003990                UDD_Handler
 .text.startup._GLOBAL__sub_I__ZN20USBDevice_SAMD21G18x5resetEv
                0x000039a0       0x10 C:\Users\mosta\AppData\Local\Temp\VMBuilds\BulletCounter\arduino_zero_native\Debug/core.a(USBCore.cpp.o)
 .text._Znwj    0x000039b0        0x8 C:\Users\mosta\AppData\Local\Temp\VMBuilds\BulletCounter\arduino_zero_native\Debug/core.a(new.cpp.o)
                0x000039b0                operator new(unsigned int)
 .text._ZdlPv   0x000039b8        0x8 C:\Users\mosta\AppData\Local\Temp\VMBuilds\BulletCounter\arduino_zero_native\Debug/core.a(new.cpp.o)
                0x000039b8                operator delete(void*)
 .text._ZN7Serial_17availableForWriteEv
                0x000039c0        0x4 C:\Users\mosta\AppData\Local\Temp\VMBuilds\BulletCounter\arduino_zero_native\Debug/core.a(CDC.cpp.o)
                0x000039c0                Serial_::availableForWrite()
 .text._ZN7Serial_5writeEh
                0x000039c4       0x14 C:\Users\mosta\AppData\Local\Temp\VMBuilds\BulletCounter\arduino_zero_native\Debug/core.a(CDC.cpp.o)
                0x000039c4                Serial_::write(unsigned char)
 .text._ZN7Serial_9availableEv
                0x000039d8        0xc C:\Users\mosta\AppData\Local\Temp\VMBuilds\BulletCounter\arduino_zero_native\Debug/core.a(CDC.cpp.o)
                0x000039d8                Serial_::available()
 .text._ZN7Serial_5flushEv
                0x000039e4        0xc C:\Users\mosta\AppData\Local\Temp\VMBuilds\BulletCounter\arduino_zero_native\Debug/core.a(CDC.cpp.o)
                0x000039e4                Serial_::flush()
 .text._ZN7Serial_5writeEPKhj
                0x000039f0       0x1c C:\Users\mosta\AppData\Local\Temp\VMBuilds\BulletCounter\arduino_zero_native\Debug/core.a(CDC.cpp.o)
                0x000039f0                Serial_::write(unsigned char const*, unsigned int)
 .text._ZN7Serial_4peekEv
                0x00003a0c       0x1c C:\Users\mosta\AppData\Local\Temp\VMBuilds\BulletCounter\arduino_zero_native\Debug/core.a(CDC.cpp.o)
                0x00003a0c                Serial_::peek()
 .text._ZN7Serial_4readEv
                0x00003a28       0x24 C:\Users\mosta\AppData\Local\Temp\VMBuilds\BulletCounter\arduino_zero_native\Debug/core.a(CDC.cpp.o)
                0x00003a28                Serial_::read()
 .text._Z16CDC_GetInterfacePh
                0x00003a4c       0x1c C:\Users\mosta\AppData\Local\Temp\VMBuilds\BulletCounter\arduino_zero_native\Debug/core.a(CDC.cpp.o)
                0x00003a4c                CDC_GetInterface(unsigned char*)
 .text._Z9CDC_SetupR8USBSetup
                0x00003a68       0x80 C:\Users\mosta\AppData\Local\Temp\VMBuilds\BulletCounter\arduino_zero_native\Debug/core.a(CDC.cpp.o)
                0x00003a68                CDC_Setup(USBSetup&)
 .text.startup._GLOBAL__sub_I__Z17_CDC_GetInterfacev
                0x00003ae8       0x28 C:\Users\mosta\AppData\Local\Temp\VMBuilds\BulletCounter\arduino_zero_native\Debug/core.a(CDC.cpp.o)
 .text._ZN13PluggableUSB_12getInterfaceEPh
                0x00003b10       0x2a C:\Users\mosta\AppData\Local\Temp\VMBuilds\BulletCounter\arduino_zero_native\Debug/core.a(PluggableUSB.cpp.o)
                0x00003b10                PluggableUSB_::getInterface(unsigned char*)
 .text._ZN13PluggableUSB_13getDescriptorER8USBSetup
                0x00003b3a       0x20 C:\Users\mosta\AppData\Local\Temp\VMBuilds\BulletCounter\arduino_zero_native\Debug/core.a(PluggableUSB.cpp.o)
                0x00003b3a                PluggableUSB_::getDescriptor(USBSetup&)
 .text._ZN13PluggableUSB_12getShortNameEPc
                0x00003b5a       0x1e C:\Users\mosta\AppData\Local\Temp\VMBuilds\BulletCounter\arduino_zero_native\Debug/core.a(PluggableUSB.cpp.o)
                0x00003b5a                PluggableUSB_::getShortName(char*)
 .text._ZN13PluggableUSB_5setupER8USBSetup
                0x00003b78       0x24 C:\Users\mosta\AppData\Local\Temp\VMBuilds\BulletCounter\arduino_zero_native\Debug/core.a(PluggableUSB.cpp.o)
                0x00003b78                PluggableUSB_::setup(USBSetup&)
 .text._Z12PluggableUSBv
                0x00003b9c       0x24 C:\Users\mosta\AppData\Local\Temp\VMBuilds\BulletCounter\arduino_zero_native\Debug/core.a(PluggableUSB.cpp.o)
                0x00003b9c                PluggableUSB()
 .text.__aeabi_atexit
                0x00003bc0        0xe c:/users/mosta/appdata/local/arduino15/packages/arduino/tools/arm-none-eabi-gcc/4.8.3-2014q1/bin/../lib/gcc/arm-none-eabi/4.8.3/../../../../arm-none-eabi/lib/armv6-m\libstdc++_s.a(atexit_arm.o)
                0x00003bc0                __aeabi_atexit
 *fill*         0x00003bce        0x2 
 .text          0x00003bd0       0x14 c:/users/mosta/appdata/local/arduino15/packages/arduino/tools/arm-none-eabi-gcc/4.8.3-2014q1/bin/../lib/gcc/arm-none-eabi/4.8.3/armv6-m\libgcc.a(_thumb1_case_uqi.o)
                0x00003bd0                __gnu_thumb1_case_uqi
 .text          0x00003be4       0x9c c:/users/mosta/appdata/local/arduino15/packages/arduino/tools/arm-none-eabi-gcc/4.8.3-2014q1/bin/../lib/gcc/arm-none-eabi/4.8.3/armv6-m\libgcc.a(_udivsi3.o)
                0x00003be4                __aeabi_uidiv
                0x00003be4                __udivsi3
                0x00003c6c                __aeabi_uidivmod
 .text          0x00003c80       0xc0 c:/users/mosta/appdata/local/arduino15/packages/arduino/tools/arm-none-eabi-gcc/4.8.3-2014q1/bin/../lib/gcc/arm-none-eabi/4.8.3/armv6-m\libgcc.a(_divsi3.o)
                0x00003c80                __divsi3
                0x00003c80                __aeabi_idiv
                0x00003d2c                __aeabi_idivmod
 .text          0x00003d40        0x4 c:/users/mosta/appdata/local/arduino15/packages/arduino/tools/arm-none-eabi-gcc/4.8.3-2014q1/bin/../lib/gcc/arm-none-eabi/4.8.3/armv6-m\libgcc.a(_dvmd_tls.o)
                0x00003d40                __aeabi_idiv0
                0x00003d40                __aeabi_ldiv0
 .text.__cxa_atexit
                0x00003d44       0x20 c:/users/mosta/appdata/local/arduino15/packages/arduino/tools/arm-none-eabi-gcc/4.8.3-2014q1/bin/../lib/gcc/arm-none-eabi/4.8.3/../../../../arm-none-eabi/lib/armv6-m\libc_s.a(lib_a-cxa_atexit.o)
                0x00003d44                __cxa_atexit
 .text.__libc_init_array
                0x00003d64       0x4c c:/users/mosta/appdata/local/arduino15/packages/arduino/tools/arm-none-eabi-gcc/4.8.3-2014q1/bin/../lib/gcc/arm-none-eabi/4.8.3/../../../../arm-none-eabi/lib/armv6-m\libc_s.a(lib_a-init.o)
                0x00003d64                __libc_init_array
 .text.malloc   0x00003db0       0x14 c:/users/mosta/appdata/local/arduino15/packages/arduino/tools/arm-none-eabi-gcc/4.8.3-2014q1/bin/../lib/gcc/arm-none-eabi/4.8.3/../../../../arm-none-eabi/lib/armv6-m\libc_s.a(lib_a-malloc.o)
                0x00003db0                malloc
 .text.free     0x00003dc4       0x14 c:/users/mosta/appdata/local/arduino15/packages/arduino/tools/arm-none-eabi-gcc/4.8.3-2014q1/bin/../lib/gcc/arm-none-eabi/4.8.3/../../../../arm-none-eabi/lib/armv6-m\libc_s.a(lib_a-malloc.o)
                0x00003dc4                free
 .text.memcpy   0x00003dd8       0x12 c:/users/mosta/appdata/local/arduino15/packages/arduino/tools/arm-none-eabi-gcc/4.8.3-2014q1/bin/../lib/gcc/arm-none-eabi/4.8.3/../../../../arm-none-eabi/lib/armv6-m\libc_s.a(lib_a-memcpy-stub.o)
                0x00003dd8                memcpy
 .text.memset   0x00003dea       0x10 c:/users/mosta/appdata/local/arduino15/packages/arduino/tools/arm-none-eabi-gcc/4.8.3-2014q1/bin/../lib/gcc/arm-none-eabi/4.8.3/../../../../arm-none-eabi/lib/armv6-m\libc_s.a(lib_a-memset.o)
                0x00003dea                memset
 *fill*         0x00003dfa        0x2 
 .text._free_r  0x00003dfc       0x90 c:/users/mosta/appdata/local/arduino15/packages/arduino/tools/arm-none-eabi-gcc/4.8.3-2014q1/bin/../lib/gcc/arm-none-eabi/4.8.3/../../../../arm-none-eabi/lib/armv6-m\libc_s.a(lib_a-nano-freer.o)
                0x00003dfc                _free_r
 .text._malloc_r
                0x00003e8c       0xa8 c:/users/mosta/appdata/local/arduino15/packages/arduino/tools/arm-none-eabi-gcc/4.8.3-2014q1/bin/../lib/gcc/arm-none-eabi/4.8.3/../../../../arm-none-eabi/lib/armv6-m\libc_s.a(lib_a-nano-mallocr.o)
                0x00003e8c                _malloc_r
 .text._sbrk_r  0x00003f34       0x24 c:/users/mosta/appdata/local/arduino15/packages/arduino/tools/arm-none-eabi-gcc/4.8.3-2014q1/bin/../lib/gcc/arm-none-eabi/4.8.3/../../../../arm-none-eabi/lib/armv6-m\libc_s.a(lib_a-sbrkr.o)
                0x00003f34                _sbrk_r
 .text.sprintf  0x00003f58       0x44 c:/users/mosta/appdata/local/arduino15/packages/arduino/tools/arm-none-eabi-gcc/4.8.3-2014q1/bin/../lib/gcc/arm-none-eabi/4.8.3/../../../../arm-none-eabi/lib/armv6-m\libc_s.a(lib_a-sprintf.o)
                0x00003f58                siprintf
                0x00003f58                sprintf
 .text.strlen   0x00003f9c        0xe c:/users/mosta/appdata/local/arduino15/packages/arduino/tools/arm-none-eabi-gcc/4.8.3-2014q1/bin/../lib/gcc/arm-none-eabi/4.8.3/../../../../arm-none-eabi/lib/armv6-m\libc_s.a(lib_a-strlen.o)
                0x00003f9c                strlen
 *fill*         0x00003faa        0x2 
 .text.__ssputs_r
                0x00003fac       0xc0 c:/users/mosta/appdata/local/arduino15/packages/arduino/tools/arm-none-eabi-gcc/4.8.3-2014q1/bin/../lib/gcc/arm-none-eabi/4.8.3/../../../../arm-none-eabi/lib/armv6-m\libc_s.a(lib_a-svfprintf.o)
                0x00003fac                __ssputs_r
 .text._svfprintf_r
                0x0000406c      0x1e0 c:/users/mosta/appdata/local/arduino15/packages/arduino/tools/arm-none-eabi-gcc/4.8.3-2014q1/bin/../lib/gcc/arm-none-eabi/4.8.3/../../../../arm-none-eabi/lib/armv6-m\libc_s.a(lib_a-svfprintf.o)
                0x0000406c                _svfiprintf_r
                0x0000406c                _svfprintf_r
 .text._printf_common
                0x0000424c       0xe8 c:/users/mosta/appdata/local/arduino15/packages/arduino/tools/arm-none-eabi-gcc/4.8.3-2014q1/bin/../lib/gcc/arm-none-eabi/4.8.3/../../../../arm-none-eabi/lib/armv6-m\libc_s.a(lib_a-vfprintf_i.o)
                0x0000424c                _printf_common
 .text._printf_i
                0x00004334      0x22c c:/users/mosta/appdata/local/arduino15/packages/arduino/tools/arm-none-eabi-gcc/4.8.3-2014q1/bin/../lib/gcc/arm-none-eabi/4.8.3/../../../../arm-none-eabi/lib/armv6-m\libc_s.a(lib_a-vfprintf_i.o)
                0x00004334                _printf_i
 .text.memchr   0x00004560       0x16 c:/users/mosta/appdata/local/arduino15/packages/arduino/tools/arm-none-eabi-gcc/4.8.3-2014q1/bin/../lib/gcc/arm-none-eabi/4.8.3/../../../../arm-none-eabi/lib/armv6-m\libc_s.a(lib_a-memchr-stub.o)
                0x00004560                memchr
 .text.memmove  0x00004576       0x32 c:/users/mosta/appdata/local/arduino15/packages/arduino/tools/arm-none-eabi-gcc/4.8.3-2014q1/bin/../lib/gcc/arm-none-eabi/4.8.3/../../../../arm-none-eabi/lib/armv6-m\libc_s.a(lib_a-memmove.o)
                0x00004576                memmove
 .text._realloc_r
                0x000045a8       0x4c c:/users/mosta/appdata/local/arduino15/packages/arduino/tools/arm-none-eabi-gcc/4.8.3-2014q1/bin/../lib/gcc/arm-none-eabi/4.8.3/../../../../arm-none-eabi/lib/armv6-m\libc_s.a(lib_a-nano-reallocr.o)
                0x000045a8                _realloc_r
 .text._malloc_usable_size_r
                0x000045f4       0x12 c:/users/mosta/appdata/local/arduino15/packages/arduino/tools/arm-none-eabi-gcc/4.8.3-2014q1/bin/../lib/gcc/arm-none-eabi/4.8.3/../../../../arm-none-eabi/lib/armv6-m\libc_s.a(lib_a-nano-msizer.o)
                0x000045f4                _malloc_usable_size_r
 *fill*         0x00004606        0x2 
 .text._sbrk    0x00004608       0x34 c:/users/mosta/appdata/local/arduino15/packages/arduino/tools/arm-none-eabi-gcc/4.8.3-2014q1/bin/../lib/gcc/arm-none-eabi/4.8.3/../../../../arm-none-eabi/lib/armv6-m\libnosys.a(sbrk.o)
                0x00004608                _sbrk
 *(.init)
 .init          0x0000463c        0x4 c:/users/mosta/appdata/local/arduino15/packages/arduino/tools/arm-none-eabi-gcc/4.8.3-2014q1/bin/../lib/gcc/arm-none-eabi/4.8.3/armv6-m/crti.o
                0x0000463c                _init
 .init          0x00004640        0x8 c:/users/mosta/appdata/local/arduino15/packages/arduino/tools/arm-none-eabi-gcc/4.8.3-2014q1/bin/../lib/gcc/arm-none-eabi/4.8.3/armv6-m/crtn.o
 *(.fini)
 .fini          0x00004648        0x4 c:/users/mosta/appdata/local/arduino15/packages/arduino/tools/arm-none-eabi-gcc/4.8.3-2014q1/bin/../lib/gcc/arm-none-eabi/4.8.3/armv6-m/crti.o
                0x00004648                _fini
 .fini          0x0000464c        0x8 c:/users/mosta/appdata/local/arduino15/packages/arduino/tools/arm-none-eabi-gcc/4.8.3-2014q1/bin/../lib/gcc/arm-none-eabi/4.8.3/armv6-m/crtn.o
 *crtbegin.o(.ctors)
 *crtbegin?.o(.ctors)
 *(EXCLUDE_FILE(*crtend.o *crtend?.o) .ctors)
 *(SORT(.ctors.*))
 *(.ctors)
 *crtbegin.o(.dtors)
 *crtbegin?.o(.dtors)
 *(EXCLUDE_FILE(*crtend.o *crtend?.o) .dtors)
 *(SORT(.dtors.*))
 *(.dtors)
 *(.rodata*)
 .rodata._ZL22Orbitron_Bold_39Glyphs
                0x00004654      0x2f0 C:\Users\mosta\AppData\Local\Temp\VMBuilds\BulletCounter\arduino_zero_native\Debug\BulletCounter.cpp.o
 .rodata.str1.1
                0x00004944        0x5 C:\Users\mosta\AppData\Local\Temp\VMBuilds\BulletCounter\arduino_zero_native\Debug\BulletCounter.cpp.o
 .rodata._ZL23Orbitron_Bold_39Bitmaps
                0x00004949     0x1b45 C:\Users\mosta\AppData\Local\Temp\VMBuilds\BulletCounter\arduino_zero_native\Debug\BulletCounter.cpp.o
 *fill*         0x0000648e        0x2 
 .rodata._ZL16Orbitron_Bold_39
                0x00006490        0xc C:\Users\mosta\AppData\Local\Temp\VMBuilds\BulletCounter\arduino_zero_native\Debug\BulletCounter.cpp.o
 .rodata        0x0000649c       0x1c C:\Users\mosta\AppData\Local\Temp\VMBuilds\BulletCounter\arduino_zero_native\Debug\SAMD21Timers.cpp.o
 .rodata._ZTV7TwoWire
                0x000064b8       0x28 C:\Users\mosta\AppData\Local\Temp\VMBuilds\BulletCounter\arduino_zero_native\Debug\Wire\Wire.cpp.o
                0x000064b8                vtable for TwoWire
 .rodata._ZTV16Adafruit_SSD1306
                0x000064e0       0x58 C:\Users\mosta\AppData\Local\Temp\VMBuilds\BulletCounter\arduino_zero_native\Debug\Adafruit_SSD1306-master\Adafruit_SSD1306.cpp.o
                0x000064e0                vtable for Adafruit_SSD1306
 .rodata._ZTV12Adafruit_GFX
                0x00006538       0x58 C:\Users\mosta\AppData\Local\Temp\VMBuilds\BulletCounter\arduino_zero_native\Debug\Adafruit-GFX-Library-master\Adafruit_GFX.cpp.o
                0x00006538                vtable for Adafruit_GFX
 .rodata._ZL4font
                0x00006590      0x500 C:\Users\mosta\AppData\Local\Temp\VMBuilds\BulletCounter\arduino_zero_native\Debug\Adafruit-GFX-Library-master\Adafruit_GFX.cpp.o
 .rodata.g_APinDescription
                0x00006a90      0x450 C:\Users\mosta\AppData\Local\Temp\VMBCore\arduino16x\57a4e9eac5a5a70d390ea49d157fec94\variant\variant.cpp.o
                0x00006a90                g_APinDescription
 .rodata.str1.1
                0x00006ee0        0xf C:\Users\mosta\AppData\Local\Temp\VMBuilds\BulletCounter\arduino_zero_native\Debug/core.a(Print.cpp.o)
 *fill*         0x00006eef        0x1 
 .rodata._ZTV4Uart
                0x00006ef0       0x38 C:\Users\mosta\AppData\Local\Temp\VMBuilds\BulletCounter\arduino_zero_native\Debug/core.a(Uart.cpp.o)
                0x00006ef0                vtable for Uart
 .rodata._ZTV26DoubleBufferedEPOutHandler
                0x00006f28       0x20 C:\Users\mosta\AppData\Local\Temp\VMBuilds\BulletCounter\arduino_zero_native\Debug/core.a(USBCore.cpp.o)
                0x00006f28                vtable for DoubleBufferedEPOutHandler
 .rodata._ZL19STRING_MANUFACTURER
                0x00006f48        0xc C:\Users\mosta\AppData\Local\Temp\VMBuilds\BulletCounter\arduino_zero_native\Debug/core.a(USBCore.cpp.o)
 .rodata._ZL15STRING_LANGUAGE
                0x00006f54        0x4 C:\Users\mosta\AppData\Local\Temp\VMBuilds\BulletCounter\arduino_zero_native\Debug/core.a(USBCore.cpp.o)
 .rodata._ZL21USB_DeviceDescriptorB
                0x00006f58       0x12 C:\Users\mosta\AppData\Local\Temp\VMBuilds\BulletCounter\arduino_zero_native\Debug/core.a(USBCore.cpp.o)
 .rodata._ZL14STRING_PRODUCT
                0x00006f6a        0xd C:\Users\mosta\AppData\Local\Temp\VMBuilds\BulletCounter\arduino_zero_native\Debug/core.a(USBCore.cpp.o)
 *fill*         0x00006f77        0x1 
 .rodata._ZTV7Serial_
                0x00006f78       0x28 C:\Users\mosta\AppData\Local\Temp\VMBuilds\BulletCounter\arduino_zero_native\Debug/core.a(CDC.cpp.o)
                0x00006f78                vtable for Serial_
 .rodata.str1.1
                0x00006fa0        0x2 c:/users/mosta/appdata/local/arduino15/packages/arduino/tools/arm-none-eabi-gcc/4.8.3-2014q1/bin/../lib/gcc/arm-none-eabi/4.8.3/../../../../arm-none-eabi/lib/armv6-m\libc_s.a(lib_a-impure.o)
 .rodata.str1.1
                0x00006fa2       0x11 c:/users/mosta/appdata/local/arduino15/packages/arduino/tools/arm-none-eabi-gcc/4.8.3-2014q1/bin/../lib/gcc/arm-none-eabi/4.8.3/../../../../arm-none-eabi/lib/armv6-m\libc_s.a(lib_a-svfprintf.o)
 .rodata.str1.1
                0x00006fb3       0x22 c:/users/mosta/appdata/local/arduino15/packages/arduino/tools/arm-none-eabi-gcc/4.8.3-2014q1/bin/../lib/gcc/arm-none-eabi/4.8.3/../../../../arm-none-eabi/lib/armv6-m\libc_s.a(lib_a-vfprintf_i.o)
 *fill*         0x00006fd5        0x3 
 .rodata.__sf_fake_stdin
                0x00006fd8       0x20 c:/users/mosta/appdata/local/arduino15/packages/arduino/tools/arm-none-eabi-gcc/4.8.3-2014q1/bin/../lib/gcc/arm-none-eabi/4.8.3/../../../../arm-none-eabi/lib/armv6-m\libc_s.a(lib_a-findfp.o)
                0x00006fd8                __sf_fake_stdin
 .rodata.__sf_fake_stdout
                0x00006ff8       0x20 c:/users/mosta/appdata/local/arduino15/packages/arduino/tools/arm-none-eabi-gcc/4.8.3-2014q1/bin/../lib/gcc/arm-none-eabi/4.8.3/../../../../arm-none-eabi/lib/armv6-m\libc_s.a(lib_a-findfp.o)
                0x00006ff8                __sf_fake_stdout
 .rodata.__sf_fake_stderr
                0x00007018       0x20 c:/users/mosta/appdata/local/arduino15/packages/arduino/tools/arm-none-eabi-gcc/4.8.3-2014q1/bin/../lib/gcc/arm-none-eabi/4.8.3/../../../../arm-none-eabi/lib/armv6-m\libc_s.a(lib_a-findfp.o)
                0x00007018                __sf_fake_stderr
 *(.eh_frame*)
 .eh_frame      0x00007038        0x0 c:/users/mosta/appdata/local/arduino15/packages/arduino/tools/arm-none-eabi-gcc/4.8.3-2014q1/bin/../lib/gcc/arm-none-eabi/4.8.3/armv6-m/crtbegin.o
 .eh_frame      0x00007038        0x4 c:/users/mosta/appdata/local/arduino15/packages/arduino/tools/arm-none-eabi-gcc/4.8.3-2014q1/bin/../lib/gcc/arm-none-eabi/4.8.3/armv6-m/crtend.o

.glue_7         0x0000703c        0x0
 .glue_7        0x00000000        0x0 linker stubs

.glue_7t        0x0000703c        0x0
 .glue_7t       0x00000000        0x0 linker stubs

.vfp11_veneer   0x0000703c        0x0
 .vfp11_veneer  0x00000000        0x0 linker stubs

.v4_bx          0x0000703c        0x0
 .v4_bx         0x00000000        0x0 linker stubs

.iplt           0x0000703c        0x0
 .iplt          0x00000000        0x0 c:/users/mosta/appdata/local/arduino15/packages/arduino/tools/arm-none-eabi-gcc/4.8.3-2014q1/bin/../lib/gcc/arm-none-eabi/4.8.3/armv6-m/crtbegin.o

.rel.dyn        0x0000703c        0x0
 .rel.iplt      0x00000000        0x0 c:/users/mosta/appdata/local/arduino15/packages/arduino/tools/arm-none-eabi-gcc/4.8.3-2014q1/bin/../lib/gcc/arm-none-eabi/4.8.3/armv6-m/crtbegin.o

.ARM.extab
 *(.ARM.extab* .gnu.linkonce.armextab.*)
                0x0000703c                __exidx_start = .

.ARM.exidx
 *(.ARM.exidx* .gnu.linkonce.armexidx.*)
                0x0000703c                __exidx_end = .
                0x0000703c                __etext = .

.data           0x20000000      0x330 load address 0x0000703c
                0x20000000                __data_start__ = .
 *(vtable)
 *(.data*)
 .data          0x20000000        0x4 c:/users/mosta/appdata/local/arduino15/packages/arduino/tools/arm-none-eabi-gcc/4.8.3-2014q1/bin/../lib/gcc/arm-none-eabi/4.8.3/armv6-m/crtbegin.o
                0x20000000                __dso_handle
 .data.interval
                0x20000004        0x4 C:\Users\mosta\AppData\Local\Temp\VMBuilds\BulletCounter\arduino_zero_native\Debug\BulletCounter.cpp.o
                0x20000004                interval
 .data.IMU_INT1_19
                0x20000008        0x1 C:\Users\mosta\AppData\Local\Temp\VMBuilds\BulletCounter\arduino_zero_native\Debug\BulletCounter.cpp.o
                0x20000008                IMU_INT1_19
 .data._ZZN16Adafruit_SSD130621drawFastVLineInternalEssstE8postmask
                0x20000009        0x8 C:\Users\mosta\AppData\Local\Temp\VMBuilds\BulletCounter\arduino_zero_native\Debug\Adafruit_SSD1306-master\Adafruit_SSD1306.cpp.o
                0x20000009                Adafruit_SSD1306::drawFastVLineInternal(short, short, short, unsigned short)::postmask
 .data._ZZN16Adafruit_SSD130621drawFastVLineInternalEssstE7premask
                0x20000011        0x8 C:\Users\mosta\AppData\Local\Temp\VMBuilds\BulletCounter\arduino_zero_native\Debug\Adafruit_SSD1306-master\Adafruit_SSD1306.cpp.o
                0x20000011                Adafruit_SSD1306::drawFastVLineInternal(short, short, short, unsigned short)::premask
 .data._ZL6buffer
                0x20000019      0x200 C:\Users\mosta\AppData\Local\Temp\VMBuilds\BulletCounter\arduino_zero_native\Debug\Adafruit_SSD1306-master\Adafruit_SSD1306.cpp.o
 *fill*         0x20000219        0x3 
 .data.SystemCoreClock
                0x2000021c        0x4 C:\Users\mosta\AppData\Local\Temp\VMBuilds\BulletCounter\arduino_zero_native\Debug/core.a(wiring.c.o)
                0x2000021c                SystemCoreClock
 .data._ZL5ticks
                0x20000220        0x4 C:\Users\mosta\AppData\Local\Temp\VMBuilds\BulletCounter\arduino_zero_native\Debug/core.a(Reset.cpp.o)
 .data.EndPoints
                0x20000224       0x28 C:\Users\mosta\AppData\Local\Temp\VMBuilds\BulletCounter\arduino_zero_native\Debug/core.a(USBCore.cpp.o)
                0x20000224                EndPoints
 .data._ZL12_usbLineInfo
                0x2000024c        0x8 C:\Users\mosta\AppData\Local\Temp\VMBuilds\BulletCounter\arduino_zero_native\Debug/core.a(CDC.cpp.o)
 .data._ZL10breakValue
                0x20000254        0x4 C:\Users\mosta\AppData\Local\Temp\VMBuilds\BulletCounter\arduino_zero_native\Debug/core.a(CDC.cpp.o)
 .data._ZL13_cdcInterface
                0x20000258       0x42 C:\Users\mosta\AppData\Local\Temp\VMBuilds\BulletCounter\arduino_zero_native\Debug/core.a(CDC.cpp.o)
 *fill*         0x2000029a        0x2 
 .data._serialPeek
                0x2000029c        0x4 C:\Users\mosta\AppData\Local\Temp\VMBuilds\BulletCounter\arduino_zero_native\Debug/core.a(CDC.cpp.o)
                0x2000029c                _serialPeek
 .data.impure_data
                0x200002a0       0x60 c:/users/mosta/appdata/local/arduino15/packages/arduino/tools/arm-none-eabi-gcc/4.8.3-2014q1/bin/../lib/gcc/arm-none-eabi/4.8.3/../../../../arm-none-eabi/lib/armv6-m\libc_s.a(lib_a-impure.o)
 .data._impure_ptr
                0x20000300        0x4 c:/users/mosta/appdata/local/arduino15/packages/arduino/tools/arm-none-eabi-gcc/4.8.3-2014q1/bin/../lib/gcc/arm-none-eabi/4.8.3/../../../../arm-none-eabi/lib/armv6-m\libc_s.a(lib_a-impure.o)
                0x20000300                _impure_ptr
                0x20000304                . = ALIGN (0x4)
                0x20000304                PROVIDE (__preinit_array_start, .)
 *(.preinit_array)
                0x20000304                PROVIDE (__preinit_array_end, .)
                0x20000304                . = ALIGN (0x4)
                0x20000304                PROVIDE (__init_array_start, .)
 *(SORT(.init_array.*))
 *(.init_array)
 .init_array    0x20000304        0x4 c:/users/mosta/appdata/local/arduino15/packages/arduino/tools/arm-none-eabi-gcc/4.8.3-2014q1/bin/../lib/gcc/arm-none-eabi/4.8.3/armv6-m/crtbegin.o
 .init_array    0x20000308        0x4 C:\Users\mosta\AppData\Local\Temp\VMBuilds\BulletCounter\arduino_zero_native\Debug\BulletCounter.cpp.o
 .init_array    0x2000030c        0x4 C:\Users\mosta\AppData\Local\Temp\VMBuilds\BulletCounter\arduino_zero_native\Debug\Wire\Wire.cpp.o
 .init_array    0x20000310        0x4 C:\Users\mosta\AppData\Local\Temp\VMBuilds\BulletCounter\arduino_zero_native\Debug\SPI\SPI.cpp.o
 .init_array    0x20000314        0x4 C:\Users\mosta\AppData\Local\Temp\VMBCore\arduino16x\57a4e9eac5a5a70d390ea49d157fec94\variant\variant.cpp.o
 .init_array    0x20000318        0x4 C:\Users\mosta\AppData\Local\Temp\VMBuilds\BulletCounter\arduino_zero_native\Debug/core.a(USBCore.cpp.o)
 .init_array    0x2000031c        0x4 C:\Users\mosta\AppData\Local\Temp\VMBuilds\BulletCounter\arduino_zero_native\Debug/core.a(CDC.cpp.o)
                0x20000320                PROVIDE (__init_array_end, .)
                0x20000320                . = ALIGN (0x4)
                0x20000320                PROVIDE (__fini_array_start, .)
 *(SORT(.fini_array.*))
 *(.fini_array)
 .fini_array    0x20000320        0x4 c:/users/mosta/appdata/local/arduino15/packages/arduino/tools/arm-none-eabi-gcc/4.8.3-2014q1/bin/../lib/gcc/arm-none-eabi/4.8.3/armv6-m/crtbegin.o
                0x20000324                PROVIDE (__fini_array_end, .)
 *(.jcr*)
 .jcr           0x20000324        0x0 c:/users/mosta/appdata/local/arduino15/packages/arduino/tools/arm-none-eabi-gcc/4.8.3-2014q1/bin/../lib/gcc/arm-none-eabi/4.8.3/armv6-m/crtbegin.o
 .jcr           0x20000324        0x4 c:/users/mosta/appdata/local/arduino15/packages/arduino/tools/arm-none-eabi-gcc/4.8.3-2014q1/bin/../lib/gcc/arm-none-eabi/4.8.3/armv6-m/crtend.o
                0x20000330                . = ALIGN (0x10)
 *fill*         0x20000328        0x8 
                0x20000330                __data_end__ = .

.igot.plt       0x20000330        0x0 load address 0x0000736c
 .igot.plt      0x00000000        0x0 c:/users/mosta/appdata/local/arduino15/packages/arduino/tools/arm-none-eabi-gcc/4.8.3-2014q1/bin/../lib/gcc/arm-none-eabi/4.8.3/armv6-m/crtbegin.o

.bss            0x20000330      0xdc0 load address 0x0000736c
                0x20000330                . = ALIGN (0x4)
                0x20000330                __bss_start__ = .
 *(.bss*)
 .bss           0x20000330       0x1c c:/users/mosta/appdata/local/arduino15/packages/arduino/tools/arm-none-eabi-gcc/4.8.3-2014q1/bin/../lib/gcc/arm-none-eabi/4.8.3/armv6-m/crtbegin.o
 .bss.ii        0x2000034c        0x4 C:\Users\mosta\AppData\Local\Temp\VMBuilds\BulletCounter\arduino_zero_native\Debug\BulletCounter.cpp.o
                0x2000034c                ii
 .bss.T3        0x20000350        0x8 C:\Users\mosta\AppData\Local\Temp\VMBuilds\BulletCounter\arduino_zero_native\Debug\BulletCounter.cpp.o
                0x20000350                T3
 .bss.previousMillis
                0x20000358        0x4 C:\Users\mosta\AppData\Local\Temp\VMBuilds\BulletCounter\arduino_zero_native\Debug\BulletCounter.cpp.o
                0x20000358                previousMillis
 .bss.display   0x2000035c       0x28 C:\Users\mosta\AppData\Local\Temp\VMBuilds\BulletCounter\arduino_zero_native\Debug\BulletCounter.cpp.o
                0x2000035c                display
 .bss.updateCounter
                0x20000384        0x1 C:\Users\mosta\AppData\Local\Temp\VMBuilds\BulletCounter\arduino_zero_native\Debug\BulletCounter.cpp.o
                0x20000384                updateCounter
 *fill*         0x20000385        0x3 
 .bss.Wire      0x20000388      0x234 C:\Users\mosta\AppData\Local\Temp\VMBuilds\BulletCounter\arduino_zero_native\Debug\Wire\Wire.cpp.o
                0x20000388                Wire
 .bss._ZL20DEFAULT_SPI_SETTINGS
                0x200005bc        0x8 C:\Users\mosta\AppData\Local\Temp\VMBuilds\BulletCounter\arduino_zero_native\Debug\SPI\SPI.cpp.o
 .bss.SPI       0x200005c4       0x10 C:\Users\mosta\AppData\Local\Temp\VMBuilds\BulletCounter\arduino_zero_native\Debug\SPI\SPI.cpp.o
                0x200005c4                SPI
 .bss.Serial    0x200005d4      0x23c C:\Users\mosta\AppData\Local\Temp\VMBCore\arduino16x\57a4e9eac5a5a70d390ea49d157fec94\variant\variant.cpp.o
                0x200005d4                Serial
 .bss.Serial1   0x20000810      0x23c C:\Users\mosta\AppData\Local\Temp\VMBCore\arduino16x\57a4e9eac5a5a70d390ea49d157fec94\variant\variant.cpp.o
                0x20000810                Serial1
 .bss.sercom3   0x20000a4c        0x4 C:\Users\mosta\AppData\Local\Temp\VMBCore\arduino16x\57a4e9eac5a5a70d390ea49d157fec94\variant\variant.cpp.o
                0x20000a4c                sercom3
 .bss.sercom0   0x20000a50        0x4 C:\Users\mosta\AppData\Local\Temp\VMBCore\arduino16x\57a4e9eac5a5a70d390ea49d157fec94\variant\variant.cpp.o
                0x20000a50                sercom0
 .bss.sercom1   0x20000a54        0x4 C:\Users\mosta\AppData\Local\Temp\VMBCore\arduino16x\57a4e9eac5a5a70d390ea49d157fec94\variant\variant.cpp.o
                0x20000a54                sercom1
 .bss.sercom2   0x20000a58        0x4 C:\Users\mosta\AppData\Local\Temp\VMBCore\arduino16x\57a4e9eac5a5a70d390ea49d157fec94\variant\variant.cpp.o
                0x20000a58                sercom2
 .bss.sercom4   0x20000a5c        0x4 C:\Users\mosta\AppData\Local\Temp\VMBCore\arduino16x\57a4e9eac5a5a70d390ea49d157fec94\variant\variant.cpp.o
                0x20000a5c                sercom4
 .bss.sercom5   0x20000a60        0x4 C:\Users\mosta\AppData\Local\Temp\VMBCore\arduino16x\57a4e9eac5a5a70d390ea49d157fec94\variant\variant.cpp.o
                0x20000a60                sercom5
 .bss.usb_isr   0x20000a64        0x4 C:\Users\mosta\AppData\Local\Temp\VMBuilds\BulletCounter\arduino_zero_native\Debug/core.a(cortex_handlers.c.o)
 .bss._ulTickCount
                0x20000a68        0x4 C:\Users\mosta\AppData\Local\Temp\VMBuilds\BulletCounter\arduino_zero_native\Debug/core.a(delay.c.o)
 .bss.ISRcallback
                0x20000a6c       0x44 C:\Users\mosta\AppData\Local\Temp\VMBuilds\BulletCounter\arduino_zero_native\Debug/core.a(WInterrupts.c.o)
 .bss.ISRlist   0x20000ab0       0x44 C:\Users\mosta\AppData\Local\Temp\VMBuilds\BulletCounter\arduino_zero_native\Debug/core.a(WInterrupts.c.o)
 .bss.nints     0x20000af4        0x4 C:\Users\mosta\AppData\Local\Temp\VMBuilds\BulletCounter\arduino_zero_native\Debug/core.a(WInterrupts.c.o)
 .bss._ZL14isEndpointHalt
                0x20000af8        0x1 C:\Users\mosta\AppData\Local\Temp\VMBuilds\BulletCounter\arduino_zero_native\Debug/core.a(USBCore.cpp.o)
 .bss._pack_buffer
                0x20000af9      0x100 C:\Users\mosta\AppData\Local\Temp\VMBuilds\BulletCounter\arduino_zero_native\Debug/core.a(USBCore.cpp.o)
                0x20000af9                _pack_buffer
 *fill*         0x20000bf9        0x1 
 .bss._pack_size
                0x20000bfa        0x2 C:\Users\mosta\AppData\Local\Temp\VMBuilds\BulletCounter\arduino_zero_native\Debug/core.a(USBCore.cpp.o)
                0x20000bfa                _pack_size
 .bss._ZL20LastTransmitTimedOut
                0x20000bfc        0x7 C:\Users\mosta\AppData\Local\Temp\VMBuilds\BulletCounter\arduino_zero_native\Debug/core.a(USBCore.cpp.o)
 *fill*         0x20000c03        0x1 
 .bss._ZL22udd_ep_in_cache_buffer
                0x20000c04      0x1c0 C:\Users\mosta\AppData\Local\Temp\VMBuilds\BulletCounter\arduino_zero_native\Debug/core.a(USBCore.cpp.o)
 .bss._ZL10txLEDPulse
                0x20000dc4        0x1 C:\Users\mosta\AppData\Local\Temp\VMBuilds\BulletCounter\arduino_zero_native\Debug/core.a(USBCore.cpp.o)
 *fill*         0x20000dc5        0x3 
 .bss._ZL23udd_ep_out_cache_buffer
                0x20000dc8      0x1c0 C:\Users\mosta\AppData\Local\Temp\VMBuilds\BulletCounter\arduino_zero_native\Debug/core.a(USBCore.cpp.o)
 .bss._ZL10epHandlers
                0x20000f88       0x1c C:\Users\mosta\AppData\Local\Temp\VMBuilds\BulletCounter\arduino_zero_native\Debug/core.a(USBCore.cpp.o)
 .bss._pack_message
                0x20000fa4        0x1 C:\Users\mosta\AppData\Local\Temp\VMBuilds\BulletCounter\arduino_zero_native\Debug/core.a(USBCore.cpp.o)
                0x20000fa4                _pack_message
 .bss._ZL21isRemoteWakeUpEnabled
                0x20000fa5        0x1 C:\Users\mosta\AppData\Local\Temp\VMBuilds\BulletCounter\arduino_zero_native\Debug/core.a(USBCore.cpp.o)
 .bss._dry_run  0x20000fa6        0x1 C:\Users\mosta\AppData\Local\Temp\VMBuilds\BulletCounter\arduino_zero_native\Debug/core.a(USBCore.cpp.o)
                0x20000fa6                _dry_run
 .bss.USBDevice
                0x20000fa7        0x1 C:\Users\mosta\AppData\Local\Temp\VMBuilds\BulletCounter\arduino_zero_native\Debug/core.a(USBCore.cpp.o)
                0x20000fa7                USBDevice
 .bss._usbSetInterface
                0x20000fa8        0x4 C:\Users\mosta\AppData\Local\Temp\VMBuilds\BulletCounter\arduino_zero_native\Debug/core.a(USBCore.cpp.o)
                0x20000fa8                _usbSetInterface
 .bss._ZL10rxLEDPulse
                0x20000fac        0x1 C:\Users\mosta\AppData\Local\Temp\VMBuilds\BulletCounter\arduino_zero_native\Debug/core.a(USBCore.cpp.o)
 *fill*         0x20000fad        0x3 
 .bss.usbd      0x20000fb0      0x104 C:\Users\mosta\AppData\Local\Temp\VMBuilds\BulletCounter\arduino_zero_native\Debug/core.a(USBCore.cpp.o)
                0x20000fb0                usbd
 .bss._usbConfiguration
                0x200010b4        0x4 C:\Users\mosta\AppData\Local\Temp\VMBuilds\BulletCounter\arduino_zero_native\Debug/core.a(USBCore.cpp.o)
                0x200010b4                _usbConfiguration
 .bss.SerialUSB
                0x200010b8       0x1c C:\Users\mosta\AppData\Local\Temp\VMBuilds\BulletCounter\arduino_zero_native\Debug/core.a(CDC.cpp.o)
                0x200010b8                SerialUSB
 .bss._ZZ12PluggableUSBvE3obj
                0x200010d4        0x8 C:\Users\mosta\AppData\Local\Temp\VMBuilds\BulletCounter\arduino_zero_native\Debug/core.a(PluggableUSB.cpp.o)
 .bss._ZGVZ12PluggableUSBvE3obj
                0x200010dc        0x4 C:\Users\mosta\AppData\Local\Temp\VMBuilds\BulletCounter\arduino_zero_native\Debug/core.a(PluggableUSB.cpp.o)
 .bss.__malloc_sbrk_start
                0x200010e0        0x4 c:/users/mosta/appdata/local/arduino15/packages/arduino/tools/arm-none-eabi-gcc/4.8.3-2014q1/bin/../lib/gcc/arm-none-eabi/4.8.3/../../../../arm-none-eabi/lib/armv6-m\libc_s.a(lib_a-nano-mallocr.o)
                0x200010e0                __malloc_sbrk_start
 .bss.__malloc_free_list
                0x200010e4        0x4 c:/users/mosta/appdata/local/arduino15/packages/arduino/tools/arm-none-eabi-gcc/4.8.3-2014q1/bin/../lib/gcc/arm-none-eabi/4.8.3/../../../../arm-none-eabi/lib/armv6-m\libc_s.a(lib_a-nano-mallocr.o)
                0x200010e4                __malloc_free_list
 .bss.heap_end.4243
                0x200010e8        0x4 c:/users/mosta/appdata/local/arduino15/packages/arduino/tools/arm-none-eabi-gcc/4.8.3-2014q1/bin/../lib/gcc/arm-none-eabi/4.8.3/../../../../arm-none-eabi/lib/armv6-m\libnosys.a(sbrk.o)
 *(COMMON)
 COMMON         0x200010ec        0x4 c:/users/mosta/appdata/local/arduino15/packages/arduino/tools/arm-none-eabi-gcc/4.8.3-2014q1/bin/../lib/gcc/arm-none-eabi/4.8.3/../../../../arm-none-eabi/lib/armv6-m\libc_s.a(lib_a-reent.o)
                0x200010ec                errno
                0x200010f0                . = ALIGN (0x4)
                0x200010f0                __bss_end__ = .

.heap           0x200010f0        0x0
                0x200010f0                __end__ = .
                0x200010f0                PROVIDE (end, .)
 *(.heap*)
                0x200010f0                __HeapLimit = .

.stack_dummy    0x200010f0        0x0
 *(.stack*)
                0x20008000                __StackTop = (ORIGIN (RAM) + 0x8000)
                0x20008000                __StackLimit = (__StackTop - SIZEOF (.stack_dummy))
                0x20008000                PROVIDE (__stack, __StackTop)
                0x20007fff                __ram_end__ = ((ORIGIN (RAM) + 0x8000) - 0x1)
                0x00000001                ASSERT ((__StackLimit >= __HeapLimit), region RAM overflowed with stack)
OUTPUT(C:\Users\mosta\AppData\Local\Temp\VMBuilds\BulletCounter\arduino_zero_native\Debug/BulletCounter.ino.elf elf32-littlearm)

.ARM.attributes
                0x00000000       0x28
 .ARM.attributes
                0x00000000       0x1e c:/users/mosta/appdata/local/arduino15/packages/arduino/tools/arm-none-eabi-gcc/4.8.3-2014q1/bin/../lib/gcc/arm-none-eabi/4.8.3/armv6-m/crti.o
 .ARM.attributes
                0x0000001e       0x2c c:/users/mosta/appdata/local/arduino15/packages/arduino/tools/arm-none-eabi-gcc/4.8.3-2014q1/bin/../lib/gcc/arm-none-eabi/4.8.3/armv6-m/crtbegin.o
 .ARM.attributes
                0x0000004a       0x32 C:\Users\mosta\AppData\Local\Temp\VMBuilds\BulletCounter\arduino_zero_native\Debug\BulletCounter.cpp.o
 .ARM.attributes
                0x0000007c       0x32 C:\Users\mosta\AppData\Local\Temp\VMBuilds\BulletCounter\arduino_zero_native\Debug\SAMD21Timers.cpp.o
 .ARM.attributes
                0x000000ae       0x32 C:\Users\mosta\AppData\Local\Temp\VMBuilds\BulletCounter\arduino_zero_native\Debug\Wire\Wire.cpp.o
 .ARM.attributes